<?xml version="1.0" encoding="ISO-8859-1" ?>
<link_info>
   <banner>TMS320C2000 Linker PC v22.6.1.LTS</banner>
   <copyright>Copyright (c) 1996-2018 Texas Instruments Incorporated</copyright>
   <link_time>0x666ff542</link_time>
   <link_errors>0x0</link_errors>
   <output_file>Boot0037.out</output_file>
   <entry_point>
      <name>code_start</name>
      <address>0x80000</address>
   </entry_point>
   <input_file_list>
      <input_file id="fl-2">
         <path>.\Application\</path>
         <kind>object</kind>
         <file>BootAdcIsr.obj</file>
         <name>BootAdcIsr.obj</name>
      </input_file>
      <input_file id="fl-3">
         <path>.\Application\</path>
         <kind>object</kind>
         <file>BootAsmUtil.obj</file>
         <name>BootAsmUtil.obj</name>
      </input_file>
      <input_file id="fl-4">
         <path>.\Application\</path>
         <kind>object</kind>
         <file>BootCanSlave.obj</file>
         <name>BootCanSlave.obj</name>
      </input_file>
      <input_file id="fl-5">
         <path>.\Application\</path>
         <kind>object</kind>
         <file>BootIdleLoop.obj</file>
         <name>BootIdleLoop.obj</name>
      </input_file>
      <input_file id="fl-6">
         <path>.\Application\</path>
         <kind>object</kind>
         <file>BootMainApp.obj</file>
         <name>BootMainApp.obj</name>
      </input_file>
      <input_file id="fl-7">
         <path>.\Application\</path>
         <kind>object</kind>
         <file>BootObjectDict.obj</file>
         <name>BootObjectDict.obj</name>
      </input_file>
      <input_file id="fl-8">
         <path>.\Application\</path>
         <kind>object</kind>
         <file>BootTimerArr.obj</file>
         <name>BootTimerArr.obj</name>
      </input_file>
      <input_file id="fl-9">
         <path>.\Drivers\</path>
         <kind>object</kind>
         <file>BootAdc.obj</file>
         <name>BootAdc.obj</name>
      </input_file>
      <input_file id="fl-a">
         <path>.\Drivers\</path>
         <kind>object</kind>
         <file>BootFlashDrv.obj</file>
         <name>BootFlashDrv.obj</name>
      </input_file>
      <input_file id="fl-b">
         <path>.\Drivers\</path>
         <kind>object</kind>
         <file>BootLowLevel.obj</file>
         <name>BootLowLevel.obj</name>
      </input_file>
      <input_file id="fl-c">
         <path>.\Drivers\</path>
         <kind>object</kind>
         <file>BootPinMux.obj</file>
         <name>BootPinMux.obj</name>
      </input_file>
      <input_file id="fl-d">
         <path>.\Drivers\</path>
         <kind>object</kind>
         <file>BootPrjMCAN.obj</file>
         <name>BootPrjMCAN.obj</name>
      </input_file>
      <input_file id="fl-e">
         <path>.\Drivers\</path>
         <kind>object</kind>
         <file>BootPwmDrive.obj</file>
         <name>BootPwmDrive.obj</name>
      </input_file>
      <input_file id="fl-f">
         <path>.\driverlib\</path>
         <kind>object</kind>
         <file>adc.obj</file>
         <name>adc.obj</name>
      </input_file>
      <input_file id="fl-10">
         <path>.\driverlib\</path>
         <kind>object</kind>
         <file>aes.obj</file>
         <name>aes.obj</name>
      </input_file>
      <input_file id="fl-11">
         <path>.\driverlib\</path>
         <kind>object</kind>
         <file>asysctl.obj</file>
         <name>asysctl.obj</name>
      </input_file>
      <input_file id="fl-12">
         <path>.\driverlib\</path>
         <kind>object</kind>
         <file>bgcrc.obj</file>
         <name>bgcrc.obj</name>
      </input_file>
      <input_file id="fl-13">
         <path>.\driverlib\</path>
         <kind>object</kind>
         <file>can.obj</file>
         <name>can.obj</name>
      </input_file>
      <input_file id="fl-14">
         <path>.\driverlib\</path>
         <kind>object</kind>
         <file>cla.obj</file>
         <name>cla.obj</name>
      </input_file>
      <input_file id="fl-15">
         <path>.\driverlib\</path>
         <kind>object</kind>
         <file>clb.obj</file>
         <name>clb.obj</name>
      </input_file>
      <input_file id="fl-16">
         <path>.\driverlib\</path>
         <kind>object</kind>
         <file>cmpss.obj</file>
         <name>cmpss.obj</name>
      </input_file>
      <input_file id="fl-17">
         <path>.\driverlib\</path>
         <kind>object</kind>
         <file>cputimer.obj</file>
         <name>cputimer.obj</name>
      </input_file>
      <input_file id="fl-18">
         <path>.\driverlib\</path>
         <kind>object</kind>
         <file>dac.obj</file>
         <name>dac.obj</name>
      </input_file>
      <input_file id="fl-19">
         <path>.\driverlib\</path>
         <kind>object</kind>
         <file>dcc.obj</file>
         <name>dcc.obj</name>
      </input_file>
      <input_file id="fl-1a">
         <path>.\driverlib\</path>
         <kind>object</kind>
         <file>dcsm.obj</file>
         <name>dcsm.obj</name>
      </input_file>
      <input_file id="fl-1b">
         <path>.\driverlib\</path>
         <kind>object</kind>
         <file>dma.obj</file>
         <name>dma.obj</name>
      </input_file>
      <input_file id="fl-1c">
         <path>.\driverlib\</path>
         <kind>object</kind>
         <file>ecap.obj</file>
         <name>ecap.obj</name>
      </input_file>
      <input_file id="fl-1d">
         <path>.\driverlib\</path>
         <kind>object</kind>
         <file>epg.obj</file>
         <name>epg.obj</name>
      </input_file>
      <input_file id="fl-1e">
         <path>.\driverlib\</path>
         <kind>object</kind>
         <file>epwm.obj</file>
         <name>epwm.obj</name>
      </input_file>
      <input_file id="fl-1f">
         <path>.\driverlib\</path>
         <kind>object</kind>
         <file>eqep.obj</file>
         <name>eqep.obj</name>
      </input_file>
      <input_file id="fl-20">
         <path>.\driverlib\</path>
         <kind>object</kind>
         <file>erad.obj</file>
         <name>erad.obj</name>
      </input_file>
      <input_file id="fl-21">
         <path>.\driverlib\</path>
         <kind>object</kind>
         <file>flash.obj</file>
         <name>flash.obj</name>
      </input_file>
      <input_file id="fl-22">
         <path>.\driverlib\</path>
         <kind>object</kind>
         <file>fsi.obj</file>
         <name>fsi.obj</name>
      </input_file>
      <input_file id="fl-23">
         <path>.\driverlib\</path>
         <kind>object</kind>
         <file>gpio.obj</file>
         <name>gpio.obj</name>
      </input_file>
      <input_file id="fl-24">
         <path>.\driverlib\</path>
         <kind>object</kind>
         <file>hic.obj</file>
         <name>hic.obj</name>
      </input_file>
      <input_file id="fl-25">
         <path>.\driverlib\</path>
         <kind>object</kind>
         <file>hrcap.obj</file>
         <name>hrcap.obj</name>
      </input_file>
      <input_file id="fl-26">
         <path>.\driverlib\</path>
         <kind>object</kind>
         <file>hrpwm.obj</file>
         <name>hrpwm.obj</name>
      </input_file>
      <input_file id="fl-27">
         <path>.\driverlib\</path>
         <kind>object</kind>
         <file>i2c.obj</file>
         <name>i2c.obj</name>
      </input_file>
      <input_file id="fl-28">
         <path>.\driverlib\</path>
         <kind>object</kind>
         <file>interrupt.obj</file>
         <name>interrupt.obj</name>
      </input_file>
      <input_file id="fl-29">
         <path>.\driverlib\</path>
         <kind>object</kind>
         <file>lin.obj</file>
         <name>lin.obj</name>
      </input_file>
      <input_file id="fl-2a">
         <path>.\driverlib\</path>
         <kind>object</kind>
         <file>mcan.obj</file>
         <name>mcan.obj</name>
      </input_file>
      <input_file id="fl-2b">
         <path>.\driverlib\</path>
         <kind>object</kind>
         <file>memcfg.obj</file>
         <name>memcfg.obj</name>
      </input_file>
      <input_file id="fl-2c">
         <path>.\driverlib\</path>
         <kind>object</kind>
         <file>pmbus.obj</file>
         <name>pmbus.obj</name>
      </input_file>
      <input_file id="fl-2d">
         <path>.\driverlib\</path>
         <kind>object</kind>
         <file>sci.obj</file>
         <name>sci.obj</name>
      </input_file>
      <input_file id="fl-2e">
         <path>.\driverlib\</path>
         <kind>object</kind>
         <file>sdfm.obj</file>
         <name>sdfm.obj</name>
      </input_file>
      <input_file id="fl-2f">
         <path>.\driverlib\</path>
         <kind>object</kind>
         <file>spi.obj</file>
         <name>spi.obj</name>
      </input_file>
      <input_file id="fl-30">
         <path>.\driverlib\</path>
         <kind>object</kind>
         <file>sysctl.obj</file>
         <name>sysctl.obj</name>
      </input_file>
      <input_file id="fl-31">
         <path>.\driverlib\</path>
         <kind>object</kind>
         <file>version.obj</file>
         <name>version.obj</name>
      </input_file>
      <input_file id="fl-32">
         <path>.\driverlib\</path>
         <kind>object</kind>
         <file>xbar.obj</file>
         <name>xbar.obj</name>
      </input_file>
      <input_file id="fl-33">
         <path>.\f28003x\common\source\</path>
         <kind>object</kind>
         <file>f28003x_codestartbranch.obj</file>
         <name>f28003x_codestartbranch.obj</name>
      </input_file>
      <input_file id="fl-34">
         <path>.\f28003x\common\source\</path>
         <kind>object</kind>
         <file>f28003x_dbgier.obj</file>
         <name>f28003x_dbgier.obj</name>
      </input_file>
      <input_file id="fl-35">
         <path>.\f28003x\common\source\</path>
         <kind>object</kind>
         <file>f28003x_usdelay.obj</file>
         <name>f28003x_usdelay.obj</name>
      </input_file>
      <input_file id="fl-36">
         <path>.\f28003x\headers\source\</path>
         <kind>object</kind>
         <file>f28003x_globalvariabledefs.obj</file>
         <name>f28003x_globalvariabledefs.obj</name>
      </input_file>
      <input_file id="fl-3e">
         <kind>object</kind>
         <file>&lt;internal&gt;</file>
         <name>&lt;internal&gt;</name>
      </input_file>
      <input_file id="fl-3f">
         <path>..\Ti\</path>
         <kind>archive</kind>
         <file>FAPI_F28003x_EABI_v1.58.01.lib</file>
         <name>Async.obj</name>
      </input_file>
      <input_file id="fl-40">
         <path>..\Ti\</path>
         <kind>archive</kind>
         <file>FAPI_F28003x_EABI_v1.58.01.lib</file>
         <name>Program.obj</name>
      </input_file>
      <input_file id="fl-41">
         <path>..\Ti\</path>
         <kind>archive</kind>
         <file>FAPI_F28003x_EABI_v1.58.01.lib</file>
         <name>BlankCheck.obj</name>
      </input_file>
      <input_file id="fl-42">
         <path>..\Ti\</path>
         <kind>archive</kind>
         <file>FAPI_F28003x_EABI_v1.58.01.lib</file>
         <name>Read.obj</name>
      </input_file>
      <input_file id="fl-43">
         <path>..\Ti\</path>
         <kind>archive</kind>
         <file>FAPI_F28003x_EABI_v1.58.01.lib</file>
         <name>Verify.obj</name>
      </input_file>
      <input_file id="fl-44">
         <path>..\Ti\</path>
         <kind>archive</kind>
         <file>FAPI_F28003x_EABI_v1.58.01.lib</file>
         <name>FlashStateMachine.obj</name>
      </input_file>
      <input_file id="fl-45">
         <path>..\Ti\</path>
         <kind>archive</kind>
         <file>FAPI_F28003x_EABI_v1.58.01.lib</file>
         <name>Init.obj</name>
      </input_file>
      <input_file id="fl-46">
         <path>..\Ti\</path>
         <kind>archive</kind>
         <file>FAPI_F28003x_EABI_v1.58.01.lib</file>
         <name>Utilities.obj</name>
      </input_file>
      <input_file id="fl-52">
         <path>C:\ti\ccs1260\ccs\tools\compiler\ti-cgt-c2000_22.6.1.LTS\lib\</path>
         <kind>archive</kind>
         <file>rts2800_fpu32_eabi.lib</file>
         <name>boot28.asm.obj</name>
      </input_file>
      <input_file id="fl-53">
         <path>C:\ti\ccs1260\ccs\tools\compiler\ti-cgt-c2000_22.6.1.LTS\lib\</path>
         <kind>archive</kind>
         <file>rts2800_fpu32_eabi.lib</file>
         <name>ll_cmp28.asm.obj</name>
      </input_file>
      <input_file id="fl-54">
         <path>C:\ti\ccs1260\ccs\tools\compiler\ti-cgt-c2000_22.6.1.LTS\lib\</path>
         <kind>archive</kind>
         <file>rts2800_fpu32_eabi.lib</file>
         <name>fs_toullfpu32.asm.obj</name>
      </input_file>
      <input_file id="fl-55">
         <path>C:\ti\ccs1260\ccs\tools\compiler\ti-cgt-c2000_22.6.1.LTS\lib\</path>
         <kind>archive</kind>
         <file>rts2800_fpu32_eabi.lib</file>
         <name>memcpy.c.obj</name>
      </input_file>
      <input_file id="fl-56">
         <path>C:\ti\ccs1260\ccs\tools\compiler\ti-cgt-c2000_22.6.1.LTS\lib\</path>
         <kind>archive</kind>
         <file>rts2800_fpu32_eabi.lib</file>
         <name>pre_init.c.obj</name>
      </input_file>
      <input_file id="fl-57">
         <path>C:\ti\ccs1260\ccs\tools\compiler\ti-cgt-c2000_22.6.1.LTS\lib\</path>
         <kind>archive</kind>
         <file>rts2800_fpu32_eabi.lib</file>
         <name>autoinit.c.obj</name>
      </input_file>
      <input_file id="fl-58">
         <path>C:\ti\ccs1260\ccs\tools\compiler\ti-cgt-c2000_22.6.1.LTS\lib\</path>
         <kind>archive</kind>
         <file>rts2800_fpu32_eabi.lib</file>
         <name>copy_zero_init.c.obj</name>
      </input_file>
      <input_file id="fl-59">
         <path>C:\ti\ccs1260\ccs\tools\compiler\ti-cgt-c2000_22.6.1.LTS\lib\</path>
         <kind>archive</kind>
         <file>rts2800_fpu32_eabi.lib</file>
         <name>copy_decompress_none.c.obj</name>
      </input_file>
      <input_file id="fl-5a">
         <path>C:\ti\ccs1260\ccs\tools\compiler\ti-cgt-c2000_22.6.1.LTS\lib\</path>
         <kind>archive</kind>
         <file>rts2800_fpu32_eabi.lib</file>
         <name>copy_decompress_lzss.c.obj</name>
      </input_file>
      <input_file id="fl-5b">
         <path>C:\ti\ccs1260\ccs\tools\compiler\ti-cgt-c2000_22.6.1.LTS\lib\</path>
         <kind>archive</kind>
         <file>rts2800_fpu32_eabi.lib</file>
         <name>exit.c.obj</name>
      </input_file>
      <input_file id="fl-5c">
         <path>C:\ti\ccs1260\ccs\tools\compiler\ti-cgt-c2000_22.6.1.LTS\lib\</path>
         <kind>archive</kind>
         <file>rts2800_fpu32_eabi.lib</file>
         <name>_lock.c.obj</name>
      </input_file>
      <input_file id="fl-5d">
         <path>C:\ti\ccs1260\ccs\tools\compiler\ti-cgt-c2000_22.6.1.LTS\lib\</path>
         <kind>archive</kind>
         <file>rts2800_fpu32_eabi.lib</file>
         <name>args_main.c.obj</name>
      </input_file>
      <input_file id="fl-5e">
         <path>C:\ti\ccs1260\ccs\tools\compiler\ti-cgt-c2000_22.6.1.LTS\lib\</path>
         <kind>archive</kind>
         <file>rts2800_fpu32_eabi.lib</file>
         <name>memset.c.obj</name>
      </input_file>
      <input_file id="fl-5f">
         <path>C:\ti\ccs1260\ccs\tools\compiler\ti-cgt-c2000_22.6.1.LTS\lib\</path>
         <kind>archive</kind>
         <file>rts2800_fpu32_eabi.lib</file>
         <name>cpy_tbl.c.obj</name>
      </input_file>
      <input_file id="fl-60">
         <path>C:\ti\ccs1260\ccs\tools\compiler\ti-cgt-c2000_22.6.1.LTS\lib\</path>
         <kind>archive</kind>
         <file>rts2800_fpu32_eabi.lib</file>
         <name>startup.c.obj</name>
      </input_file>
   </input_file_list>
   <object_component_list>
      <object_component id="oc-a8">
         <name>codestart</name>
         <load_address>0x80000</load_address>
         <run_address>0x80000</run_address>
         <size>0x2</size>
         <input_file_ref idref="fl-33"/>
      </object_component>
      <object_component id="oc-26b">
         <name>.text:CanSlave</name>
         <load_address>0x80008</load_address>
         <run_address>0x80008</run_address>
         <size>0x233</size>
         <input_file_ref idref="fl-4"/>
      </object_component>
      <object_component id="oc-2f8">
         <name>.text:MCAN_msgRAMConfig</name>
         <load_address>0x8023b</load_address>
         <run_address>0x8023b</run_address>
         <size>0x183</size>
         <input_file_ref idref="fl-2a"/>
      </object_component>
      <object_component id="oc-238">
         <name>.text:setupMCAN</name>
         <load_address>0x803be</load_address>
         <run_address>0x803be</run_address>
         <size>0x155</size>
         <input_file_ref idref="fl-d"/>
      </object_component>
      <object_component id="oc-1c4">
         <name>.text:InitPeripherals</name>
         <load_address>0x80513</load_address>
         <run_address>0x80513</run_address>
         <size>0x137</size>
         <input_file_ref idref="fl-b"/>
      </object_component>
      <object_component id="oc-21a">
         <name>.text:SysCtl_setClock</name>
         <load_address>0x8064a</load_address>
         <run_address>0x8064a</run_address>
         <size>0x108</size>
         <input_file_ref idref="fl-30"/>
      </object_component>
      <object_component id="oc-256">
         <name>.text:setupGpio</name>
         <load_address>0x80752</load_address>
         <run_address>0x80752</run_address>
         <size>0x107</size>
         <input_file_ref idref="fl-c"/>
      </object_component>
      <object_component id="oc-2bf">
         <name>.text:SysCtl_isPLLValid</name>
         <load_address>0x80859</load_address>
         <run_address>0x80859</run_address>
         <size>0xee</size>
         <input_file_ref idref="fl-30"/>
      </object_component>
      <object_component id="oc-3f5">
         <name>.text:SetFwCmd</name>
         <load_address>0x80947</load_address>
         <run_address>0x80947</run_address>
         <size>0xe2</size>
         <input_file_ref idref="fl-7"/>
      </object_component>
      <object_component id="oc-df">
         <name>.text:RtCanService</name>
         <load_address>0x80a29</load_address>
         <run_address>0x80a29</run_address>
         <size>0xd7</size>
         <input_file_ref idref="fl-d"/>
      </object_component>
      <object_component id="oc-118">
         <name>.text:RTDealBlockUpload</name>
         <load_address>0x80b00</load_address>
         <run_address>0x80b00</run_address>
         <size>0xcf</size>
         <input_file_ref idref="fl-d"/>
      </object_component>
      <object_component id="oc-2ec">
         <name>.text:MCAN_init</name>
         <load_address>0x80bcf</load_address>
         <run_address>0x80bcf</run_address>
         <size>0xc9</size>
         <input_file_ref idref="fl-2a"/>
      </object_component>
      <object_component id="oc-22c">
         <name>.text:SetupADCs</name>
         <load_address>0x80c98</load_address>
         <run_address>0x80c98</run_address>
         <size>0xaa</size>
         <input_file_ref idref="fl-9"/>
      </object_component>
      <object_component id="oc-2f2">
         <name>.text:MCAN_setBitTime</name>
         <load_address>0x80d42</load_address>
         <run_address>0x80d42</run_address>
         <size>0xa7</size>
         <input_file_ref idref="fl-2a"/>
      </object_component>
      <object_component id="oc-37b">
         <name>.text:DealBlockDloadRt</name>
         <load_address>0x80de9</load_address>
         <run_address>0x80de9</run_address>
         <size>0x98</size>
         <input_file_ref idref="fl-d"/>
      </object_component>
      <object_component id="oc-1b5">
         <name>.text:ApplyIdentity</name>
         <load_address>0x80e81</load_address>
         <run_address>0x80e81</run_address>
         <size>0x75</size>
         <input_file_ref idref="fl-6"/>
      </object_component>
      <object_component id="oc-502">
         <name>.text:Interrupt_clearIFR</name>
         <load_address>0x80ef6</load_address>
         <run_address>0x80ef6</run_address>
         <size>0x74</size>
         <input_file_ref idref="fl-28"/>
      </object_component>
      <object_component id="oc-33f">
         <name>.text:AddSdo2Buf</name>
         <load_address>0x80f6a</load_address>
         <run_address>0x80f6a</run_address>
         <size>0x73</size>
         <input_file_ref idref="fl-4"/>
      </object_component>
      <object_component id="oc-b9">
         <name>.text:SetupIsr</name>
         <load_address>0x80fdd</load_address>
         <run_address>0x80fdd</run_address>
         <size>0x60</size>
         <input_file_ref idref="fl-b"/>
      </object_component>
      <object_component id="oc-351">
         <name>.text:SlaveSdoUploadSegmented</name>
         <load_address>0x8103d</load_address>
         <run_address>0x8103d</run_address>
         <size>0x5b</size>
         <input_file_ref idref="fl-4"/>
      </object_component>
      <object_component id="oc-24a">
         <name>.text:SetupPWM</name>
         <load_address>0x81098</load_address>
         <run_address>0x81098</run_address>
         <size>0x5a</size>
         <input_file_ref idref="fl-e"/>
      </object_component>
      <object_component id="oc-b3">
         <name>.text:AdcIsr</name>
         <load_address>0x810f2</load_address>
         <run_address>0x810f2</run_address>
         <size>0x55</size>
         <input_file_ref idref="fl-2"/>
      </object_component>
      <object_component id="oc-187">
         <name>.text:main</name>
         <load_address>0x81147</load_address>
         <run_address>0x81147</run_address>
         <size>0x55</size>
         <input_file_ref idref="fl-6"/>
      </object_component>
      <object_component id="oc-1af">
         <name>.text:TestProgramValid</name>
         <load_address>0x8119c</load_address>
         <run_address>0x8119c</run_address>
         <size>0x4f</size>
         <input_file_ref idref="fl-6"/>
      </object_component>
      <object_component id="oc-4ad">
         <name>.text:Interrupt_disable</name>
         <load_address>0x811eb</load_address>
         <run_address>0x811eb</run_address>
         <size>0x4a</size>
         <input_file_ref idref="fl-28"/>
      </object_component>
      <object_component id="oc-1be">
         <name>.text:InitAppData</name>
         <load_address>0x81235</load_address>
         <run_address>0x81235</run_address>
         <size>0x42</size>
         <input_file_ref idref="fl-6"/>
      </object_component>
      <object_component id="oc-20e">
         <name>.text:Interrupt_initModule</name>
         <load_address>0x81277</load_address>
         <run_address>0x81277</run_address>
         <size>0x41</size>
         <input_file_ref idref="fl-28"/>
      </object_component>
      <object_component id="oc-112">
         <name>.text:SetMsg2HW</name>
         <load_address>0x812b8</load_address>
         <run_address>0x812b8</run_address>
         <size>0x41</size>
         <input_file_ref idref="fl-d"/>
      </object_component>
      <object_component id="oc-31c">
         <name>.text:GPIO_setPadConfig</name>
         <load_address>0x812f9</load_address>
         <run_address>0x812f9</run_address>
         <size>0x3f</size>
         <input_file_ref idref="fl-23"/>
      </object_component>
      <object_component id="oc-244">
         <name>.text:SetupPwmPacer</name>
         <load_address>0x81338</load_address>
         <run_address>0x81338</run_address>
         <size>0x3a</size>
         <input_file_ref idref="fl-e"/>
      </object_component>
      <object_component id="oc-10c">
         <name>.text:BlockUploadConfirmService</name>
         <load_address>0x81372</load_address>
         <run_address>0x81372</run_address>
         <size>0x39</size>
         <input_file_ref idref="fl-d"/>
      </object_component>
      <object_component id="oc-e7">
         <name>.text:Interrupt_enable</name>
         <load_address>0x813ab</load_address>
         <run_address>0x813ab</run_address>
         <size>0x36</size>
         <input_file_ref idref="fl-28"/>
      </object_component>
      <object_component id="oc-375">
         <name>.text:SlaveSdoConfirmInitDloadBlock</name>
         <load_address>0x813e1</load_address>
         <run_address>0x813e1</run_address>
         <size>0x36</size>
         <input_file_ref idref="fl-4"/>
      </object_component>
      <object_component id="oc-1ca">
         <name>.text:CfgBlockTransport</name>
         <load_address>0x81417</load_address>
         <run_address>0x81417</run_address>
         <size>0x32</size>
         <input_file_ref idref="fl-6"/>
      </object_component>
      <object_component id="oc-3fb">
         <name>.text:GetFwCmd</name>
         <load_address>0x81449</load_address>
         <run_address>0x81449</run_address>
         <size>0x31</size>
         <input_file_ref idref="fl-7"/>
      </object_component>
      <object_component id="oc-310">
         <name>.text:GPIO_setPinConfig</name>
         <load_address>0x8147a</load_address>
         <run_address>0x8147a</run_address>
         <size>0x30</size>
         <input_file_ref idref="fl-23"/>
      </object_component>
      <object_component id="oc-35d">
         <name>.text:SlaveSdoConfirmInitUploadBlock</name>
         <load_address>0x814aa</load_address>
         <run_address>0x814aa</run_address>
         <size>0x30</size>
         <input_file_ref idref="fl-4"/>
      </object_component>
      <object_component id="oc-9b">
         <name>.text:decompress:lzss</name>
         <load_address>0x814da</load_address>
         <run_address>0x814da</run_address>
         <size>0x30</size>
         <input_file_ref idref="fl-5a"/>
      </object_component>
      <object_component id="oc-47a">
         <name>.text:KillCLA</name>
         <load_address>0x8150a</load_address>
         <run_address>0x8150a</run_address>
         <size>0x2f</size>
         <input_file_ref idref="fl-7"/>
      </object_component>
      <object_component id="oc-3a3">
         <name>.text:SysCtl_selectXTAL</name>
         <load_address>0x81539</load_address>
         <run_address>0x81539</run_address>
         <size>0x2f</size>
         <input_file_ref idref="fl-30"/>
      </object_component>
      <object_component id="oc-25e">
         <name>.text:PutCanSlaveQueue</name>
         <load_address>0x81568</load_address>
         <run_address>0x81568</run_address>
         <size>0x2e</size>
         <input_file_ref idref="fl-4"/>
      </object_component>
      <object_component id="oc-2b9">
         <name>.text:SysCtl_selectOscSource</name>
         <load_address>0x81596</load_address>
         <run_address>0x81596</run_address>
         <size>0x2d</size>
         <input_file_ref idref="fl-30"/>
      </object_component>
      <object_component id="oc-301">
         <name>.text:MCAN_addStdMsgIDFilter</name>
         <load_address>0x815c3</load_address>
         <run_address>0x815c3</run_address>
         <size>0x2b</size>
         <input_file_ref idref="fl-2a"/>
      </object_component>
      <object_component id="oc-157">
         <name>.text:__TI_auto_init_nobinit_nopinit</name>
         <load_address>0x815ee</load_address>
         <run_address>0x815ee</run_address>
         <size>0x2b</size>
         <input_file_ref idref="fl-57"/>
      </object_component>
      <object_component id="oc-348">
         <name>.text:GetObjIndex</name>
         <load_address>0x81619</load_address>
         <run_address>0x81619</run_address>
         <size>0x2a</size>
         <input_file_ref idref="fl-7"/>
      </object_component>
      <object_component id="oc-2d1">
         <name>.text:SetAdcMux</name>
         <load_address>0x81643</load_address>
         <run_address>0x81643</run_address>
         <size>0x2a</size>
         <input_file_ref idref="fl-c"/>
      </object_component>
      <object_component id="oc-13d">
         <name>.text</name>
         <load_address>0x8166d</load_address>
         <run_address>0x8166d</run_address>
         <size>0x29</size>
         <input_file_ref idref="fl-5b"/>
      </object_component>
      <object_component id="oc-401">
         <name>.text:SetFwDataBuf</name>
         <load_address>0x81696</load_address>
         <run_address>0x81696</run_address>
         <size>0x26</size>
         <input_file_ref idref="fl-7"/>
      </object_component>
      <object_component id="oc-2e0">
         <name>.text:setupGpioCAN</name>
         <load_address>0x816bc</load_address>
         <run_address>0x816bc</run_address>
         <size>0x26</size>
         <input_file_ref idref="fl-c"/>
      </object_component>
      <object_component id="oc-1d6">
         <name>.text:IdleLoop</name>
         <load_address>0x816e2</load_address>
         <run_address>0x816e2</run_address>
         <size>0x25</size>
         <input_file_ref idref="fl-5"/>
      </object_component>
      <object_component id="oc-384">
         <name>.text</name>
         <load_address>0x81707</load_address>
         <run_address>0x81707</run_address>
         <size>0x25</size>
         <input_file_ref idref="fl-54"/>
      </object_component>
      <object_component id="oc-277">
         <name>.text:SetSysTimerTargetSec</name>
         <load_address>0x8172c</load_address>
         <run_address>0x8172c</run_address>
         <size>0x24</size>
         <input_file_ref idref="fl-8"/>
      </object_component>
      <object_component id="oc-44b">
         <name>.text:SafeProgramFlash</name>
         <load_address>0x81750</load_address>
         <run_address>0x81750</run_address>
         <size>0x23</size>
         <input_file_ref idref="fl-7"/>
      </object_component>
      <object_component id="oc-369">
         <name>.text:SlaveSdoConfirmInitUploadExpedit</name>
         <load_address>0x81773</load_address>
         <run_address>0x81773</run_address>
         <size>0x23</size>
         <input_file_ref idref="fl-4"/>
      </object_component>
      <object_component id="oc-322">
         <name>.text:GPIO_setQualificationMode</name>
         <load_address>0x81796</load_address>
         <run_address>0x81796</run_address>
         <size>0x22</size>
         <input_file_ref idref="fl-23"/>
      </object_component>
      <object_component id="oc-316">
         <name>.text:GPIO_setDirectionMode</name>
         <load_address>0x817b8</load_address>
         <run_address>0x817b8</run_address>
         <size>0x20</size>
         <input_file_ref idref="fl-23"/>
      </object_component>
      <object_component id="oc-32d">
         <name>.text:SetExtendedBootUpMessage</name>
         <load_address>0x817d8</load_address>
         <run_address>0x817d8</run_address>
         <size>0x1f</size>
         <input_file_ref idref="fl-d"/>
      </object_component>
      <object_component id="oc-432">
         <name>.text:SysCtl_pollX1Counter</name>
         <load_address>0x817f7</load_address>
         <run_address>0x817f7</run_address>
         <size>0x1f</size>
         <input_file_ref idref="fl-30"/>
      </object_component>
      <object_component id="oc-333">
         <name>.text:AbortSlaveSdo</name>
         <load_address>0x81816</load_address>
         <run_address>0x81816</run_address>
         <size>0x1e</size>
         <input_file_ref idref="fl-4"/>
      </object_component>
      <object_component id="oc-38a">
         <name>.text</name>
         <load_address>0x81834</load_address>
         <run_address>0x81834</run_address>
         <size>0x1e</size>
         <input_file_ref idref="fl-53"/>
      </object_component>
      <object_component id="oc-c2">
         <name>.text</name>
         <load_address>0x81852</load_address>
         <run_address>0x81852</run_address>
         <size>0x1d</size>
         <input_file_ref idref="fl-55"/>
      </object_component>
      <object_component id="oc-1f6">
         <name>.text</name>
         <load_address>0x8186f</load_address>
         <run_address>0x8186f</run_address>
         <size>0x1c</size>
         <input_file_ref idref="fl-3"/>
      </object_component>
      <object_component id="oc-207">
         <name>.text:InitTimeOuts</name>
         <load_address>0x8188b</load_address>
         <run_address>0x8188b</run_address>
         <size>0x1c</size>
         <input_file_ref idref="fl-6"/>
      </object_component>
      <object_component id="oc-27d">
         <name>.text:IsSysTimerElapse</name>
         <load_address>0x818a7</load_address>
         <run_address>0x818a7</run_address>
         <size>0x1c</size>
         <input_file_ref idref="fl-8"/>
      </object_component>
      <object_component id="oc-339">
         <name>.text:SlaveSdoEndOfSubBlock</name>
         <load_address>0x818c3</load_address>
         <run_address>0x818c3</run_address>
         <size>0x1c</size>
         <input_file_ref idref="fl-4"/>
      </object_component>
      <object_component id="oc-39d">
         <name>.text:SysCtl_selectXTALSingleEnded</name>
         <load_address>0x818df</load_address>
         <run_address>0x818df</run_address>
         <size>0x1c</size>
         <input_file_ref idref="fl-30"/>
      </object_component>
      <object_component id="oc-250">
         <name>.text:SetGateDriveEable</name>
         <load_address>0x818fb</load_address>
         <run_address>0x818fb</run_address>
         <size>0x1</size>
         <input_file_ref idref="fl-e"/>
      </object_component>
      <object_component id="oc-201">
         <name>.text:InitSystemTimer</name>
         <load_address>0x818fc</load_address>
         <run_address>0x818fc</run_address>
         <size>0x1b</size>
         <input_file_ref idref="fl-8"/>
      </object_component>
      <object_component id="oc-23e">
         <name>.text:KillMotor</name>
         <load_address>0x81917</load_address>
         <run_address>0x81917</run_address>
         <size>0x1b</size>
         <input_file_ref idref="fl-e"/>
      </object_component>
      <object_component id="oc-457">
         <name>.text:SafeEraseFlash</name>
         <load_address>0x81932</load_address>
         <run_address>0x81932</run_address>
         <size>0x1b</size>
         <input_file_ref idref="fl-7"/>
      </object_component>
      <object_component id="oc-3b4">
         <name>.text:ADC_setOffsetTrimAll</name>
         <load_address>0x8194d</load_address>
         <run_address>0x8194d</run_address>
         <size>0x1a</size>
         <input_file_ref idref="fl-f"/>
      </object_component>
      <object_component id="oc-2cb">
         <name>.text:ADC_setVREF</name>
         <load_address>0x81967</load_address>
         <run_address>0x81967</run_address>
         <size>0x19</size>
         <input_file_ref idref="fl-f"/>
      </object_component>
      <object_component id="oc-45d">
         <name>.text:SafePrepFlash</name>
         <load_address>0x81980</load_address>
         <run_address>0x81980</run_address>
         <size>0x19</size>
         <input_file_ref idref="fl-7"/>
      </object_component>
      <object_component id="oc-4a3">
         <name>.text:SetSysTimerTarget</name>
         <load_address>0x81999</load_address>
         <run_address>0x81999</run_address>
         <size>0x18</size>
         <input_file_ref idref="fl-8"/>
      </object_component>
      <object_component id="oc-363">
         <name>.text:SlaveSdoConfirmInitUploadSegmented</name>
         <load_address>0x819b1</load_address>
         <run_address>0x819b1</run_address>
         <size>0x18</size>
         <input_file_ref idref="fl-4"/>
      </object_component>
      <object_component id="oc-463">
         <name>.text:WaitStam</name>
         <load_address>0x819c9</load_address>
         <run_address>0x819c9</run_address>
         <size>0x18</size>
         <input_file_ref idref="fl-8"/>
      </object_component>
      <object_component id="oc-36f">
         <name>.text:SlaveSdoConfirmInitDload</name>
         <load_address>0x819e1</load_address>
         <run_address>0x819e1</run_address>
         <size>0x17</size>
         <input_file_ref idref="fl-4"/>
      </object_component>
      <object_component id="oc-100">
         <name>.text</name>
         <load_address>0x819f8</load_address>
         <run_address>0x819f8</run_address>
         <size>0x17</size>
         <input_file_ref idref="fl-52"/>
      </object_component>
      <object_component id="oc-1d0">
         <name>.text:SetBootUpMessage</name>
         <load_address>0x81a0f</load_address>
         <run_address>0x81a0f</run_address>
         <size>0x16</size>
         <input_file_ref idref="fl-d"/>
      </object_component>
      <object_component id="oc-451">
         <name>.text:TestFlashAddress</name>
         <load_address>0x81a25</load_address>
         <run_address>0x81a25</run_address>
         <size>0x16</size>
         <input_file_ref idref="fl-7"/>
      </object_component>
      <object_component id="oc-214">
         <name>.text:Interrupt_initVectorTable</name>
         <load_address>0x81a3b</load_address>
         <run_address>0x81a3b</run_address>
         <size>0x15</size>
         <input_file_ref idref="fl-28"/>
      </object_component>
      <object_component id="oc-265">
         <name>.text:UpdateSysTimer</name>
         <load_address>0x81a50</load_address>
         <run_address>0x81a50</run_address>
         <size>0x14</size>
         <input_file_ref idref="fl-8"/>
      </object_component>
      <object_component id="oc-3ef">
         <name>.text:GetFwData</name>
         <load_address>0x81a64</load_address>
         <run_address>0x81a64</run_address>
         <size>0x13</size>
         <input_file_ref idref="fl-7"/>
      </object_component>
      <object_component id="oc-445">
         <name>.text:ResetCpu</name>
         <load_address>0x81a77</load_address>
         <run_address>0x81a77</run_address>
         <size>0x13</size>
         <input_file_ref idref="fl-7"/>
      </object_component>
      <object_component id="oc-357">
         <name>.text:SlaveSdoEndOfBlock</name>
         <load_address>0x81a8a</load_address>
         <run_address>0x81a8a</run_address>
         <size>0x13</size>
         <input_file_ref idref="fl-4"/>
      </object_component>
      <object_component id="oc-481">
         <name>.text:PauseInts</name>
         <load_address>0x81a9d</load_address>
         <run_address>0x81a9d</run_address>
         <size>0x12</size>
         <input_file_ref idref="fl-b"/>
      </object_component>
      <object_component id="oc-3e9">
         <name>.text:SetFwData</name>
         <load_address>0x81aaf</load_address>
         <run_address>0x81aaf</run_address>
         <size>0x11</size>
         <input_file_ref idref="fl-7"/>
      </object_component>
      <object_component id="oc-232">
         <name>.text:setupDac</name>
         <load_address>0x81ac0</load_address>
         <run_address>0x81ac0</run_address>
         <size>0x11</size>
         <input_file_ref idref="fl-9"/>
      </object_component>
      <object_component id="oc-283">
         <name>.text:MCAN_setOpMode</name>
         <load_address>0x81ad1</load_address>
         <run_address>0x81ad1</run_address>
         <size>0xf</size>
         <input_file_ref idref="fl-2a"/>
      </object_component>
      <object_component id="oc-48d">
         <name>.text:UnpauseInts</name>
         <load_address>0x81ae0</load_address>
         <run_address>0x81ae0</run_address>
         <size>0xe</size>
         <input_file_ref idref="fl-b"/>
      </object_component>
      <object_component id="oc-137">
         <name>.text</name>
         <load_address>0x81aee</load_address>
         <run_address>0x81aee</run_address>
         <size>0xc</size>
         <input_file_ref idref="fl-5d"/>
      </object_component>
      <object_component id="oc-2e6">
         <name>.text:MCAN_isMemInitDone</name>
         <load_address>0x81afa</load_address>
         <run_address>0x81afa</run_address>
         <size>0xa</size>
         <input_file_ref idref="fl-2a"/>
      </object_component>
      <object_component id="oc-2d7">
         <name>.text:WaitUsec</name>
         <load_address>0x81b04</load_address>
         <run_address>0x81b04</run_address>
         <size>0x9</size>
         <input_file_ref idref="fl-b"/>
      </object_component>
      <object_component id="oc-1e2">
         <name>.text</name>
         <load_address>0x81b0d</load_address>
         <run_address>0x81b0d</run_address>
         <size>0x9</size>
         <input_file_ref idref="fl-5c"/>
      </object_component>
      <object_component id="oc-3c9">
         <name>.text:MCAN_writeProtectedRegAccessLock</name>
         <load_address>0x81b16</load_address>
         <run_address>0x81b16</run_address>
         <size>0x8</size>
         <input_file_ref idref="fl-2a"/>
      </object_component>
      <object_component id="oc-a1">
         <name>.text:decompress:none</name>
         <load_address>0x81b1e</load_address>
         <run_address>0x81b1e</run_address>
         <size>0x8</size>
         <input_file_ref idref="fl-59"/>
      </object_component>
      <object_component id="oc-d6">
         <name>.text</name>
         <load_address>0x81b26</load_address>
         <run_address>0x81b26</run_address>
         <size>0x8</size>
         <input_file_ref idref="fl-33"/>
      </object_component>
      <object_component id="oc-271">
         <name>.text:MCAN_getOpMode</name>
         <load_address>0x81b2e</load_address>
         <run_address>0x81b2e</run_address>
         <size>0x7</size>
         <input_file_ref idref="fl-2a"/>
      </object_component>
      <object_component id="oc-3c3">
         <name>.text:MCAN_writeProtectedRegAccessUnlock</name>
         <load_address>0x81b35</load_address>
         <run_address>0x81b35</run_address>
         <size>0x7</size>
         <input_file_ref idref="fl-2a"/>
      </object_component>
      <object_component id="oc-f9">
         <name>.text</name>
         <load_address>0x81b3c</load_address>
         <run_address>0x81b3c</run_address>
         <size>0x7</size>
         <input_file_ref idref="fl-5e"/>
      </object_component>
      <object_component id="oc-226">
         <name>.text:CPUTimer_setEmulationMode</name>
         <load_address>0x81b43</load_address>
         <run_address>0x81b43</run_address>
         <size>0x6</size>
         <input_file_ref idref="fl-17"/>
      </object_component>
      <object_component id="oc-d0">
         <name>.text:decompress:ZI</name>
         <load_address>0x81b49</load_address>
         <run_address>0x81b49</run_address>
         <size>0x6</size>
         <input_file_ref idref="fl-58"/>
      </object_component>
      <object_component id="oc-416">
         <name>.text:GetOdSize</name>
         <load_address>0x81b4f</load_address>
         <run_address>0x81b4f</run_address>
         <size>0x4</size>
         <input_file_ref idref="fl-4"/>
      </object_component>
      <object_component id="oc-2a5">
         <name>.text:Interrupt_defaultHandler</name>
         <load_address>0x81b53</load_address>
         <run_address>0x81b53</run_address>
         <size>0x4</size>
         <input_file_ref idref="fl-28"/>
      </object_component>
      <object_component id="oc-29b">
         <name>.text:ResetHardwareSysTimer</name>
         <load_address>0x81b57</load_address>
         <run_address>0x81b57</run_address>
         <size>0x4</size>
         <input_file_ref idref="fl-b"/>
      </object_component>
      <object_component id="oc-4c6">
         <name>.text:Example_Error</name>
         <load_address>0x81b5b</load_address>
         <run_address>0x81b5b</run_address>
         <size>0x3</size>
         <input_file_ref idref="fl-a"/>
      </object_component>
      <object_component id="oc-4d2">
         <name>.text:FMSTAT_Fail</name>
         <load_address>0x81b5e</load_address>
         <run_address>0x81b5e</run_address>
         <size>0x3</size>
         <input_file_ref idref="fl-a"/>
      </object_component>
      <object_component id="oc-407">
         <name>.text:NoSuchGetObject</name>
         <load_address>0x81b61</load_address>
         <run_address>0x81b61</run_address>
         <size>0x3</size>
         <input_file_ref idref="fl-7"/>
      </object_component>
      <object_component id="oc-40d">
         <name>.text:NoSuchSetObject</name>
         <load_address>0x81b64</load_address>
         <run_address>0x81b64</run_address>
         <size>0x3</size>
         <input_file_ref idref="fl-7"/>
      </object_component>
      <object_component id="oc-2b1">
         <name>.text:Interrupt_illegalOperationHandler</name>
         <load_address>0x81b67</load_address>
         <run_address>0x81b67</run_address>
         <size>0x2</size>
         <input_file_ref idref="fl-28"/>
      </object_component>
      <object_component id="oc-2ab">
         <name>.text:Interrupt_nmiHandler</name>
         <load_address>0x81b69</load_address>
         <run_address>0x81b69</run_address>
         <size>0x2</size>
         <input_file_ref idref="fl-28"/>
      </object_component>
      <object_component id="oc-130">
         <name>.text</name>
         <load_address>0x81b6b</load_address>
         <run_address>0x81b6b</run_address>
         <size>0x2</size>
         <input_file_ref idref="fl-56"/>
      </object_component>
      <object_component id="oc-19a">
         <name>.text</name>
         <load_address>0x81b6d</load_address>
         <run_address>0x81b6d</run_address>
         <size>0x1</size>
         <input_file_ref idref="fl-60"/>
      </object_component>
      <object_component id="oc-655">
         <name>.cinit..data.load</name>
         <load_address>0x82a98</load_address>
         <run_address>0x82a98</run_address>
         <size>0x9</size>
      </object_component>
      <object_component id="oc-652">
         <name>__TI_handler_table</name>
         <load_address>0x82aa2</load_address>
         <run_address>0x82aa2</run_address>
         <size>0x6</size>
      </object_component>
      <object_component id="oc-654">
         <name>.cinit..bss.load</name>
         <load_address>0x82aa8</load_address>
         <run_address>0x82aa8</run_address>
         <size>0x4</size>
      </object_component>
      <object_component id="oc-656">
         <name>.cinit.ramgs0to3.load</name>
         <load_address>0x82aac</load_address>
         <run_address>0x82aac</run_address>
         <size>0x4</size>
      </object_component>
      <object_component id="oc-653">
         <name>__TI_cinit_table</name>
         <load_address>0x82ab0</load_address>
         <run_address>0x82ab0</run_address>
         <size>0xc</size>
      </object_component>
      <object_component id="oc-bf">
         <name>.stack</name>
         <uninitialized>true</uninitialized>
         <run_address>0x400</run_address>
         <size>0x0</size>
         <input_file_ref idref="fl-52"/>
      </object_component>
      <object_component id="oc-657">
         <name>.stack</name>
         <uninitialized>true</uninitialized>
         <run_address>0x400</run_address>
         <size>0x0</size>
      </object_component>
      <object_component id="oc-34e">
         <name>.bss</name>
         <uninitialized>true</uninitialized>
         <run_address>0xaa1e</run_address>
         <size>0x8</size>
         <input_file_ref idref="fl-4"/>
      </object_component>
      <object_component id="oc-dc">
         <name>.bss</name>
         <uninitialized>true</uninitialized>
         <run_address>0xa800</run_address>
         <size>0x204</size>
         <input_file_ref idref="fl-6"/>
      </object_component>
      <object_component id="oc-1fe">
         <name>.bss:SlaveSdoBuf</name>
         <uninitialized>true</uninitialized>
         <run_address>0x9800</run_address>
         <size>0x1000</size>
         <input_file_ref idref="fl-6"/>
      </object_component>
      <object_component id="oc-307">
         <name>.bss</name>
         <uninitialized>true</uninitialized>
         <run_address>0xaa04</run_address>
         <size>0x1a</size>
         <input_file_ref idref="fl-d"/>
      </object_component>
      <object_component id="oc-515">
         <name>.bss</name>
         <uninitialized>true</uninitialized>
         <run_address>0xaa26</run_address>
         <size>0x6</size>
         <input_file_ref idref="fl-45"/>
      </object_component>
      <object_component id="oc-18f">
         <name>.data</name>
         <load_address>0xb626</load_address>
         <run_address>0xb626</run_address>
         <size>0x6</size>
         <input_file_ref idref="fl-5b"/>
      </object_component>
      <object_component id="oc-192">
         <name>.data:_lock</name>
         <load_address>0xb62c</load_address>
         <run_address>0xb62c</run_address>
         <size>0x2</size>
         <input_file_ref idref="fl-5c"/>
      </object_component>
      <object_component id="oc-28b">
         <name>.data:_unlock</name>
         <load_address>0xb62e</load_address>
         <run_address>0xb62e</run_address>
         <size>0x2</size>
         <input_file_ref idref="fl-5c"/>
      </object_component>
      <object_component id="oc-1bb">
         <name>.const:ProjSpecificData</name>
         <load_address>0x82768</load_address>
         <run_address>0x82768</run_address>
         <size>0x1fa</size>
         <input_file_ref idref="fl-6"/>
      </object_component>
      <object_component id="oc-426">
         <name>.const:crc_ccitt_table</name>
         <load_address>0x82962</load_address>
         <run_address>0x82962</run_address>
         <size>0x100</size>
         <input_file_ref idref="fl-6"/>
      </object_component>
      <object_component id="oc-345">
         <name>.const:ObjDictionaryItem</name>
         <load_address>0x82a62</load_address>
         <run_address>0x82a62</run_address>
         <size>0x18</size>
         <input_file_ref idref="fl-7"/>
      </object_component>
      <object_component id="oc-109">
         <name>.const:Dlc2Len</name>
         <load_address>0x82a7a</load_address>
         <run_address>0x82a7a</run_address>
         <size>0x10</size>
         <input_file_ref idref="fl-d"/>
      </object_component>
      <object_component id="oc-2fe">
         <name>.const:SpaceForElementSizeInLongs</name>
         <load_address>0x82a8a</load_address>
         <run_address>0x82a8a</run_address>
         <size>0x8</size>
         <input_file_ref idref="fl-d"/>
      </object_component>
      <object_component id="oc-471">
         <name>.const</name>
         <load_address>0x82a92</load_address>
         <run_address>0x82a92</run_address>
         <size>0x1</size>
         <input_file_ref idref="fl-7"/>
      </object_component>
      <object_component id="oc-429">
         <name>ramgs0to3</name>
         <uninitialized>true</uninitialized>
         <run_address>0xc000</run_address>
         <size>0x2000</size>
         <input_file_ref idref="fl-6"/>
      </object_component>
      <object_component id="oc-551">
         <name>.text:Fapi_setupFlashStateMachine</name>
         <load_address>0x81b70</load_address>
         <run_address>0xaa30</run_address>
         <size>0x37b</size>
         <input_file_ref idref="fl-44"/>
      </object_component>
      <object_component id="oc-4ba">
         <name>.text:Fapi_issueProgrammingCommand</name>
         <load_address>0x81eeb</load_address>
         <run_address>0xadab</run_address>
         <size>0x268</size>
         <input_file_ref idref="fl-40"/>
      </object_component>
      <object_component id="oc-4e7">
         <name>.text:Fapi_issueAsyncCommandWithAddress</name>
         <load_address>0x82153</load_address>
         <run_address>0xb013</run_address>
         <size>0x80</size>
         <input_file_ref idref="fl-3f"/>
      </object_component>
      <object_component id="oc-4ed">
         <name>.text:Fapi_doBlankCheck</name>
         <load_address>0x821d3</load_address>
         <run_address>0xb093</run_address>
         <size>0x7c</size>
         <input_file_ref idref="fl-41"/>
      </object_component>
      <object_component id="oc-52d">
         <name>.text:Fapi_checkRegionForValue</name>
         <load_address>0x8224f</load_address>
         <run_address>0xb10f</run_address>
         <size>0x7a</size>
         <input_file_ref idref="fl-42"/>
      </object_component>
      <object_component id="oc-547">
         <name>.text:Fapi_loopRegionForValue</name>
         <load_address>0x822c9</load_address>
         <run_address>0xb189</run_address>
         <size>0x7a</size>
         <input_file_ref idref="fl-42"/>
      </object_component>
      <object_component id="oc-53a">
         <name>.text:Fapi_configureFMAC</name>
         <load_address>0x82343</load_address>
         <run_address>0xb203</run_address>
         <size>0x61</size>
         <input_file_ref idref="fl-46"/>
      </object_component>
      <object_component id="oc-51a">
         <name>.text:Fapi_issueFsmCommand</name>
         <load_address>0x823a4</load_address>
         <run_address>0xb264</run_address>
         <size>0x56</size>
         <input_file_ref idref="fl-44"/>
      </object_component>
      <object_component id="oc-509">
         <name>.text:Fapi_isAddressValid</name>
         <load_address>0x823fa</load_address>
         <run_address>0xb2ba</run_address>
         <size>0x3b</size>
         <input_file_ref idref="fl-46"/>
      </object_component>
      <object_component id="oc-4b4">
         <name>.text:Fapi_calculateEcc</name>
         <load_address>0x82435</load_address>
         <run_address>0xb2f5</run_address>
         <size>0x3a</size>
         <input_file_ref idref="fl-46"/>
      </object_component>
      <object_component id="oc-4fa">
         <name>.text:Fapi_setActiveFlashBank</name>
         <load_address>0x8246f</load_address>
         <run_address>0xb32f</run_address>
         <size>0x37</size>
         <input_file_ref idref="fl-44"/>
      </object_component>
      <object_component id="oc-4f4">
         <name>.text:Fapi_initializeAPI</name>
         <load_address>0x824a6</load_address>
         <run_address>0xb366</run_address>
         <size>0x32</size>
         <input_file_ref idref="fl-45"/>
      </object_component>
      <object_component id="oc-561">
         <name>.text:Fapi_setupBankSectorEnable</name>
         <load_address>0x824d8</load_address>
         <run_address>0xb398</run_address>
         <size>0x31</size>
         <input_file_ref idref="fl-44"/>
      </object_component>
      <object_component id="oc-59e">
         <name>.text:Fapi_calculateFletcherChecksum</name>
         <load_address>0x82509</load_address>
         <run_address>0xb3c9</run_address>
         <size>0x2c</size>
         <input_file_ref idref="fl-46"/>
      </object_component>
      <object_component id="oc-585">
         <name>.text:Fapi_divideUnsignedLong</name>
         <load_address>0x82535</load_address>
         <run_address>0xb3f5</run_address>
         <size>0x2c</size>
         <input_file_ref idref="fl-46"/>
      </object_component>
      <object_component id="oc-578">
         <name>.text:Fapi_isAddressEcc</name>
         <load_address>0x82561</load_address>
         <run_address>0xb421</run_address>
         <size>0x24</size>
         <input_file_ref idref="fl-44"/>
      </object_component>
      <object_component id="oc-4e1">
         <name>.text:Fapi_issueAsyncCommand</name>
         <load_address>0x82585</load_address>
         <run_address>0xb445</run_address>
         <size>0x20</size>
         <input_file_ref idref="fl-3f"/>
      </object_component>
      <object_component id="oc-541">
         <name>.text:Fapi_flushPipeline</name>
         <load_address>0x825a5</load_address>
         <run_address>0xb465</run_address>
         <size>0x1d</size>
         <input_file_ref idref="fl-42"/>
      </object_component>
      <object_component id="oc-520">
         <name>.text:Fapi_setupSectorsForWrite</name>
         <load_address>0x825c2</load_address>
         <run_address>0xb482</run_address>
         <size>0x1c</size>
         <input_file_ref idref="fl-44"/>
      </object_component>
      <object_component id="oc-50f">
         <name>.text:Fapi_WriteReadBack</name>
         <load_address>0x825de</load_address>
         <run_address>0xb49e</run_address>
         <size>0x1a</size>
         <input_file_ref idref="fl-46"/>
      </object_component>
      <object_component id="oc-4d8">
         <name>.text:Fapi_doVerify</name>
         <load_address>0x825f8</load_address>
         <run_address>0xb4b8</run_address>
         <size>0xf</size>
         <input_file_ref idref="fl-43"/>
      </object_component>
      <object_component id="oc-4c0">
         <name>.text:Fapi_checkFsmForReady</name>
         <load_address>0x82607</load_address>
         <run_address>0xb4c7</run_address>
         <size>0xe</size>
         <input_file_ref idref="fl-44"/>
      </object_component>
      <object_component id="oc-58b">
         <name>.text:Fapi_calculateOtpChecksum</name>
         <load_address>0x82615</load_address>
         <run_address>0xb4d5</run_address>
         <size>0xd</size>
         <input_file_ref idref="fl-46"/>
      </object_component>
      <object_component id="oc-591">
         <name>.text:Fapi_scaleCycleValues</name>
         <load_address>0x82622</load_address>
         <run_address>0xb4e2</run_address>
         <size>0xb</size>
         <input_file_ref idref="fl-46"/>
      </object_component>
      <object_component id="oc-4cc">
         <name>.text:Fapi_getFsmStatus</name>
         <load_address>0x8262d</load_address>
         <run_address>0xb4ed</run_address>
         <size>0x7</size>
         <input_file_ref idref="fl-44"/>
      </object_component>
      <object_component id="oc-487">
         <name>.TI.ramfunc:ProgramPageAutoECC</name>
         <load_address>0x82634</load_address>
         <run_address>0xb4f4</run_address>
         <size>0x97</size>
         <input_file_ref idref="fl-a"/>
      </object_component>
      <object_component id="oc-220">
         <name>.TI.ramfunc:Flash_initModule</name>
         <load_address>0x826cb</load_address>
         <run_address>0xb58b</run_address>
         <size>0x4b</size>
         <input_file_ref idref="fl-21"/>
      </object_component>
      <object_component id="oc-495">
         <name>.TI.ramfunc:EraseSector</name>
         <load_address>0x82716</load_address>
         <run_address>0xb5d6</run_address>
         <size>0x38</size>
         <input_file_ref idref="fl-a"/>
      </object_component>
      <object_component id="oc-49c">
         <name>.TI.ramfunc:PrepFlash4Burn</name>
         <load_address>0x8274e</load_address>
         <run_address>0xb60e</run_address>
         <size>0x14</size>
         <input_file_ref idref="fl-a"/>
      </object_component>
      <object_component id="oc-2b8">
         <name>.TI.ramfunc</name>
         <load_address>0x82762</load_address>
         <run_address>0xb622</run_address>
         <size>0x4</size>
         <input_file_ref idref="fl-30"/>
      </object_component>
      <object_component id="oc-e6">
         <name>.debug_types</name>
         <load_address>0x0</load_address>
         <run_address>0x0</run_address>
         <size>0x1b84</size>
         <input_file_ref idref="fl-2"/>
      </object_component>
      <object_component id="oc-32b">
         <name>.debug_types</name>
         <load_address>0x1b84</load_address>
         <run_address>0x1b84</run_address>
         <size>0x6b1</size>
         <input_file_ref idref="fl-4"/>
      </object_component>
      <object_component id="oc-28a">
         <name>.debug_types</name>
         <load_address>0x0</load_address>
         <run_address>0x0</run_address>
         <size>0x0</size>
         <input_file_ref idref="fl-5"/>
      </object_component>
      <object_component id="oc-108">
         <name>.debug_types</name>
         <load_address>0x2235</load_address>
         <run_address>0x2235</run_address>
         <size>0xdd5</size>
         <input_file_ref idref="fl-6"/>
      </object_component>
      <object_component id="oc-415">
         <name>.debug_types</name>
         <load_address>0x300a</load_address>
         <run_address>0x300a</run_address>
         <size>0x1af</size>
         <input_file_ref idref="fl-7"/>
      </object_component>
      <object_component id="oc-2a2">
         <name>.debug_types</name>
         <load_address>0x31b9</load_address>
         <run_address>0x31b9</run_address>
         <size>0x2f</size>
         <input_file_ref idref="fl-8"/>
      </object_component>
      <object_component id="oc-2de">
         <name>.debug_types</name>
         <load_address>0x31e8</load_address>
         <run_address>0x31e8</run_address>
         <size>0x7e1</size>
         <input_file_ref idref="fl-9"/>
      </object_component>
      <object_component id="oc-4df">
         <name>.debug_types</name>
         <load_address>0x39c9</load_address>
         <run_address>0x39c9</run_address>
         <size>0xa35</size>
         <input_file_ref idref="fl-a"/>
      </object_component>
      <object_component id="oc-ee">
         <name>.debug_types</name>
         <load_address>0x43fe</load_address>
         <run_address>0x43fe</run_address>
         <size>0xec8</size>
         <input_file_ref idref="fl-b"/>
      </object_component>
      <object_component id="oc-329">
         <name>.debug_types</name>
         <load_address>0x52c6</load_address>
         <run_address>0x52c6</run_address>
         <size>0x59b</size>
         <input_file_ref idref="fl-c"/>
      </object_component>
      <object_component id="oc-11f">
         <name>.debug_types</name>
         <load_address>0x5861</load_address>
         <run_address>0x5861</run_address>
         <size>0xe7c</size>
         <input_file_ref idref="fl-d"/>
      </object_component>
      <object_component id="oc-30c">
         <name>.debug_types</name>
         <load_address>0x66dd</load_address>
         <run_address>0x66dd</run_address>
         <size>0x2f</size>
         <input_file_ref idref="fl-e"/>
      </object_component>
      <object_component id="oc-3bb">
         <name>.debug_types</name>
         <load_address>0x670c</load_address>
         <run_address>0x670c</run_address>
         <size>0x1a1</size>
         <input_file_ref idref="fl-f"/>
      </object_component>
      <object_component id="oc-2ca">
         <name>.debug_types</name>
         <load_address>0x68ad</load_address>
         <run_address>0x68ad</run_address>
         <size>0x2f</size>
         <input_file_ref idref="fl-17"/>
      </object_component>
      <object_component id="oc-2c8">
         <name>.debug_types</name>
         <load_address>0x68dc</load_address>
         <run_address>0x68dc</run_address>
         <size>0x229</size>
         <input_file_ref idref="fl-21"/>
      </object_component>
      <object_component id="oc-3db">
         <name>.debug_types</name>
         <load_address>0x6b05</load_address>
         <run_address>0x6b05</run_address>
         <size>0x4c2</size>
         <input_file_ref idref="fl-23"/>
      </object_component>
      <object_component id="oc-124">
         <name>.debug_types</name>
         <load_address>0x0</load_address>
         <run_address>0x0</run_address>
         <size>0x0</size>
         <input_file_ref idref="fl-28"/>
      </object_component>
      <object_component id="oc-383">
         <name>.debug_types</name>
         <load_address>0x6fc7</load_address>
         <run_address>0x6fc7</run_address>
         <size>0x1ba0</size>
         <input_file_ref idref="fl-2a"/>
      </object_component>
      <object_component id="oc-2c6">
         <name>.debug_types</name>
         <load_address>0x8b67</load_address>
         <run_address>0x8b67</run_address>
         <size>0xa5c</size>
         <input_file_ref idref="fl-30"/>
      </object_component>
      <object_component id="oc-539">
         <name>.debug_types</name>
         <load_address>0x95c3</load_address>
         <run_address>0x95c3</run_address>
         <size>0xc92b</size>
         <input_file_ref idref="fl-3f"/>
      </object_component>
      <object_component id="oc-527">
         <name>.debug_types</name>
         <load_address>0x15eee</load_address>
         <run_address>0x15eee</run_address>
         <size>0xa1</size>
         <input_file_ref idref="fl-40"/>
      </object_component>
      <object_component id="oc-54e">
         <name>.debug_types</name>
         <load_address>0x15f8f</load_address>
         <run_address>0x15f8f</run_address>
         <size>0xeb</size>
         <input_file_ref idref="fl-41"/>
      </object_component>
      <object_component id="oc-56f">
         <name>.debug_types</name>
         <load_address>0x1607a</load_address>
         <run_address>0x1607a</run_address>
         <size>0x2b</size>
         <input_file_ref idref="fl-42"/>
      </object_component>
      <object_component id="oc-534">
         <name>.debug_types</name>
         <load_address>0x0</load_address>
         <run_address>0x0</run_address>
         <size>0x0</size>
         <input_file_ref idref="fl-43"/>
      </object_component>
      <object_component id="oc-529">
         <name>.debug_types</name>
         <load_address>0x160a5</load_address>
         <run_address>0x160a5</run_address>
         <size>0x7b6</size>
         <input_file_ref idref="fl-44"/>
      </object_component>
      <object_component id="oc-550">
         <name>.debug_types</name>
         <load_address>0x0</load_address>
         <run_address>0x0</run_address>
         <size>0x0</size>
         <input_file_ref idref="fl-45"/>
      </object_component>
      <object_component id="oc-519">
         <name>.debug_types</name>
         <load_address>0x1685b</load_address>
         <run_address>0x1685b</run_address>
         <size>0x5a</size>
         <input_file_ref idref="fl-46"/>
      </object_component>
      <object_component id="oc-f3">
         <name>.debug_types</name>
         <load_address>0x168b5</load_address>
         <run_address>0x168b5</run_address>
         <size>0x142</size>
         <input_file_ref idref="fl-55"/>
      </object_component>
      <object_component id="oc-156">
         <name>.debug_types</name>
         <load_address>0x0</load_address>
         <run_address>0x0</run_address>
         <size>0x0</size>
         <input_file_ref idref="fl-56"/>
      </object_component>
      <object_component id="oc-1a1">
         <name>.debug_types</name>
         <load_address>0x169f7</load_address>
         <run_address>0x169f7</run_address>
         <size>0x4ca</size>
         <input_file_ref idref="fl-57"/>
      </object_component>
      <object_component id="oc-f8">
         <name>.debug_types</name>
         <load_address>0x16ec1</load_address>
         <run_address>0x16ec1</run_address>
         <size>0x194</size>
         <input_file_ref idref="fl-58"/>
      </object_component>
      <object_component id="oc-c9">
         <name>.debug_types</name>
         <load_address>0x0</load_address>
         <run_address>0x0</run_address>
         <size>0x0</size>
         <input_file_ref idref="fl-59"/>
      </object_component>
      <object_component id="oc-c1">
         <name>.debug_types</name>
         <load_address>0x17055</load_address>
         <run_address>0x17055</run_address>
         <size>0x191</size>
         <input_file_ref idref="fl-5a"/>
      </object_component>
      <object_component id="oc-196">
         <name>.debug_types</name>
         <load_address>0x171e6</load_address>
         <run_address>0x171e6</run_address>
         <size>0xbf</size>
         <input_file_ref idref="fl-5b"/>
      </object_component>
      <object_component id="oc-1ea">
         <name>.debug_types</name>
         <load_address>0x172a5</load_address>
         <run_address>0x172a5</run_address>
         <size>0x2f</size>
         <input_file_ref idref="fl-5c"/>
      </object_component>
      <object_component id="oc-18e">
         <name>.debug_types</name>
         <load_address>0x172d4</load_address>
         <run_address>0x172d4</run_address>
         <size>0xe1</size>
         <input_file_ref idref="fl-5d"/>
      </object_component>
      <object_component id="oc-12f">
         <name>.debug_types</name>
         <load_address>0x0</load_address>
         <run_address>0x0</run_address>
         <size>0x0</size>
         <input_file_ref idref="fl-5e"/>
      </object_component>
      <object_component id="oc-1ef">
         <name>.debug_types</name>
         <load_address>0x0</load_address>
         <run_address>0x0</run_address>
         <size>0x0</size>
         <input_file_ref idref="fl-60"/>
      </object_component>
      <object_component id="oc-b5">
         <name>.debug_info</name>
         <load_address>0x0</load_address>
         <run_address>0x0</run_address>
         <size>0x12c</size>
         <input_file_ref idref="fl-2"/>
      </object_component>
      <object_component id="oc-1f7">
         <name>.debug_info</name>
         <load_address>0x12c</load_address>
         <run_address>0x12c</run_address>
         <size>0x10a</size>
         <input_file_ref idref="fl-3"/>
      </object_component>
      <object_component id="oc-34f">
         <name>.debug_info</name>
         <load_address>0x236</load_address>
         <run_address>0x236</run_address>
         <size>0xf2</size>
         <input_file_ref idref="fl-4"/>
      </object_component>
      <object_component id="oc-25f">
         <name>.debug_info</name>
         <load_address>0x328</load_address>
         <run_address>0x328</run_address>
         <size>0x17c</size>
         <input_file_ref idref="fl-4"/>
      </object_component>
      <object_component id="oc-352">
         <name>.debug_info</name>
         <load_address>0x4a4</load_address>
         <run_address>0x4a4</run_address>
         <size>0x1e4</size>
         <input_file_ref idref="fl-4"/>
      </object_component>
      <object_component id="oc-33b">
         <name>.debug_info</name>
         <load_address>0x688</load_address>
         <run_address>0x688</run_address>
         <size>0x17c</size>
         <input_file_ref idref="fl-4"/>
      </object_component>
      <object_component id="oc-358">
         <name>.debug_info</name>
         <load_address>0x804</load_address>
         <run_address>0x804</run_address>
         <size>0x176</size>
         <input_file_ref idref="fl-4"/>
      </object_component>
      <object_component id="oc-365">
         <name>.debug_info</name>
         <load_address>0x97a</load_address>
         <run_address>0x97a</run_address>
         <size>0x1b0</size>
         <input_file_ref idref="fl-4"/>
      </object_component>
      <object_component id="oc-36a">
         <name>.debug_info</name>
         <load_address>0xb2a</load_address>
         <run_address>0xb2a</run_address>
         <size>0x1bc</size>
         <input_file_ref idref="fl-4"/>
      </object_component>
      <object_component id="oc-35e">
         <name>.debug_info</name>
         <load_address>0xce6</load_address>
         <run_address>0xce6</run_address>
         <size>0x1c6</size>
         <input_file_ref idref="fl-4"/>
      </object_component>
      <object_component id="oc-334">
         <name>.debug_info</name>
         <load_address>0xeac</load_address>
         <run_address>0xeac</run_address>
         <size>0x17c</size>
         <input_file_ref idref="fl-4"/>
      </object_component>
      <object_component id="oc-376">
         <name>.debug_info</name>
         <load_address>0x1028</load_address>
         <run_address>0x1028</run_address>
         <size>0x1e1</size>
         <input_file_ref idref="fl-4"/>
      </object_component>
      <object_component id="oc-370">
         <name>.debug_info</name>
         <load_address>0x1209</load_address>
         <run_address>0x1209</run_address>
         <size>0x182</size>
         <input_file_ref idref="fl-4"/>
      </object_component>
      <object_component id="oc-417">
         <name>.debug_info</name>
         <load_address>0x138b</load_address>
         <run_address>0x138b</run_address>
         <size>0x120</size>
         <input_file_ref idref="fl-4"/>
      </object_component>
      <object_component id="oc-340">
         <name>.debug_info</name>
         <load_address>0x14ab</load_address>
         <run_address>0x14ab</run_address>
         <size>0x1c7</size>
         <input_file_ref idref="fl-4"/>
      </object_component>
      <object_component id="oc-26c">
         <name>.debug_info</name>
         <load_address>0x1672</load_address>
         <run_address>0x1672</run_address>
         <size>0x471</size>
         <input_file_ref idref="fl-4"/>
      </object_component>
      <object_component id="oc-1d8">
         <name>.debug_info</name>
         <load_address>0x1ae3</load_address>
         <run_address>0x1ae3</run_address>
         <size>0x18e</size>
         <input_file_ref idref="fl-5"/>
      </object_component>
      <object_component id="oc-dd">
         <name>.debug_info</name>
         <load_address>0x1c71</load_address>
         <run_address>0x1c71</run_address>
         <size>0x324</size>
         <input_file_ref idref="fl-6"/>
      </object_component>
      <object_component id="oc-427">
         <name>.debug_info</name>
         <load_address>0x1f95</load_address>
         <run_address>0x1f95</run_address>
         <size>0xf5</size>
         <input_file_ref idref="fl-6"/>
      </object_component>
      <object_component id="oc-1bc">
         <name>.debug_info</name>
         <load_address>0x208a</load_address>
         <run_address>0x208a</run_address>
         <size>0xf6</size>
         <input_file_ref idref="fl-6"/>
      </object_component>
      <object_component id="oc-1ff">
         <name>.debug_info</name>
         <load_address>0x2180</load_address>
         <run_address>0x2180</run_address>
         <size>0xec</size>
         <input_file_ref idref="fl-6"/>
      </object_component>
      <object_component id="oc-42a">
         <name>.debug_info</name>
         <load_address>0x226c</load_address>
         <run_address>0x226c</run_address>
         <size>0xf3</size>
         <input_file_ref idref="fl-6"/>
      </object_component>
      <object_component id="oc-1b0">
         <name>.debug_info</name>
         <load_address>0x235f</load_address>
         <run_address>0x235f</run_address>
         <size>0x169</size>
         <input_file_ref idref="fl-6"/>
      </object_component>
      <object_component id="oc-1b6">
         <name>.debug_info</name>
         <load_address>0x24c8</load_address>
         <run_address>0x24c8</run_address>
         <size>0x192</size>
         <input_file_ref idref="fl-6"/>
      </object_component>
      <object_component id="oc-208">
         <name>.debug_info</name>
         <load_address>0x265a</load_address>
         <run_address>0x265a</run_address>
         <size>0x15d</size>
         <input_file_ref idref="fl-6"/>
      </object_component>
      <object_component id="oc-1bf">
         <name>.debug_info</name>
         <load_address>0x27b7</load_address>
         <run_address>0x27b7</run_address>
         <size>0x1a5</size>
         <input_file_ref idref="fl-6"/>
      </object_component>
      <object_component id="oc-1cb">
         <name>.debug_info</name>
         <load_address>0x295c</load_address>
         <run_address>0x295c</run_address>
         <size>0x126</size>
         <input_file_ref idref="fl-6"/>
      </object_component>
      <object_component id="oc-188">
         <name>.debug_info</name>
         <load_address>0x2a82</load_address>
         <run_address>0x2a82</run_address>
         <size>0x1af</size>
         <input_file_ref idref="fl-6"/>
      </object_component>
      <object_component id="oc-472">
         <name>.debug_info</name>
         <load_address>0x2c31</load_address>
         <run_address>0x2c31</run_address>
         <size>0xf3</size>
         <input_file_ref idref="fl-7"/>
      </object_component>
      <object_component id="oc-346">
         <name>.debug_info</name>
         <load_address>0x2d24</load_address>
         <run_address>0x2d24</run_address>
         <size>0xfb</size>
         <input_file_ref idref="fl-7"/>
      </object_component>
      <object_component id="oc-452">
         <name>.debug_info</name>
         <load_address>0x2e1f</load_address>
         <run_address>0x2e1f</run_address>
         <size>0x153</size>
         <input_file_ref idref="fl-7"/>
      </object_component>
      <object_component id="oc-402">
         <name>.debug_info</name>
         <load_address>0x2f72</load_address>
         <run_address>0x2f72</run_address>
         <size>0x174</size>
         <input_file_ref idref="fl-7"/>
      </object_component>
      <object_component id="oc-3ea">
         <name>.debug_info</name>
         <load_address>0x30e6</load_address>
         <run_address>0x30e6</run_address>
         <size>0x153</size>
         <input_file_ref idref="fl-7"/>
      </object_component>
      <object_component id="oc-47b">
         <name>.debug_info</name>
         <load_address>0x3239</load_address>
         <run_address>0x3239</run_address>
         <size>0x118</size>
         <input_file_ref idref="fl-7"/>
      </object_component>
      <object_component id="oc-446">
         <name>.debug_info</name>
         <load_address>0x3351</load_address>
         <run_address>0x3351</run_address>
         <size>0x122</size>
         <input_file_ref idref="fl-7"/>
      </object_component>
      <object_component id="oc-44c">
         <name>.debug_info</name>
         <load_address>0x3473</load_address>
         <run_address>0x3473</run_address>
         <size>0x207</size>
         <input_file_ref idref="fl-7"/>
      </object_component>
      <object_component id="oc-458">
         <name>.debug_info</name>
         <load_address>0x367a</load_address>
         <run_address>0x367a</run_address>
         <size>0x19d</size>
         <input_file_ref idref="fl-7"/>
      </object_component>
      <object_component id="oc-45e">
         <name>.debug_info</name>
         <load_address>0x3817</load_address>
         <run_address>0x3817</run_address>
         <size>0x17e</size>
         <input_file_ref idref="fl-7"/>
      </object_component>
      <object_component id="oc-3f6">
         <name>.debug_info</name>
         <load_address>0x3995</load_address>
         <run_address>0x3995</run_address>
         <size>0x27e</size>
         <input_file_ref idref="fl-7"/>
      </object_component>
      <object_component id="oc-40e">
         <name>.debug_info</name>
         <load_address>0x3c13</load_address>
         <run_address>0x3c13</run_address>
         <size>0x14f</size>
         <input_file_ref idref="fl-7"/>
      </object_component>
      <object_component id="oc-408">
         <name>.debug_info</name>
         <load_address>0x3d62</load_address>
         <run_address>0x3d62</run_address>
         <size>0x14f</size>
         <input_file_ref idref="fl-7"/>
      </object_component>
      <object_component id="oc-349">
         <name>.debug_info</name>
         <load_address>0x3eb1</load_address>
         <run_address>0x3eb1</run_address>
         <size>0x1d0</size>
         <input_file_ref idref="fl-7"/>
      </object_component>
      <object_component id="oc-3f0">
         <name>.debug_info</name>
         <load_address>0x4081</load_address>
         <run_address>0x4081</run_address>
         <size>0x164</size>
         <input_file_ref idref="fl-7"/>
      </object_component>
      <object_component id="oc-3fc">
         <name>.debug_info</name>
         <load_address>0x41e5</load_address>
         <run_address>0x41e5</run_address>
         <size>0x188</size>
         <input_file_ref idref="fl-7"/>
      </object_component>
      <object_component id="oc-266">
         <name>.debug_info</name>
         <load_address>0x436d</load_address>
         <run_address>0x436d</run_address>
         <size>0x13f</size>
         <input_file_ref idref="fl-8"/>
      </object_component>
      <object_component id="oc-27f">
         <name>.debug_info</name>
         <load_address>0x44ac</load_address>
         <run_address>0x44ac</run_address>
         <size>0x1a0</size>
[...]
      <symbol id="sm-2bc">
         <name>GetObjIndex</name>
         <value>0x81619</value>
         <object_component_ref idref="oc-348"/>
      </symbol>
      <symbol id="sm-2bd">
         <name>SafePrepFlash</name>
         <value>0x81980</value>
         <object_component_ref idref="oc-45d"/>
      </symbol>
      <symbol id="sm-2be">
         <name>SizeofObjDict</name>
         <value>0x82a92</value>
         <object_component_ref idref="oc-471"/>
      </symbol>
      <symbol id="sm-2bf">
         <name>NoSuchSetObject</name>
         <value>0x81b64</value>
         <object_component_ref idref="oc-40d"/>
      </symbol>
      <symbol id="sm-2c0">
         <name>ResetCpu</name>
         <value>0x81a77</value>
         <object_component_ref idref="oc-445"/>
      </symbol>
      <symbol id="sm-2c1">
         <name>SafeProgramFlash</name>
         <value>0x81750</value>
         <object_component_ref idref="oc-44b"/>
      </symbol>
      <symbol id="sm-2c2">
         <name>SetFwData</name>
         <value>0x81aaf</value>
         <object_component_ref idref="oc-3e9"/>
      </symbol>
      <symbol id="sm-2fa">
         <name>UpdateSysTimer</name>
         <value>0x81a50</value>
         <object_component_ref idref="oc-265"/>
      </symbol>
      <symbol id="sm-2fb">
         <name>WaitStam</name>
         <value>0x819c9</value>
         <object_component_ref idref="oc-463"/>
      </symbol>
      <symbol id="sm-2fc">
         <name>SetSysTimerTarget</name>
         <value>0x81999</value>
         <object_component_ref idref="oc-4a3"/>
      </symbol>
      <symbol id="sm-2fd">
         <name>SetSysTimerTargetSec</name>
         <value>0x8172c</value>
         <object_component_ref idref="oc-277"/>
      </symbol>
      <symbol id="sm-2fe">
         <name>InitSystemTimer</name>
         <value>0x818fc</value>
         <object_component_ref idref="oc-201"/>
      </symbol>
      <symbol id="sm-2ff">
         <name>IsSysTimerElapse</name>
         <value>0x818a7</value>
         <object_component_ref idref="oc-27d"/>
      </symbol>
      <symbol id="sm-315">
         <name>setupDac</name>
         <value>0x81ac0</value>
         <object_component_ref idref="oc-232"/>
      </symbol>
      <symbol id="sm-316">
         <name>SetupADCs</name>
         <value>0x80c98</value>
         <object_component_ref idref="oc-22c"/>
      </symbol>
      <symbol id="sm-353">
         <name>Example_Error</name>
         <value>0x81b5b</value>
         <object_component_ref idref="oc-4c6"/>
      </symbol>
      <symbol id="sm-354">
         <name>FMSTAT_Fail</name>
         <value>0x81b5e</value>
         <object_component_ref idref="oc-4d2"/>
      </symbol>
      <symbol id="sm-355">
         <name>ProgramPageAutoECC</name>
         <value>0xb4f4</value>
         <object_component_ref idref="oc-487"/>
      </symbol>
      <symbol id="sm-356">
         <name>EraseSector</name>
         <value>0xb5d6</value>
         <object_component_ref idref="oc-495"/>
      </symbol>
      <symbol id="sm-357">
         <name>PrepFlash4Burn</name>
         <value>0xb60e</value>
         <object_component_ref idref="oc-49c"/>
      </symbol>
      <symbol id="sm-388">
         <name>PauseInts</name>
         <value>0x81a9d</value>
         <object_component_ref idref="oc-481"/>
      </symbol>
      <symbol id="sm-389">
         <name>ResetHardwareSysTimer</name>
         <value>0x81b57</value>
         <object_component_ref idref="oc-29b"/>
      </symbol>
      <symbol id="sm-38a">
         <name>WaitUsec</name>
         <value>0x81b04</value>
         <object_component_ref idref="oc-2d7"/>
      </symbol>
      <symbol id="sm-38b">
         <name>InitPeripherals</name>
         <value>0x80513</value>
         <object_component_ref idref="oc-1c4"/>
      </symbol>
      <symbol id="sm-38c">
         <name>SetupIsr</name>
         <value>0x80fdd</value>
         <object_component_ref idref="oc-b9"/>
      </symbol>
      <symbol id="sm-38d">
         <name>UnpauseInts</name>
         <value>0x81ae0</value>
         <object_component_ref idref="oc-48d"/>
      </symbol>
      <symbol id="sm-3a8">
         <name>setupGpio</name>
         <value>0x80752</value>
         <object_component_ref idref="oc-256"/>
      </symbol>
      <symbol id="sm-3a9">
         <name>SetAdcMux</name>
         <value>0x81643</value>
         <object_component_ref idref="oc-2d1"/>
      </symbol>
      <symbol id="sm-3aa">
         <name>setupGpioCAN</name>
         <value>0x816bc</value>
         <object_component_ref idref="oc-2e0"/>
      </symbol>
      <symbol id="sm-422">
         <name>SpaceForElementSizeInLongs</name>
         <value>0x82a8a</value>
         <object_component_ref idref="oc-2fe"/>
      </symbol>
      <symbol id="sm-423">
         <name>SetExtendedBootUpMessage</name>
         <value>0x817d8</value>
         <object_component_ref idref="oc-32d"/>
      </symbol>
      <symbol id="sm-424">
         <name>TxMsg</name>
         <value>0xaa06</value>
         <object_component_ref idref="oc-307"/>
      </symbol>
      <symbol id="sm-425">
         <name>rmw</name>
         <value>0xaa04</value>
         <object_component_ref idref="oc-307"/>
      </symbol>
      <symbol id="sm-426">
         <name>Dlc2Len</name>
         <value>0x82a7a</value>
         <object_component_ref idref="oc-109"/>
      </symbol>
      <symbol id="sm-427">
         <name>TempMsgRT</name>
         <value>0xaa16</value>
         <object_component_ref idref="oc-307"/>
      </symbol>
      <symbol id="sm-428">
         <name>DealBlockDloadRt</name>
         <value>0x80de9</value>
         <object_component_ref idref="oc-37b"/>
      </symbol>
      <symbol id="sm-429">
         <name>RTDealBlockUpload</name>
         <value>0x80b00</value>
         <object_component_ref idref="oc-118"/>
      </symbol>
      <symbol id="sm-42a">
         <name>SetMsg2HW</name>
         <value>0x812b8</value>
         <object_component_ref idref="oc-112"/>
      </symbol>
      <symbol id="sm-42b">
         <name>TempMsg</name>
         <value>0xaa0e</value>
         <object_component_ref idref="oc-307"/>
      </symbol>
      <symbol id="sm-42c">
         <name>RtCanService</name>
         <value>0x80a29</value>
         <object_component_ref idref="oc-df"/>
      </symbol>
      <symbol id="sm-42d">
         <name>BlockUploadConfirmService</name>
         <value>0x81372</value>
         <object_component_ref idref="oc-10c"/>
      </symbol>
      <symbol id="sm-42e">
         <name>setupMCAN</name>
         <value>0x803be</value>
         <object_component_ref idref="oc-238"/>
      </symbol>
      <symbol id="sm-42f">
         <name>SetBootUpMessage</name>
         <value>0x81a0f</value>
         <object_component_ref idref="oc-1d0"/>
      </symbol>
      <symbol id="sm-451">
         <name>SetupPwmPacer</name>
         <value>0x81338</value>
         <object_component_ref idref="oc-244"/>
      </symbol>
      <symbol id="sm-452">
         <name>KillMotor</name>
         <value>0x81917</value>
         <object_component_ref idref="oc-23e"/>
      </symbol>
      <symbol id="sm-453">
         <name>SetupPWM</name>
         <value>0x81098</value>
         <object_component_ref idref="oc-24a"/>
      </symbol>
      <symbol id="sm-454">
         <name>SetGateDriveEable</name>
         <value>0x818fb</value>
         <object_component_ref idref="oc-250"/>
      </symbol>
      <symbol id="sm-46e">
         <name>ADC_setOffsetTrimAll</name>
         <value>0x8194d</value>
         <object_component_ref idref="oc-3b4"/>
      </symbol>
      <symbol id="sm-46f">
         <name>ADC_setVREF</name>
         <value>0x81967</value>
         <object_component_ref idref="oc-2cb"/>
      </symbol>
      <symbol id="sm-483">
         <name>CPUTimer_setEmulationMode</name>
         <value>0x81b43</value>
         <object_component_ref idref="oc-226"/>
      </symbol>
      <symbol id="sm-499">
         <name>Flash_initModule</name>
         <value>0xb58b</value>
         <object_component_ref idref="oc-220"/>
      </symbol>
      <symbol id="sm-4c4">
         <name>GPIO_setQualificationMode</name>
         <value>0x81796</value>
         <object_component_ref idref="oc-322"/>
      </symbol>
      <symbol id="sm-4c5">
         <name>GPIO_setPadConfig</name>
         <value>0x812f9</value>
         <object_component_ref idref="oc-31c"/>
      </symbol>
      <symbol id="sm-4c6">
         <name>GPIO_setDirectionMode</name>
         <value>0x817b8</value>
         <object_component_ref idref="oc-316"/>
      </symbol>
      <symbol id="sm-4c7">
         <name>GPIO_setPinConfig</name>
         <value>0x8147a</value>
         <object_component_ref idref="oc-310"/>
      </symbol>
      <symbol id="sm-52a">
         <name>Interrupt_disable</name>
         <value>0x811eb</value>
         <object_component_ref idref="oc-4ad"/>
      </symbol>
      <symbol id="sm-52b">
         <name>Interrupt_initModule</name>
         <value>0x81277</value>
         <object_component_ref idref="oc-20e"/>
      </symbol>
      <symbol id="sm-52c">
         <name>Interrupt_enable</name>
         <value>0x813ab</value>
         <object_component_ref idref="oc-e7"/>
      </symbol>
      <symbol id="sm-52d">
         <name>Interrupt_initVectorTable</name>
         <value>0x81a3b</value>
         <object_component_ref idref="oc-214"/>
      </symbol>
      <symbol id="sm-581">
         <name>MCAN_getOpMode</name>
         <value>0x81b2e</value>
         <object_component_ref idref="oc-271"/>
      </symbol>
      <symbol id="sm-582">
         <name>MCAN_addStdMsgIDFilter</name>
         <value>0x815c3</value>
         <object_component_ref idref="oc-301"/>
      </symbol>
      <symbol id="sm-583">
         <name>MCAN_isMemInitDone</name>
         <value>0x81afa</value>
         <object_component_ref idref="oc-2e6"/>
      </symbol>
      <symbol id="sm-584">
         <name>MCAN_setOpMode</name>
         <value>0x81ad1</value>
         <object_component_ref idref="oc-283"/>
      </symbol>
      <symbol id="sm-585">
         <name>MCAN_init</name>
         <value>0x80bcf</value>
         <object_component_ref idref="oc-2ec"/>
      </symbol>
      <symbol id="sm-586">
         <name>MCAN_msgRAMConfig</name>
         <value>0x8023b</value>
         <object_component_ref idref="oc-2f8"/>
      </symbol>
      <symbol id="sm-587">
         <name>MCAN_setBitTime</name>
         <value>0x80d42</value>
         <object_component_ref idref="oc-2f2"/>
      </symbol>
      <symbol id="sm-5e4">
         <name>SysCtl_isPLLValid</name>
         <value>0x80859</value>
         <object_component_ref idref="oc-2bf"/>
      </symbol>
      <symbol id="sm-5e5">
         <name>SysCtl_delay</name>
         <value>0xb622</value>
         <object_component_ref idref="oc-2b8"/>
      </symbol>
      <symbol id="sm-5e6">
         <name>SysCtl_selectXTALSingleEnded</name>
         <value>0x818df</value>
         <object_component_ref idref="oc-39d"/>
      </symbol>
      <symbol id="sm-5e7">
         <name>SysCtl_selectXTAL</name>
         <value>0x81539</value>
         <object_component_ref idref="oc-3a3"/>
      </symbol>
      <symbol id="sm-5e8">
         <name>SysCtl_selectOscSource</name>
         <value>0x81596</value>
         <object_component_ref idref="oc-2b9"/>
      </symbol>
      <symbol id="sm-5e9">
         <name>SysCtl_setClock</name>
         <value>0x8064a</value>
         <object_component_ref idref="oc-21a"/>
      </symbol>
      <symbol id="sm-5fa">
         <name>code_start</name>
         <value>0x80000</value>
         <object_component_ref idref="oc-a8"/>
      </symbol>
      <symbol id="sm-61e">
         <name>Fapi_issueAsyncCommandWithAddress</name>
         <value>0xb013</value>
         <object_component_ref idref="oc-4e7"/>
      </symbol>
      <symbol id="sm-61f">
         <name>Fapi_issueAsyncCommand</name>
         <value>0xb445</value>
         <object_component_ref idref="oc-4e1"/>
      </symbol>
      <symbol id="sm-661">
         <name>Fapi_issueProgrammingCommand</name>
         <value>0xadab</value>
         <object_component_ref idref="oc-4ba"/>
      </symbol>
      <symbol id="sm-675">
         <name>Fapi_doBlankCheck</name>
         <value>0xb093</value>
         <object_component_ref idref="oc-4ed"/>
      </symbol>
      <symbol id="sm-6a2">
         <name>Fapi_checkRegionForValue</name>
         <value>0xb10f</value>
         <object_component_ref idref="oc-52d"/>
      </symbol>
      <symbol id="sm-6a3">
         <name>Fapi_flushPipeline</name>
         <value>0xb465</value>
         <object_component_ref idref="oc-541"/>
      </symbol>
      <symbol id="sm-6a4">
         <name>Fapi_loopRegionForValue</name>
         <value>0xb189</value>
         <object_component_ref idref="oc-547"/>
      </symbol>
      <symbol id="sm-6b1">
         <name>Fapi_doVerify</name>
         <value>0xb4b8</value>
         <object_component_ref idref="oc-4d8"/>
      </symbol>
      <symbol id="sm-719">
         <name>Fapi_setActiveFlashBank</name>
         <value>0xb32f</value>
         <object_component_ref idref="oc-4fa"/>
      </symbol>
      <symbol id="sm-71a">
         <name>Fapi_isAddressEcc</name>
         <value>0xb421</value>
         <object_component_ref idref="oc-578"/>
      </symbol>
      <symbol id="sm-71b">
         <name>Fapi_setupBankSectorEnable</name>
         <value>0xb398</value>
         <object_component_ref idref="oc-561"/>
      </symbol>
      <symbol id="sm-71c">
         <name>Fapi_issueFsmCommand</name>
         <value>0xb264</value>
         <object_component_ref idref="oc-51a"/>
      </symbol>
      <symbol id="sm-71d">
         <name>Fapi_checkFsmForReady</name>
         <value>0xb4c7</value>
         <object_component_ref idref="oc-4c0"/>
      </symbol>
      <symbol id="sm-71e">
         <name>Fapi_setupSectorsForWrite</name>
         <value>0xb482</value>
         <object_component_ref idref="oc-520"/>
      </symbol>
      <symbol id="sm-71f">
         <name>Fapi_getFsmStatus</name>
         <value>0xb4ed</value>
         <object_component_ref idref="oc-4cc"/>
      </symbol>
      <symbol id="sm-732">
         <name>Fapi_initializeAPI</name>
         <value>0xb366</value>
         <object_component_ref idref="oc-4f4"/>
      </symbol>
      <symbol id="sm-733">
         <name>Fapi_GlobalInit</name>
         <value>0xaa26</value>
         <object_component_ref idref="oc-515"/>
      </symbol>
      <symbol id="sm-78f">
         <name>Fapi_calculateOtpChecksum</name>
         <value>0xb4d5</value>
         <object_component_ref idref="oc-58b"/>
      </symbol>
      <symbol id="sm-790">
         <name>Fapi_scaleCycleValues</name>
         <value>0xb4e2</value>
         <object_component_ref idref="oc-591"/>
      </symbol>
      <symbol id="sm-791">
         <name>Fapi_WriteReadBack</name>
         <value>0xb49e</value>
         <object_component_ref idref="oc-50f"/>
      </symbol>
      <symbol id="sm-792">
         <name>Fapi_configureFMAC</name>
         <value>0xb203</value>
         <object_component_ref idref="oc-53a"/>
      </symbol>
      <symbol id="sm-793">
         <name>Fapi_calculateFletcherChecksum</name>
         <value>0xb3c9</value>
         <object_component_ref idref="oc-59e"/>
      </symbol>
      <symbol id="sm-794">
         <name>Fapi_calculateEcc</name>
         <value>0xb2f5</value>
         <object_component_ref idref="oc-4b4"/>
      </symbol>
      <symbol id="sm-795">
         <name>Fapi_isAddressValid</name>
         <value>0xb2ba</value>
         <object_component_ref idref="oc-509"/>
      </symbol>
      <symbol id="sm-796">
         <name>Fapi_divideUnsignedLong</name>
         <value>0xb3f5</value>
         <object_component_ref idref="oc-585"/>
      </symbol>
      <symbol id="sm-7a0">
         <name>_c_int00</name>
         <value>0x819f8</value>
         <object_component_ref idref="oc-100"/>
      </symbol>
      <symbol id="sm-7a1">
         <name>__stack</name>
         <value>0x400</value>
         <object_component_ref idref="oc-bf"/>
      </symbol>
      <symbol id="sm-7ab">
         <name>__c28xabi_cmpll</name>
         <value>0x81834</value>
         <object_component_ref idref="oc-38a"/>
      </symbol>
      <symbol id="sm-7ac">
         <name>__c28xabi_cmpull</name>
         <value>0x81846</value>
         <object_component_ref idref="oc-38a"/>
      </symbol>
      <symbol id="sm-7b8">
         <name>__c28xabi_ftoull</name>
         <value>0x81707</value>
         <object_component_ref idref="oc-384"/>
      </symbol>
      <symbol id="sm-7ca">
         <name>memcpy</name>
         <value>0x81852</value>
         <object_component_ref idref="oc-c2"/>
      </symbol>
      <symbol id="sm-7d7">
         <name>_system_pre_init</name>
         <value>0x81b6b</value>
         <object_component_ref idref="oc-130"/>
      </symbol>
      <symbol id="sm-7e6">
         <name>__TI_auto_init_nobinit_nopinit</name>
         <value>0x815ee</value>
         <object_component_ref idref="oc-157"/>
      </symbol>
      <symbol id="sm-7f3">
         <name>__TI_zero_init</name>
         <value>0x81b49</value>
         <object_component_ref idref="oc-d0"/>
      </symbol>
      <symbol id="sm-800">
         <name>__TI_decompress_none</name>
         <value>0x81b1e</value>
         <object_component_ref idref="oc-a1"/>
      </symbol>
      <symbol id="sm-814">
         <name>__TI_decompress_lzss</name>
         <value>0x814da</value>
         <object_component_ref idref="oc-9b"/>
      </symbol>
      <symbol id="sm-82a">
         <name>C$$EXIT</name>
         <value>0x8166d</value>
         <object_component_ref idref="oc-13d"/>
      </symbol>
      <symbol id="sm-82b">
         <name>abort</name>
         <value>0x8166d</value>
         <object_component_ref idref="oc-13d"/>
      </symbol>
      <symbol id="sm-82c">
         <name>exit</name>
         <value>0x8166f</value>
         <object_component_ref idref="oc-13d"/>
      </symbol>
      <symbol id="sm-82d">
         <name>__TI_dtors_ptr</name>
         <value>0xb62a</value>
         <object_component_ref idref="oc-18f"/>
      </symbol>
      <symbol id="sm-82e">
         <name>__TI_cleanup_ptr</name>
         <value>0xb628</value>
         <object_component_ref idref="oc-18f"/>
      </symbol>
      <symbol id="sm-82f">
         <name>__TI_enable_exit_profile_output</name>
         <value>0xb626</value>
         <object_component_ref idref="oc-18f"/>
      </symbol>
      <symbol id="sm-846">
         <name>_nop</name>
         <value>0x81b15</value>
         <object_component_ref idref="oc-1e2"/>
      </symbol>
      <symbol id="sm-847">
         <name>_lock</name>
         <value>0xb62c</value>
         <object_component_ref idref="oc-192"/>
      </symbol>
      <symbol id="sm-848">
         <name>_unlock</name>
         <value>0xb62e</value>
         <object_component_ref idref="oc-28b"/>
      </symbol>
      <symbol id="sm-849">
         <name>_register_lock</name>
         <value>0x81b11</value>
         <object_component_ref idref="oc-1e2"/>
      </symbol>
      <symbol id="sm-84a">
         <name>_register_unlock</name>
         <value>0x81b0d</value>
         <object_component_ref idref="oc-1e2"/>
      </symbol>
      <symbol id="sm-859">
         <name>_args_main</name>
         <value>0x81aee</value>
         <object_component_ref idref="oc-137"/>
      </symbol>
      <symbol id="sm-868">
         <name>memset</name>
         <value>0x81b3c</value>
         <object_component_ref idref="oc-f9"/>
      </symbol>
      <symbol id="sm-876">
         <name>_system_post_cinit</name>
         <value>0x81b6d</value>
         <object_component_ref idref="oc-19a"/>
      </symbol>
      <symbol id="sm-878">
         <name>__c_args__</name>
         <value>0x0</value>
      </symbol>
   </symbol_table>
   <title>Link successful</title>
</link_info>
