******************************************************************************
             TMS320C2000 Linker PC v22.6.1                     
******************************************************************************
>> Linked Mon Sep 30 16:08:49 2024

OUTPUT FILE NAME:   <NeckBoot.out>
ENTRY POINT SYMBOL: "code_start"  address: 00080000


MEMORY CONFIGURATION

         name            origin    length      used     unused   attr    fill
----------------------  --------  ---------  --------  --------  ----  --------
  BOOT_RSVD             00000002   00000126  00000000  00000126  RWIX
  RAMM0                 00000128   000002d8  00000000  000002d8  RWIX
  RAMM1                 00000400   000003f8  00000100  000002f8  RWIX
  ADCARESULT            00000b00   00000018  00000000  00000018  RWIX
  ADCBRESULT            00000b20   00000018  00000000  00000018  RWIX
  ADCCRESULT            00000b40   00000018  00000000  00000018  RWIX
  CPUTIMER0             00000c00   00000008  00000000  00000008  RWIX
  CPUTIMER1             00000c08   00000008  00000000  00000008  RWIX
  CPUTIMER2             00000c10   00000008  00000000  00000008  RWIX
  PIECTRL               00000ce0   0000001a  00000000  0000001a  RWIX
  PIEVECTTABLE          00000d00   00000200  00000000  00000200  RWIX
  DMA                   00001000   00000200  00000000  00000200  RWIX
  CLA1                  00001400   00000080  00000000  00000080  RWIX
  CLA1_MSGRAMLOW        00001480   00000080  00000000  00000080  RWIX
  CLA1_MSGRAMHIGH       00001500   00000080  00000000  00000080  RWIX
  CLB1LOGICCFG          00003000   00000052  00000000  00000052  RWIX
  CLB1LOGICCTRL         00003100   00000040  00000000  00000040  RWIX
  CLB1DATAEXCH          00003180   00000080  00000000  00000080  RWIX
  CLB2LOGICCFG          00003400   00000052  00000000  00000052  RWIX
  CLB2LOGICCTRL         00003500   00000040  00000000  00000040  RWIX
  CLB2DATAEXCH          00003580   00000080  00000000  00000080  RWIX
  CLB3LOGICCFG          00003800   00000052  00000000  00000052  RWIX
  CLB3LOGICCTRL         00003900   00000040  00000000  00000040  RWIX
  CLB3DATAEXCH          00003980   00000080  00000000  00000080  RWIX
  CLB4LOGICCFG          00003c00   00000052  00000000  00000052  RWIX
  CLB4LOGICCTRL         00003d00   00000040  00000000  00000040  RWIX
  CLB4DATAEXCH          00003d80   00000080  00000000  00000080  RWIX
  EPWM1                 00004000   00000100  00000000  00000100  RWIX
  EPWM2                 00004100   00000100  00000000  00000100  RWIX
  EPWM3                 00004200   00000100  00000000  00000100  RWIX
  EPWM4                 00004300   00000100  00000000  00000100  RWIX
  EPWM5                 00004400   00000100  00000000  00000100  RWIX
  EPWM6                 00004500   00000100  00000000  00000100  RWIX
  EPWM7                 00004600   00000100  00000000  00000100  RWIX
  EPWM8                 00004700   00000100  00000000  00000100  RWIX
  EQEP1                 00005100   00000040  00000000  00000040  RWIX
  EQEP2                 00005140   00000040  00000000  00000040  RWIX
  ECAP1                 00005200   00000020  00000000  00000020  RWIX
  ECAP2                 00005240   00000020  00000000  00000020  RWIX
  ECAP3                 00005280   00000020  00000000  00000020  RWIX
  HRCAP3                000052a0   00000020  00000000  00000020  RWIX
  DACA                  00005c00   00000008  00000000  00000008  RWIX
  DACB                  00005c10   00000008  00000000  00000008  RWIX
  CMPSS1                00005c80   00000020  00000000  00000020  RWIX
  CMPSS2                00005ca0   00000020  00000000  00000020  RWIX
  CMPSS3                00005cc0   00000020  00000000  00000020  RWIX
  CMPSS4                00005ce0   00000020  00000000  00000020  RWIX
  SDFM1                 00005e00   00000080  00000000  00000080  RWIX
  SDFM2                 00005e80   00000080  00000000  00000080  RWIX
  SPIA                  00006100   00000010  00000000  00000010  RWIX
  SPIB                  00006110   00000010  00000000  00000010  RWIX
  BGCRCCPU              00006340   00000040  00000000  00000040  RWIX
  BGCRCCLA1             00006380   00000040  00000000  00000040  RWIX
  PMBUSA                00006400   00000020  00000000  00000020  RWIX
  HIC                   00006500   00000080  00000000  00000080  RWIX
  FSITXA                00006600   00000050  00000000  00000050  RWIX
  FSIRXA                00006680   00000050  00000000  00000050  RWIX
  LINA                  00006a00   000000ec  00000000  000000ec  RWIX
  LINB                  00006b00   000000ec  00000000  000000ec  RWIX
  WD                    00007000   0000002c  00000000  0000002c  RWIX
  NMIINTRUPT            00007060   00000010  00000000  00000010  RWIX
  XINT                  00007070   0000000c  00000000  0000000c  RWIX
  SCIA                  00007200   00000010  00000000  00000010  RWIX
  SCIB                  00007210   00000010  00000000  00000010  RWIX
  I2CA                  00007300   00000022  00000000  00000022  RWIX
  I2CB                  00007340   00000022  00000000  00000022  RWIX
  ADCA                  00007400   00000080  00000000  00000080  RWIX
  ADCB                  00007480   00000080  00000000  00000080  RWIX
  ADCC                  00007500   00000080  00000000  00000080  RWIX
  INPUTXBAR             00007900   00000020  00000000  00000020  RWIX
  XBAR                  00007920   00000020  00000000  00000020  RWIX
  SYNCSOC               00007940   00000006  00000000  00000006  RWIX
  CLBINPUTXBAR          00007960   00000020  00000000  00000020  RWIX
  DMACLASRCSEL          00007980   0000001a  00000000  0000001a  RWIX
  EPWMXBAR              00007a00   00000040  00000000  00000040  RWIX
  CLBXBAR               00007a40   00000040  00000000  00000040  RWIX
  OUTPUTXBAR            00007a80   00000040  00000000  00000040  RWIX
  CLBOUTPUTXBAR         00007bc0   00000040  00000000  00000040  RWIX
  GPIOCTRL              00007c00   00000200  00000000  00000200  RWIX
  GPIODATA              00007f00   00000040  00000000  00000040  RWIX
  GPIODATAREAD          00007f80   00000010  00000000  00000010  RWIX
  LFU                   00007fe0   00000020  00000000  00000020  RWIX
  RAMCLAPROG            00008000   00001000  00000000  00001000  RWIX
  RAMCLADATA            00009000   00000800  00000000  00000800  RWIX
  RAMLSNonCla           00009800   00002800  00001e20  000009e0  RWIX
  RAMGS0to3             0000c000   00003ff8  00001000  00002ff8  RWIX
  CANA                  00048000   00000200  00000000  00000200  RWIX
  MCANSS                0005c400   00000016  00000000  00000016  RWIX
  MCAN                  0005c600   00000080  00000000  00000080  RWIX
  MCANERROR             0005c800   00000108  00000000  00000108  RWIX
  DEVCFG                0005d000   000001b0  00000000  000001b0  RWIX
  CLKCFG                0005d200   00000100  00000000  00000100  RWIX
  CPUSYS                0005d300   000000a0  00000000  000000a0  RWIX
  SYSSTATUS             0005d400   00000040  00000000  00000040  RWIX
  PERIPHAC              0005d500   00000200  00000000  00000200  RWIX
  ANALOGSUBSYS          0005d700   00000122  00000000  00000122  RWIX
  DCC0                  0005e700   00000038  00000000  00000038  RWIX
  DCC1                  0005e740   00000038  00000000  00000038  RWIX
  ERADGLOBAL            0005e800   00000014  00000000  00000014  RWIX
  ERADHWBP1             0005e900   00000008  00000000  00000008  RWIX
  ERADHWBP2             0005e908   00000008  00000000  00000008  RWIX
  ERADHWBP3             0005e910   00000008  00000000  00000008  RWIX
  ERADHWBP4             0005e918   00000008  00000000  00000008  RWIX
  ERADHWBP5             0005e920   00000008  00000000  00000008  RWIX
  ERADHWBP6             0005e928   00000008  00000000  00000008  RWIX
  ERADHWBP7             0005e930   00000008  00000000  00000008  RWIX
  ERADHWBP8             0005e938   00000008  00000000  00000008  RWIX
  ERADCOUNTER1          0005e980   00000010  00000000  00000010  RWIX
  ERADCOUNTER2          0005e990   00000010  00000000  00000010  RWIX
  ERADCOUNTER3          0005e9a0   00000010  00000000  00000010  RWIX
  ERADCOUNTER4          0005e9b0   00000010  00000000  00000010  RWIX
  ERADCRCGLOBAL         0005ea00   00000010  00000000  00000010  RWIX
  ERADCRC1              0005ea10   00000010  00000000  00000010  RWIX
  ERADCRC2              0005ea20   00000010  00000000  00000010  RWIX
  ERADCRC3              0005ea30   00000010  00000000  00000010  RWIX
  ERADCRC4              0005ea40   00000010  00000000  00000010  RWIX
  ERADCRC5              0005ea50   00000010  00000000  00000010  RWIX
  ERADCRC6              0005ea60   00000010  00000000  00000010  RWIX
  ERADCRC7              0005ea70   00000010  00000000  00000010  RWIX
  ERADCRC8              0005ea80   00000010  00000000  00000010  RWIX
  EPG1                  0005ec00   00000050  00000000  00000050  RWIX
  EPG1MUX               0005ecd0   00000010  00000000  00000010  RWIX
  DCSMZ1                0005f000   0000003e  00000000  0000003e  RWIX
  DCSMZ2                0005f080   0000003e  00000000  0000003e  RWIX
  DCSMCOMMON            0005f0c0   00000020  00000000  00000020  RWIX
  MEMCFG                0005f400   000000c0  00000000  000000c0  RWIX
  ACCESSPROTECTION      0005f500   00000040  00000000  00000040  RWIX
  MEMORYERROR           0005f540   00000040  00000000  00000040  RWIX
  TESTERROR             0005f590   00000010  00000000  00000010  RWIX
  FLASH0CTRL            0005f800   00000182  00000000  00000182  RWIX
  FLASH0ECC             0005fb00   00000028  00000000  00000028  RWIX
  DCSMZ1OTP             00078000   00000020  00000000  00000020  RWIX
  DCSMZ2OTP             00078200   00000020  00000000  00000020  RWIX
  BEGIN                 00080000   00000002  00000002  00000000  RWIX
  FLASH_BANK0_SEC0to3   00080002   00002ffe  00002b18  000004e6  RWIX
  SECURE_ROM            003f2000   00006000  00000000  00006000  RWIX
  BOOTROM               003f8000   00007fc0  00000000  00007fc0  RWIX
  RESET                 003fffc0   00000002  00000000  00000002  RWIX


SECTION ALLOCATION MAP

 output                                  attributes/
section   page    origin      length       input sections
--------  ----  ----------  ----------   ----------------
codestart 
*          0    00080000    00000002     
                  00080000    00000002     f28003x_codestartbranch.obj (codestart)

.text      0    00080008    00001b91     
                  00080008    00000250     BootCanSlave.obj (.text:CanSlave)
                  00080258    00000183     mcan.obj (.text:MCAN_msgRAMConfig)
                  000803db    00000155     BootPrjMCAN.obj (.text:setupMCAN)
                  00080530    00000137     BootLowLevel.obj (.text:InitPeripherals)
                  00080667    00000108     sysctl.obj (.text:SysCtl_setClock)
                  0008076f    00000107     BootPinMux.obj (.text:setupGpio)
                  00080876    000000ee     sysctl.obj (.text:SysCtl_isPLLValid)
                  00080964    000000e2     BootObjectDict.obj (.text:SetFwCmd)
                  00080a46    000000d8     BootPrjMCAN.obj (.text:RtCanService)
                  00080b1e    000000cf     BootPrjMCAN.obj (.text:RTDealBlockUpload)
                  00080bed    000000c9     mcan.obj (.text:MCAN_init)
                  00080cb6    000000aa     BootAdc.obj (.text:SetupADCs)
                  00080d60    000000a7     mcan.obj (.text:MCAN_setBitTime)
                  00080e07    000000a1     BootPrjMCAN.obj (.text:DealBlockDloadRt)
                  00080ea8    00000075     BootMainApp.obj (.text:ApplyIdentity)
                  00080f1d    00000074     interrupt.obj (.text:Interrupt_clearIFR)
                  00080f91    00000073     BootCanSlave.obj (.text:AddSdo2Buf)
                  00081004    00000060     BootLowLevel.obj (.text:SetupIsr)
                  00081064    0000005b     BootCanSlave.obj (.text:SlaveSdoUploadSegmented)
                  000810bf    0000005a     BootPwmDrive.obj (.text:SetupPWM)
                  00081119    00000057     BootMainApp.obj (.text:main)
                  00081170    00000055     BootAdcIsr.obj (.text:AdcIsr)
                  000811c5    0000004f     BootMainApp.obj (.text:TestProgramValid)
                  00081214    0000004a     interrupt.obj (.text:Interrupt_disable)
                  0008125e    00000042     BootMainApp.obj (.text:InitAppData)
                  000812a0    00000041     interrupt.obj (.text:Interrupt_initModule)
                  000812e1    00000041     BootPrjMCAN.obj (.text:SetMsg2HW)
                  00081322    0000003f     gpio.obj (.text:GPIO_setPadConfig)
                  00081361    0000003a     BootPwmDrive.obj (.text:SetupPwmPacer)
                  0008139b    00000039     BootPrjMCAN.obj (.text:BlockUploadConfirmService)
                  000813d4    00000036     interrupt.obj (.text:Interrupt_enable)
                  0008140a    00000036     BootCanSlave.obj (.text:SlaveSdoConfirmInitDloadBlock)
                  00081440    00000031     BootObjectDict.obj (.text:GetFwCmd)
                  00081471    00000030     gpio.obj (.text:GPIO_setPinConfig)
                  000814a1    00000030     BootCanSlave.obj (.text:SlaveSdoConfirmInitUploadBlock)
                  000814d1    00000030     rts2800_fpu32_eabi.lib : copy_decompress_lzss.c.obj (.text:decompress:lzss)
                  00081501    0000002f     BootObjectDict.obj (.text:KillCLA)
                  00081530    0000002f     sysctl.obj (.text:SysCtl_selectXTAL)
                  0008155f    0000002e     BootMainApp.obj (.text:CfgBlockTransport)
                  0008158d    0000002e     BootCanSlave.obj (.text:PutCanSlaveQueue)
                  000815bb    0000002d     sysctl.obj (.text:SysCtl_selectOscSource)
                  000815e8    0000002b     mcan.obj (.text:MCAN_addStdMsgIDFilter)
                  00081613    0000002b     rts2800_fpu32_eabi.lib : autoinit.c.obj (.text:__TI_auto_init_nobinit_nopinit)
                  0008163e    0000002a     BootObjectDict.obj (.text:GetObjIndex)
                  00081668    0000002a     BootPinMux.obj (.text:SetAdcMux)
                  00081692    00000029     rts2800_fpu32_eabi.lib : exit.c.obj (.text)
                  000816bb    00000026     BootObjectDict.obj (.text:SetFwDataBuf)
                  000816e1    00000026     BootPinMux.obj (.text:setupGpioCAN)
                  00081707    00000025     BootIdleLoop.obj (.text:IdleLoop)
                  0008172c    00000025     rts2800_fpu32_eabi.lib : fs_toullfpu32.asm.obj (.text)
                  00081751    00000024     BootTimerArr.obj (.text:SetSysTimerTargetSec)
                  00081775    00000023     BootObjectDict.obj (.text:SafeProgramFlash)
                  00081798    00000023     BootCanSlave.obj (.text:SlaveSdoConfirmInitUploadExpedit)
                  000817bb    00000022     gpio.obj (.text:GPIO_setQualificationMode)
                  000817dd    00000022     BootPrjMCAN.obj (.text:SetExtendedBootUpMessage)
                  000817ff    00000020     gpio.obj (.text:GPIO_setDirectionMode)
                  0008181f    0000001f     sysctl.obj (.text:SysCtl_pollX1Counter)
                  0008183e    0000001e     rts2800_fpu32_eabi.lib : ll_cmp28.asm.obj (.text)
                  0008185c    0000001d                            : memcpy.c.obj (.text)
                  00081879    0000001c     BootCanSlave.obj (.text:AbortSlaveSdo)
                  00081895    0000001c     BootAsmUtil.obj (.text)
                  000818b1    0000001c     BootMainApp.obj (.text:InitTimeOuts)
                  000818cd    0000001c     BootTimerArr.obj (.text:IsSysTimerElapse)
                  000818e9    0000001c     BootCanSlave.obj (.text:SlaveSdoEndOfSubBlock)
                  00081905    0000001c     sysctl.obj (.text:SysCtl_selectXTALSingleEnded)
                  00081921    00000001     BootPwmDrive.obj (.text:SetGateDriveEable)
                  00081922    0000001b     BootTimerArr.obj (.text:InitSystemTimer)
                  0008193d    0000001b     BootPwmDrive.obj (.text:KillMotor)
                  00081958    0000001b     BootObjectDict.obj (.text:SafeEraseFlash)
                  00081973    0000001a     adc.obj (.text:ADC_setOffsetTrimAll)
                  0008198d    00000019     adc.obj (.text:ADC_setVREF)
                  000819a6    00000019     BootObjectDict.obj (.text:SafePrepFlash)
                  000819bf    00000018     BootTimerArr.obj (.text:SetSysTimerTarget)
                  000819d7    00000018     BootCanSlave.obj (.text:SlaveSdoConfirmInitUploadSegmented)
                  000819ef    00000018     BootTimerArr.obj (.text:WaitStam)
                  00081a07    00000017     BootCanSlave.obj (.text:SlaveSdoConfirmInitDload)
                  00081a1e    00000017     rts2800_fpu32_eabi.lib : boot28.asm.obj (.text)
                  00081a35    00000016     BootPrjMCAN.obj (.text:SetBootUpMessage)
                  00081a4b    00000016     BootObjectDict.obj (.text:TestFlashAddress)
                  00081a61    00000015     interrupt.obj (.text:Interrupt_initVectorTable)
                  00081a76    00000014     BootTimerArr.obj (.text:UpdateSysTimer)
                  00081a8a    00000013     BootObjectDict.obj (.text:GetFwData)
                  00081a9d    00000013     BootObjectDict.obj (.text:ResetCpu)
                  00081ab0    00000013     BootCanSlave.obj (.text:SlaveSdoEndOfBlock)
                  00081ac3    00000012     BootLowLevel.obj (.text:PauseInts)
                  00081ad5    00000011     BootObjectDict.obj (.text:SetFwData)
                  00081ae6    00000011     BootAdc.obj (.text:setupDac)
                  00081af7    0000000f     mcan.obj (.text:MCAN_setOpMode)
                  00081b06    0000000e     BootLowLevel.obj (.text:UnpauseInts)
                  00081b14    0000000c     rts2800_fpu32_eabi.lib : args_main.c.obj (.text)
                  00081b20    0000000a     mcan.obj (.text:MCAN_isMemInitDone)
                  00081b2a    00000009     BootLowLevel.obj (.text:WaitUsec)
                  00081b33    00000009     rts2800_fpu32_eabi.lib : _lock.c.obj (.text)
                  00081b3c    00000008     mcan.obj (.text:MCAN_writeProtectedRegAccessLock)
                  00081b44    00000008     rts2800_fpu32_eabi.lib : copy_decompress_none.c.obj (.text:decompress:none)
                  00081b4c    00000008     f28003x_codestartbranch.obj (.text)
                  00081b54    00000007     mcan.obj (.text:MCAN_getOpMode)
                  00081b5b    00000007     mcan.obj (.text:MCAN_writeProtectedRegAccessUnlock)
                  00081b62    00000007     rts2800_fpu32_eabi.lib : memset.c.obj (.text)
                  00081b69    00000006     cputimer.obj (.text:CPUTimer_setEmulationMode)
                  00081b6f    00000006     rts2800_fpu32_eabi.lib : copy_zero_init.c.obj (.text:decompress:ZI)
                  00081b75    00000005     BootMainApp.obj (.text:setupPwmParams)
                  00081b7a    00000004     BootCanSlave.obj (.text:GetOdSize)
                  00081b7e    00000004     interrupt.obj (.text:Interrupt_defaultHandler)
                  00081b82    00000004     BootLowLevel.obj (.text:ResetHardwareSysTimer)
                  00081b86    00000003     BootFlashDrv.obj (.text:Example_Error)
                  00081b89    00000003     BootFlashDrv.obj (.text:FMSTAT_Fail)
                  00081b8c    00000003     BootObjectDict.obj (.text:NoSuchGetObject)
                  00081b8f    00000003     BootObjectDict.obj (.text:NoSuchSetObject)
                  00081b92    00000002     interrupt.obj (.text:Interrupt_illegalOperationHandler)
                  00081b94    00000002     interrupt.obj (.text:Interrupt_nmiHandler)
                  00081b96    00000002     rts2800_fpu32_eabi.lib : pre_init.c.obj (.text)
                  00081b98    00000001                            : startup.c.obj (.text)

.cinit     0    00082b08    00000024     
                  00082b08    00000009     (.cinit..data.load) [load image, compression = lzss]
                  00082b11    00000001     --HOLE-- [fill = 0]
                  00082b12    00000006     (__TI_handler_table)
                  00082b18    00000004     (.cinit..bss.load) [load image, compression = zero_init]
                  00082b1c    00000004     (.cinit.ramgs0to3.load) [load image, compression = zero_init]
                  00082b20    0000000c     (__TI_cinit_table)

.reset     0    003fffc0    00000000     DSECT

.stack     0    00000400    00000100     UNINITIALIZED
                  00000400    00000100     --HOLE--

.init_array 
*          0    00080008    00000000     UNINITIALIZED

.bss       0    00009800    00001220     UNINITIALIZED
                  00009800    00001000     BootMainApp.obj (.bss:SlaveSdoBuf)
                  0000a800    00000200     BootMainApp.obj (.bss)
                  0000aa00    00000012     BootPrjMCAN.obj (.bss)
                  0000aa12    00000008     BootCanSlave.obj (.bss)
                  0000aa1a    00000006     FAPI_F28003x_EABI_v1.58.01.lib : Init.obj (.bss)

.data      0    0000b616    0000000a     UNINITIALIZED
                  0000b616    00000006     rts2800_fpu32_eabi.lib : exit.c.obj (.data)
                  0000b61c    00000002                            : _lock.c.obj (.data:_lock)
                  0000b61e    00000002                            : _lock.c.obj (.data:_unlock)

.const     0    00082798    0000036d     
                  00082798    0000023c     BootMainApp.obj (.const:ProjSpecificData)
                  000829d4    00000100     BootMainApp.obj (.const:crc_ccitt_table)
                  00082ad4    00000018     BootObjectDict.obj (.const:ObjDictionaryItem)
                  00082aec    00000010     BootPrjMCAN.obj (.const:Dlc2Len)
                  00082afc    00000008     BootPrjMCAN.obj (.const:SpaceForElementSizeInLongs)
                  00082b04    00000001     BootObjectDict.obj (.const)

ramgs0to3 
*          0    0000c000    00001000     UNINITIALIZED
                  0000c000    00001000     BootObjectDict.obj (ramgs0to3)

.TI.ramfunc 
*          0    00081ba0    00000bf6     RUN ADDR = 0000aa20
                  00081ba0    0000037b     FAPI_F28003x_EABI_v1.58.01.lib : FlashStateMachine.obj (.text:Fapi_setupFlashStateMachine)
                  00081f1b    00000268                                    : Program.obj (.text:Fapi_issueProgrammingCommand)
                  00082183    00000080                                    : Async.obj (.text:Fapi_issueAsyncCommandWithAddress)
                  00082203    0000007c                                    : BlankCheck.obj (.text:Fapi_doBlankCheck)
                  0008227f    0000007a                                    : Read.obj (.text:Fapi_checkRegionForValue)
                  000822f9    0000007a                                    : Read.obj (.text:Fapi_loopRegionForValue)
                  00082373    00000061                                    : Utilities.obj (.text:Fapi_configureFMAC)
                  000823d4    00000056                                    : FlashStateMachine.obj (.text:Fapi_issueFsmCommand)
                  0008242a    0000003b                                    : Utilities.obj (.text:Fapi_isAddressValid)
                  00082465    0000003a                                    : Utilities.obj (.text:Fapi_calculateEcc)
                  0008249f    00000037                                    : FlashStateMachine.obj (.text:Fapi_setActiveFlashBank)
                  000824d6    00000032                                    : Init.obj (.text:Fapi_initializeAPI)
                  00082508    00000031                                    : FlashStateMachine.obj (.text:Fapi_setupBankSectorEnable)
                  00082539    0000002c                                    : Utilities.obj (.text:Fapi_calculateFletcherChecksum)
                  00082565    0000002c                                    : Utilities.obj (.text:Fapi_divideUnsignedLong)
                  00082591    00000024                                    : FlashStateMachine.obj (.text:Fapi_isAddressEcc)
                  000825b5    00000020                                    : Async.obj (.text:Fapi_issueAsyncCommand)
                  000825d5    0000001d                                    : Read.obj (.text:Fapi_flushPipeline)
                  000825f2    0000001c                                    : FlashStateMachine.obj (.text:Fapi_setupSectorsForWrite)
                  0008260e    0000001a                                    : Utilities.obj (.text:Fapi_WriteReadBack)
                  00082628    0000000f                                    : Verify.obj (.text:Fapi_doVerify)
                  00082637    0000000e                                    : FlashStateMachine.obj (.text:Fapi_checkFsmForReady)
                  00082645    0000000d                                    : Utilities.obj (.text:Fapi_calculateOtpChecksum)
                  00082652    0000000b                                    : Utilities.obj (.text:Fapi_scaleCycleValues)
                  0008265d    00000007                                    : FlashStateMachine.obj (.text:Fapi_getFsmStatus)
                  00082664    00000097     BootFlashDrv.obj (.TI.ramfunc:ProgramPageAutoECC)
                  000826fb    0000004b     flash.obj (.TI.ramfunc:Flash_initModule)
                  00082746    00000038     BootFlashDrv.obj (.TI.ramfunc:EraseSector)
                  0008277e    00000014     BootFlashDrv.obj (.TI.ramfunc:PrepFlash4Burn)
                  00082792    00000004     sysctl.obj (.TI.ramfunc)

MODULE SUMMARY

       Module                        code    ro data   rw data
       ------                        ----    -------   -------
    .\Application\
       BootMainApp.obj               428     828       4608   
       BootObjectDict.obj            572     25        4096   
       BootCanSlave.obj              1107    0         8      
       BootTimerArr.obj              159     0         0      
       BootAdcIsr.obj                85      0         0      
       BootIdleLoop.obj              37      0         0      
       BootAsmUtil.obj               28      0         0      
    +--+-----------------------------+-------+---------+---------+
       Total:                        2416    853       8712   
                                                              
    .\Drivers\
       BootPrjMCAN.obj               1103    24        18     
       BootFlashDrv.obj              460     0         0      
       BootLowLevel.obj              452     0         0      
       BootPinMux.obj                343     0         0      
       BootAdc.obj                   187     0         0      
       BootPwmDrive.obj              176     0         0      
    +--+-----------------------------+-------+---------+---------+
       Total:                        2721    24        18     
                                                              
    .\driverlib\
       mcan.obj                      845     0         0      
       sysctl.obj                    661     0         0      
       interrupt.obj                 338     0         0      
       gpio.obj                      177     0         0      
       flash.obj                     150     0         0      
       adc.obj                       51      0         0      
       cputimer.obj                  6       0         0      
    +--+-----------------------------+-------+---------+---------+
       Total:                        2228    0         0      
                                                              
    .\f28003x\common\source\
       f28003x_codestartbranch.obj   10      0         0      
    +--+-----------------------------+-------+---------+---------+
       Total:                        10      0         0      
                                                              
    ../Ti/FAPI_F28003x_EABI_v1.58.01.lib
       FlashStateMachine.obj         2332    0         0      
       Program.obj                   1232    0         0      
       Utilities.obj                 704     0         0      
       Read.obj                      546     0         0      
       Async.obj                     320     0         0      
       BlankCheck.obj                248     0         0      
       Init.obj                      100     0         6      
       Verify.obj                    30      0         0      
    +--+-----------------------------+-------+---------+---------+
       Total:                        5512    0         6      
                                                              
    C:\ti\ccs1250\ccs\tools\compiler\ti-cgt-c2000_22.6.1.LTS\lib\rts2800_fpu32_eabi.lib
       copy_decompress_lzss.c.obj    48      0         0      
       exit.c.obj                    41      0         6      
       autoinit.c.obj                43      0         0      
       fs_toullfpu32.asm.obj         37      0         0      
       ll_cmp28.asm.obj              30      0         0      
       memcpy.c.obj                  29      0         0      
       boot28.asm.obj                23      0         0      
       _lock.c.obj                   9       0         4      
       args_main.c.obj               12      0         0      
       copy_decompress_none.c.obj    8       0         0      
       memset.c.obj                  7       0         0      
       copy_zero_init.c.obj          6       0         0      
       pre_init.c.obj                2       0         0      
       startup.c.obj                 1       0         0      
    +--+-----------------------------+-------+---------+---------+
       Total:                        296     0         10     
                                                              
       Stack:                        0       0         256    
       Linker Generated:             0       35        0      
    +--+-----------------------------+-------+---------+---------+
       Grand Total:                  13183   912       9002   


LINKER GENERATED COPY TABLES

__TI_cinit_table @ 00082b20 records: 3, size/record: 4, table size: 12
	.data: load addr=00082b08, load size=00000009 bytes, run addr=0000b616, run size=0000000a bytes, compression=lzss
	.bss: load addr=00082b18, load size=00000004 bytes, run addr=00009800, run size=00001220 bytes, compression=zero_init
	ramgs0to3: load addr=00082b1c, load size=00000004 bytes, run addr=0000c000, run size=00001000 bytes, compression=zero_init


LINKER GENERATED HANDLER TABLE

__TI_handler_table @ 00082b12 records: 3, size/record: 2, table size: 6
	index: 0, handler: __TI_zero_init
	index: 1, handler: __TI_decompress_lzss
	index: 2, handler: __TI_decompress_none


GLOBAL DATA SYMBOLS: SORTED BY DATA PAGE

address     data page           name
--------    ----------------    ----
00000400      10 (00000400)     __stack

00009800     260 (00009800)     SlaveSdoBuf

0000a800     2a0 (0000a800)     CanId
0000a801     2a0 (0000a800)     Proj_Type
0000a802     2a0 (0000a800)     ProjId
0000a803     2a0 (0000a800)     MV8
0000a804     2a0 (0000a800)     pUIdentity
0000a806     2a0 (0000a800)     pUNVParams
0000a808     2a0 (0000a800)     MasterBlaster
0000a80a     2a0 (0000a800)     SdoMaxLenLongGlobal
0000a80c     2a0 (0000a800)     DBaseConf
0000a812     2a0 (0000a800)     FlashProg
0000a818     2a0 (0000a800)     SlaveSdo

0000a840     2a1 (0000a840)     CanSlaveInQueue

0000a880     2a2 (0000a880)     CanSlaveOutQueue

0000a8c0     2a3 (0000a8c0)     SysTimerStr

0000a940     2a5 (0000a940)     SysState

0000aa00     2a8 (0000aa00)     rmw
0000aa02     2a8 (0000aa00)     TxMsg
0000aa0a     2a8 (0000aa00)     TempMsg
0000aa12     2a8 (0000aa00)     AddSdo2BufMsg
0000aa1a     2a8 (0000aa00)     Fapi_GlobalInit

0000b616     2d8 (0000b600)     __TI_enable_exit_profile_output
0000b618     2d8 (0000b600)     __TI_cleanup_ptr
0000b61a     2d8 (0000b600)     __TI_dtors_ptr
0000b61c     2d8 (0000b600)     _lock
0000b61e     2d8 (0000b600)     _unlock

0000c000     300 (0000c000)     BURN_DATA_BUFFER

00082798    209e (00082780)     ProjSpecificData

000829d4    20a7 (000829c0)     crc_ccitt_table

00082ad4    20ab (00082ac0)     ObjDictionaryItem
00082aec    20ab (00082ac0)     Dlc2Len
00082afc    20ab (00082ac0)     SpaceForElementSizeInLongs

00082b04    20ac (00082b00)     SizeofObjDict


GLOBAL SYMBOLS: SORTED ALPHABETICALLY BY Name 

page  address   name                              
----  -------   ----                              
0     00081973  ADC_setOffsetTrimAll              
0     0008198d  ADC_setVREF                       
0     00081879  AbortSlaveSdo                     
0     00081170  AdcIsr                            
0     00080f91  AddSdo2Buf                        
0     0000aa12  AddSdo2BufMsg                     
0     00080ea8  ApplyIdentity                     
0     0000c000  BURN_DATA_BUFFER                  
0     0008139b  BlockUploadConfirmService         
0     00081692  C$$EXIT                           
0     00081b69  CPUTimer_setEmulationMode         
0     0000a800  CanId                             
0     00080008  CanSlave                          
0     0000a840  CanSlaveInQueue                   
0     0000a880  CanSlaveOutQueue                  
0     0008155f  CfgBlockTransport                 
0     000818aa  ClearMemRpt                       
0     000818a3  CopyMemRpt                        
0     0000a80c  DBaseConf                         
0     00080e07  DealBlockDloadRt                  
0     00082aec  Dlc2Len                           
0     0000b5c6  EraseSector                       
0     00081b86  Example_Error                     
0     00081b89  FMSTAT_Fail                       
0     0000aa1a  Fapi_GlobalInit                   
0     0000b48e  Fapi_WriteReadBack                
0     0000b2e5  Fapi_calculateEcc                 
0     0000b3b9  Fapi_calculateFletcherChecksum    
0     0000b4c5  Fapi_calculateOtpChecksum         
0     0000b4b7  Fapi_checkFsmForReady             
0     0000b0ff  Fapi_checkRegionForValue          
0     0000b1f3  Fapi_configureFMAC                
0     0000b3e5  Fapi_divideUnsignedLong           
0     0000b083  Fapi_doBlankCheck                 
0     0000b4a8  Fapi_doVerify                     
0     0000b455  Fapi_flushPipeline                
0     0000b4dd  Fapi_getFsmStatus                 
0     0000b356  Fapi_initializeAPI                
0     0000b411  Fapi_isAddressEcc                 
0     0000b2aa  Fapi_isAddressValid               
0     0000b435  Fapi_issueAsyncCommand            
0     0000b003  Fapi_issueAsyncCommandWithAddress 
0     0000b254  Fapi_issueFsmCommand              
0     0000ad9b  Fapi_issueProgrammingCommand      
0     0000b179  Fapi_loopRegionForValue           
0     0000b4d2  Fapi_scaleCycleValues             
0     0000b31f  Fapi_setActiveFlashBank           
0     0000b388  Fapi_setupBankSectorEnable        
0     0000b472  Fapi_setupSectorsForWrite         
0     0000a812  FlashProg                         
0     0000b57b  Flash_initModule                  
0     000817ff  GPIO_setDirectionMode             
0     00081322  GPIO_setPadConfig                 
0     00081471  GPIO_setPinConfig                 
0     000817bb  GPIO_setQualificationMode         
0     00081440  GetFwCmd                          
0     00081a8a  GetFwData                         
0     0008163e  GetObjIndex                       
0     00081b7a  GetOdSize                         
0     00081895  GetUnalignedFloat                 
0     00081895  GetUnalignedLong                  
0     00081707  IdleLoop                          
0     0008125e  InitAppData                       
0     00080530  InitPeripherals                   
0     00081922  InitSystemTimer                   
0     000818b1  InitTimeOuts                      
0     00081214  Interrupt_disable                 
0     000813d4  Interrupt_enable                  
0     000812a0  Interrupt_initModule              
0     00081a61  Interrupt_initVectorTable         
0     000818cd  IsSysTimerElapse                  
0     00081501  KillCLA                           
0     0008193d  KillMotor                         
0     000815e8  MCAN_addStdMsgIDFilter            
0     00081b54  MCAN_getOpMode                    
0     00080bed  MCAN_init                         
0     00081b20  MCAN_isMemInitDone                
0     00080258  MCAN_msgRAMConfig                 
0     00080d60  MCAN_setBitTime                   
0     00081af7  MCAN_setOpMode                    
0     0000a803  MV8                               
0     0000a808  MasterBlaster                     
0     0008189d  MemClr                            
0     00081b8c  NoSuchGetObject                   
0     00081b8f  NoSuchSetObject                   
0     00082ad4  ObjDictionaryItem                 
0     00081ac3  PauseInts                         
0     0000b5fe  PrepFlash4Burn                    
0     0000b4e4  ProgramPageAutoECC                
0     0000a802  ProjId                            
0     00082798  ProjSpecificData                  
0     0000a801  Proj_Type                         
0     0008158d  PutCanSlaveQueue                  
0     00080b1e  RTDealBlockUpload                 
0     00082796  RamfuncsLoadEnd                   
abs   00000bf6  RamfuncsLoadSize                  
0     00081ba0  RamfuncsLoadStart                 
0     0000b616  RamfuncsRunEnd                    
abs   00000bf6  RamfuncsRunSize                   
0     0000aa20  RamfuncsRunStart                  
0     00081a9d  ResetCpu                          
0     00081b82  ResetHardwareSysTimer             
0     00080a46  RtCanService                      
0     00081958  SafeEraseFlash                    
0     000819a6  SafePrepFlash                     
0     00081775  SafeProgramFlash                  
0     0000a80a  SdoMaxLenLongGlobal               
0     00081668  SetAdcMux                         
0     00081a35  SetBootUpMessage                  
0     000817dd  SetExtendedBootUpMessage          
0     00080964  SetFwCmd                          
0     00081ad5  SetFwData                         
0     000816bb  SetFwDataBuf                      
0     00081921  SetGateDriveEable                 
0     000812e1  SetMsg2HW                         
0     000819bf  SetSysTimerTarget                 
0     00081751  SetSysTimerTargetSec              
0     00080cb6  SetupADCs                         
0     00081004  SetupIsr                          
0     000810bf  SetupPWM                          
0     00081361  SetupPwmPacer                     
0     00082b04  SizeofObjDict                     
0     0000a818  SlaveSdo                          
0     00009800  SlaveSdoBuf                       
0     00081a07  SlaveSdoConfirmInitDload          
0     0008140a  SlaveSdoConfirmInitDloadBlock     
0     000814a1  SlaveSdoConfirmInitUploadBlock    
0     00081798  SlaveSdoConfirmInitUploadExpedit  
0     000819d7  SlaveSdoConfirmInitUploadSegmented
0     00081ab0  SlaveSdoEndOfBlock                
0     000818e9  SlaveSdoEndOfSubBlock             
0     00081064  SlaveSdoUploadSegmented           
0     00082afc  SpaceForElementSizeInLongs        
0     0000b612  SysCtl_delay                      
0     00080876  SysCtl_isPLLValid                 
0     000815bb  SysCtl_selectOscSource            
0     00081530  SysCtl_selectXTAL                 
0     00081905  SysCtl_selectXTALSingleEnded      
0     00080667  SysCtl_setClock                   
0     0000a940  SysState                          
0     0000a8c0  SysTimerStr                       
0     0000aa0a  TempMsg                           
0     00081a4b  TestFlashAddress                  
0     000811c5  TestProgramValid                  
0     0000aa02  TxMsg                             
0     00081b06  UnpauseInts                       
0     00081a76  UpdateSysTimer                    
0     000819ef  WaitStam                          
0     00081b2a  WaitUsec                          
0     00082b20  __TI_CINIT_Base                   
0     00082b2c  __TI_CINIT_Limit                  
0     00082b2c  __TI_CINIT_Warm                   
0     00082b12  __TI_Handler_Table_Base           
0     00082b18  __TI_Handler_Table_Limit          
0     00000500  __TI_STACK_END                    
abs   00000100  __TI_STACK_SIZE                   
0     00081613  __TI_auto_init_nobinit_nopinit    
0     0000b618  __TI_cleanup_ptr                  
0     000814d1  __TI_decompress_lzss              
0     00081b44  __TI_decompress_none              
0     0000b61a  __TI_dtors_ptr                    
0     0000b616  __TI_enable_exit_profile_output   
abs   ffffffff  __TI_pprof_out_hndl               
abs   ffffffff  __TI_prof_data_size               
abs   ffffffff  __TI_prof_data_start              
0     00081b6f  __TI_zero_init                    
0     0008183e  __c28xabi_cmpll                   
0     00081850  __c28xabi_cmpull                  
0     0008172c  __c28xabi_ftoull                  
n/a   UNDEFED   __c_args__                        
0     00000400  __stack                           
0     00081b14  _args_main                        
0     00081a1e  _c_int00                          
0     0000b61c  _lock                             
0     00081b3b  _nop                              
0     00081b37  _register_lock                    
0     00081b33  _register_unlock                  
0     00081b98  _system_post_cinit                
0     00081b96  _system_pre_init                  
0     0000b61e  _unlock                           
0     00081692  abort                             
0     00080000  code_start                        
0     000829d4  crc_ccitt_table                   
0     00081694  exit                              
0     00081119  main                              
0     0008185c  memcpy                            
0     00081b62  memset                            
0     0000a804  pUIdentity                        
0     0000a806  pUNVParams                        
0     0000aa00  rmw                               
0     00081ae6  setupDac                          
0     0008076f  setupGpio                         
0     000816e1  setupGpioCAN                      
0     000803db  setupMCAN                         
0     00081b75  setupPwmParams                    


GLOBAL SYMBOLS: SORTED BY Symbol Address 

page  address   name                              
----  -------   ----                              
0     00000400  __stack                           
0     00000500  __TI_STACK_END                    
0     00009800  SlaveSdoBuf                       
0     0000a800  CanId                             
0     0000a801  Proj_Type                         
0     0000a802  ProjId                            
0     0000a803  MV8                               
0     0000a804  pUIdentity                        
0     0000a806  pUNVParams                        
0     0000a808  MasterBlaster                     
0     0000a80a  SdoMaxLenLongGlobal               
0     0000a80c  DBaseConf                         
0     0000a812  FlashProg                         
0     0000a818  SlaveSdo                          
0     0000a840  CanSlaveInQueue                   
0     0000a880  CanSlaveOutQueue                  
0     0000a8c0  SysTimerStr                       
0     0000a940  SysState                          
0     0000aa00  rmw                               
0     0000aa02  TxMsg                             
0     0000aa0a  TempMsg                           
0     0000aa12  AddSdo2BufMsg                     
0     0000aa1a  Fapi_GlobalInit                   
0     0000aa20  RamfuncsRunStart                  
0     0000ad9b  Fapi_issueProgrammingCommand      
0     0000b003  Fapi_issueAsyncCommandWithAddress 
0     0000b083  Fapi_doBlankCheck                 
0     0000b0ff  Fapi_checkRegionForValue          
0     0000b179  Fapi_loopRegionForValue           
0     0000b1f3  Fapi_configureFMAC                
0     0000b254  Fapi_issueFsmCommand              
0     0000b2aa  Fapi_isAddressValid               
0     0000b2e5  Fapi_calculateEcc                 
0     0000b31f  Fapi_setActiveFlashBank           
0     0000b356  Fapi_initializeAPI                
0     0000b388  Fapi_setupBankSectorEnable        
0     0000b3b9  Fapi_calculateFletcherChecksum    
0     0000b3e5  Fapi_divideUnsignedLong           
0     0000b411  Fapi_isAddressEcc                 
0     0000b435  Fapi_issueAsyncCommand            
0     0000b455  Fapi_flushPipeline                
0     0000b472  Fapi_setupSectorsForWrite         
0     0000b48e  Fapi_WriteReadBack                
0     0000b4a8  Fapi_doVerify                     
0     0000b4b7  Fapi_checkFsmForReady             
0     0000b4c5  Fapi_calculateOtpChecksum         
0     0000b4d2  Fapi_scaleCycleValues             
0     0000b4dd  Fapi_getFsmStatus                 
0     0000b4e4  ProgramPageAutoECC                
0     0000b57b  Flash_initModule                  
0     0000b5c6  EraseSector                       
0     0000b5fe  PrepFlash4Burn                    
0     0000b612  SysCtl_delay                      
0     0000b616  RamfuncsRunEnd                    
0     0000b616  __TI_enable_exit_profile_output   
0     0000b618  __TI_cleanup_ptr                  
0     0000b61a  __TI_dtors_ptr                    
0     0000b61c  _lock                             
0     0000b61e  _unlock                           
0     0000c000  BURN_DATA_BUFFER                  
0     00080000  code_start                        
0     00080008  CanSlave                          
0     00080258  MCAN_msgRAMConfig                 
0     000803db  setupMCAN                         
0     00080530  InitPeripherals                   
0     00080667  SysCtl_setClock                   
0     0008076f  setupGpio                         
0     00080876  SysCtl_isPLLValid                 
0     00080964  SetFwCmd                          
0     00080a46  RtCanService                      
0     00080b1e  RTDealBlockUpload                 
0     00080bed  MCAN_init                         
0     00080cb6  SetupADCs                         
0     00080d60  MCAN_setBitTime                   
0     00080e07  DealBlockDloadRt                  
0     00080ea8  ApplyIdentity                     
0     00080f91  AddSdo2Buf                        
0     00081004  SetupIsr                          
0     00081064  SlaveSdoUploadSegmented           
0     000810bf  SetupPWM                          
0     00081119  main                              
0     00081170  AdcIsr                            
0     000811c5  TestProgramValid                  
0     00081214  Interrupt_disable                 
0     0008125e  InitAppData                       
0     000812a0  Interrupt_initModule              
0     000812e1  SetMsg2HW                         
0     00081322  GPIO_setPadConfig                 
0     00081361  SetupPwmPacer                     
0     0008139b  BlockUploadConfirmService         
0     000813d4  Interrupt_enable                  
0     0008140a  SlaveSdoConfirmInitDloadBlock     
0     00081440  GetFwCmd                          
0     00081471  GPIO_setPinConfig                 
0     000814a1  SlaveSdoConfirmInitUploadBlock    
0     000814d1  __TI_decompress_lzss              
0     00081501  KillCLA                           
0     00081530  SysCtl_selectXTAL                 
0     0008155f  CfgBlockTransport                 
0     0008158d  PutCanSlaveQueue                  
0     000815bb  SysCtl_selectOscSource            
0     000815e8  MCAN_addStdMsgIDFilter            
0     00081613  __TI_auto_init_nobinit_nopinit    
0     0008163e  GetObjIndex                       
0     00081668  SetAdcMux                         
0     00081692  C$$EXIT                           
0     00081692  abort                             
0     00081694  exit                              
0     000816bb  SetFwDataBuf                      
0     000816e1  setupGpioCAN                      
0     00081707  IdleLoop                          
0     0008172c  __c28xabi_ftoull                  
0     00081751  SetSysTimerTargetSec              
0     00081775  SafeProgramFlash                  
0     00081798  SlaveSdoConfirmInitUploadExpedit  
0     000817bb  GPIO_setQualificationMode         
0     000817dd  SetExtendedBootUpMessage          
0     000817ff  GPIO_setDirectionMode             
0     0008183e  __c28xabi_cmpll                   
0     00081850  __c28xabi_cmpull                  
0     0008185c  memcpy                            
0     00081879  AbortSlaveSdo                     
0     00081895  GetUnalignedFloat                 
0     00081895  GetUnalignedLong                  
0     0008189d  MemClr                            
0     000818a3  CopyMemRpt                        
0     000818aa  ClearMemRpt                       
0     000818b1  InitTimeOuts                      
0     000818cd  IsSysTimerElapse                  
0     000818e9  SlaveSdoEndOfSubBlock             
0     00081905  SysCtl_selectXTALSingleEnded      
0     00081921  SetGateDriveEable                 
0     00081922  InitSystemTimer                   
0     0008193d  KillMotor                         
0     00081958  SafeEraseFlash                    
0     00081973  ADC_setOffsetTrimAll              
0     0008198d  ADC_setVREF                       
0     000819a6  SafePrepFlash                     
0     000819bf  SetSysTimerTarget                 
0     000819d7  SlaveSdoConfirmInitUploadSegmented
0     000819ef  WaitStam                          
0     00081a07  SlaveSdoConfirmInitDload          
0     00081a1e  _c_int00                          
0     00081a35  SetBootUpMessage                  
0     00081a4b  TestFlashAddress                  
0     00081a61  Interrupt_initVectorTable         
0     00081a76  UpdateSysTimer                    
0     00081a8a  GetFwData                         
0     00081a9d  ResetCpu                          
0     00081ab0  SlaveSdoEndOfBlock                
0     00081ac3  PauseInts                         
0     00081ad5  SetFwData                         
0     00081ae6  setupDac                          
0     00081af7  MCAN_setOpMode                    
0     00081b06  UnpauseInts                       
0     00081b14  _args_main                        
0     00081b20  MCAN_isMemInitDone                
0     00081b2a  WaitUsec                          
0     00081b33  _register_unlock                  
0     00081b37  _register_lock                    
0     00081b3b  _nop                              
0     00081b44  __TI_decompress_none              
0     00081b54  MCAN_getOpMode                    
0     00081b62  memset                            
0     00081b69  CPUTimer_setEmulationMode         
0     00081b6f  __TI_zero_init                    
0     00081b75  setupPwmParams                    
0     00081b7a  GetOdSize                         
0     00081b82  ResetHardwareSysTimer             
0     00081b86  Example_Error                     
0     00081b89  FMSTAT_Fail                       
0     00081b8c  NoSuchGetObject                   
0     00081b8f  NoSuchSetObject                   
0     00081b96  _system_pre_init                  
0     00081b98  _system_post_cinit                
0     00081ba0  RamfuncsLoadStart                 
0     00082796  RamfuncsLoadEnd                   
0     00082798  ProjSpecificData                  
0     000829d4  crc_ccitt_table                   
0     00082ad4  ObjDictionaryItem                 
0     00082aec  Dlc2Len                           
0     00082afc  SpaceForElementSizeInLongs        
0     00082b04  SizeofObjDict                     
0     00082b12  __TI_Handler_Table_Base           
0     00082b18  __TI_Handler_Table_Limit          
0     00082b20  __TI_CINIT_Base                   
0     00082b2c  __TI_CINIT_Limit                  
0     00082b2c  __TI_CINIT_Warm                   
abs   00000100  __TI_STACK_SIZE                   
abs   00000bf6  RamfuncsLoadSize                  
abs   00000bf6  RamfuncsRunSize                   
abs   ffffffff  __TI_pprof_out_hndl               
abs   ffffffff  __TI_prof_data_size               
abs   ffffffff  __TI_prof_data_start              
n/a   UNDEFED   __c_args__                        

[195 symbols]
