<?xml version="1.0" encoding="ISO-8859-1" ?>
<link_info>
   <banner>TMS320C2000 Linker PC v22.6.1.LTS</banner>
   <copyright>Copyright (c) 1996-2018 Texas Instruments Incorporated</copyright>
   <link_time>0x65b53ad7</link_time>
   <link_errors>0x0</link_errors>
   <output_file>NeckDrive.out</output_file>
   <entry_point>
      <name>code_start</name>
      <address>0x80000</address>
   </entry_point>
   <input_file_list>
      <input_file id="fl-2">
         <path>.\Application\</path>
         <kind>object</kind>
         <file>AdcIsr.obj</file>
         <name>AdcIsr.obj</name>
      </input_file>
      <input_file id="fl-3">
         <path>.\Application\</path>
         <kind>object</kind>
         <file>AsmUtil.obj</file>
         <name>AsmUtil.obj</name>
      </input_file>
      <input_file id="fl-4">
         <path>.\Application\</path>
         <kind>object</kind>
         <file>Brakes.obj</file>
         <name>Brakes.obj</name>
      </input_file>
      <input_file id="fl-5">
         <path>.\Application\</path>
         <kind>object</kind>
         <file>CanSlave.obj</file>
         <name>CanSlave.obj</name>
      </input_file>
      <input_file id="fl-6">
         <path>.\Application\</path>
         <kind>object</kind>
         <file>IdleLoop.obj</file>
         <name>IdleLoop.obj</name>
      </input_file>
      <input_file id="fl-7">
         <path>.\Application\</path>
         <kind>object</kind>
         <file>MainApp.obj</file>
         <name>MainApp.obj</name>
      </input_file>
      <input_file id="fl-8">
         <path>.\Application\</path>
         <kind>object</kind>
         <file>ObjectDict.obj</file>
         <name>ObjectDict.obj</name>
      </input_file>
      <input_file id="fl-9">
         <path>.\Application\</path>
         <kind>object</kind>
         <file>Testing.obj</file>
         <name>Testing.obj</name>
      </input_file>
      <input_file id="fl-a">
         <path>.\Application\</path>
         <kind>object</kind>
         <file>TimerArr.obj</file>
         <name>TimerArr.obj</name>
      </input_file>
      <input_file id="fl-b">
         <path>.\Control\</path>
         <kind>object</kind>
         <file>Commutation.obj</file>
         <name>Commutation.obj</name>
      </input_file>
      <input_file id="fl-c">
         <path>.\Control\</path>
         <kind>object</kind>
         <file>Controller.obj</file>
         <name>Controller.obj</name>
      </input_file>
      <input_file id="fl-d">
         <path>.\Control\</path>
         <kind>object</kind>
         <file>CurrentControl.obj</file>
         <name>CurrentControl.obj</name>
      </input_file>
      <input_file id="fl-e">
         <path>.\Control\</path>
         <kind>object</kind>
         <file>Homing.obj</file>
         <name>Homing.obj</name>
      </input_file>
      <input_file id="fl-f">
         <path>.\Control\</path>
         <kind>object</kind>
         <file>PTDriver.obj</file>
         <name>PTDriver.obj</name>
      </input_file>
      <input_file id="fl-10">
         <path>.\Control\</path>
         <kind>object</kind>
         <file>PosPrefilter.obj</file>
         <name>PosPrefilter.obj</name>
      </input_file>
      <input_file id="fl-11">
         <path>.\Control\</path>
         <kind>object</kind>
         <file>SpeedProfiler.obj</file>
         <name>SpeedProfiler.obj</name>
      </input_file>
      <input_file id="fl-12">
         <path>.\Control\</path>
         <kind>object</kind>
         <file>TrapezeProfiler.obj</file>
         <name>TrapezeProfiler.obj</name>
      </input_file>
      <input_file id="fl-13">
         <path>.\Drivers\</path>
         <kind>object</kind>
         <file>Adc.obj</file>
         <name>Adc.obj</name>
      </input_file>
      <input_file id="fl-14">
         <path>.\Drivers\</path>
         <kind>object</kind>
         <file>EncDrive.obj</file>
         <name>EncDrive.obj</name>
      </input_file>
      <input_file id="fl-15">
         <path>.\Drivers\</path>
         <kind>object</kind>
         <file>FlashDrv.obj</file>
         <name>FlashDrv.obj</name>
      </input_file>
      <input_file id="fl-16">
         <path>.\Drivers\</path>
         <kind>object</kind>
         <file>Gyro.obj</file>
         <name>Gyro.obj</name>
      </input_file>
      <input_file id="fl-17">
         <path>.\Drivers\</path>
         <kind>object</kind>
         <file>LinDrv.obj</file>
         <name>LinDrv.obj</name>
      </input_file>
      <input_file id="fl-18">
         <path>.\Drivers\</path>
         <kind>object</kind>
         <file>LowLevel.obj</file>
         <name>LowLevel.obj</name>
      </input_file>
      <input_file id="fl-19">
         <path>.\Drivers\</path>
         <kind>object</kind>
         <file>PinMux.obj</file>
         <name>PinMux.obj</name>
      </input_file>
      <input_file id="fl-1a">
         <path>.\Drivers\</path>
         <kind>object</kind>
         <file>PrjMCAN.obj</file>
         <name>PrjMCAN.obj</name>
      </input_file>
      <input_file id="fl-1b">
         <path>.\Drivers\</path>
         <kind>object</kind>
         <file>PwmDrive.obj</file>
         <name>PwmDrive.obj</name>
      </input_file>
      <input_file id="fl-1c">
         <path>.\SelfTest\</path>
         <kind>object</kind>
         <file>BuiltInTest.obj</file>
         <name>BuiltInTest.obj</name>
      </input_file>
      <input_file id="fl-1d">
         <path>.\SharedH\</path>
         <kind>object</kind>
         <file>Recorder.obj</file>
         <name>Recorder.obj</name>
      </input_file>
      <input_file id="fl-1e">
         <path>.\driverlib\</path>
         <kind>object</kind>
         <file>adc.obj</file>
         <name>adc.obj</name>
      </input_file>
      <input_file id="fl-1f">
         <path>.\driverlib\</path>
         <kind>object</kind>
         <file>aes.obj</file>
         <name>aes.obj</name>
      </input_file>
      <input_file id="fl-20">
         <path>.\driverlib\</path>
         <kind>object</kind>
         <file>asysctl.obj</file>
         <name>asysctl.obj</name>
      </input_file>
      <input_file id="fl-21">
         <path>.\driverlib\</path>
         <kind>object</kind>
         <file>bgcrc.obj</file>
         <name>bgcrc.obj</name>
      </input_file>
      <input_file id="fl-22">
         <path>.\driverlib\</path>
         <kind>object</kind>
         <file>can.obj</file>
         <name>can.obj</name>
      </input_file>
      <input_file id="fl-23">
         <path>.\driverlib\</path>
         <kind>object</kind>
         <file>cla.obj</file>
         <name>cla.obj</name>
      </input_file>
      <input_file id="fl-24">
         <path>.\driverlib\</path>
         <kind>object</kind>
         <file>clb.obj</file>
         <name>clb.obj</name>
      </input_file>
      <input_file id="fl-25">
         <path>.\driverlib\</path>
         <kind>object</kind>
         <file>cmpss.obj</file>
         <name>cmpss.obj</name>
      </input_file>
      <input_file id="fl-26">
         <path>.\driverlib\</path>
         <kind>object</kind>
         <file>cputimer.obj</file>
         <name>cputimer.obj</name>
      </input_file>
      <input_file id="fl-27">
         <path>.\driverlib\</path>
         <kind>object</kind>
         <file>dac.obj</file>
         <name>dac.obj</name>
      </input_file>
      <input_file id="fl-28">
         <path>.\driverlib\</path>
         <kind>object</kind>
         <file>dcc.obj</file>
         <name>dcc.obj</name>
      </input_file>
      <input_file id="fl-29">
         <path>.\driverlib\</path>
         <kind>object</kind>
         <file>dcsm.obj</file>
         <name>dcsm.obj</name>
      </input_file>
      <input_file id="fl-2a">
         <path>.\driverlib\</path>
         <kind>object</kind>
         <file>dma.obj</file>
         <name>dma.obj</name>
      </input_file>
      <input_file id="fl-2b">
         <path>.\driverlib\</path>
         <kind>object</kind>
         <file>ecap.obj</file>
         <name>ecap.obj</name>
      </input_file>
      <input_file id="fl-2c">
         <path>.\driverlib\</path>
         <kind>object</kind>
         <file>epg.obj</file>
         <name>epg.obj</name>
      </input_file>
      <input_file id="fl-2d">
         <path>.\driverlib\</path>
         <kind>object</kind>
         <file>epwm.obj</file>
         <name>epwm.obj</name>
      </input_file>
      <input_file id="fl-2e">
         <path>.\driverlib\</path>
         <kind>object</kind>
         <file>eqep.obj</file>
         <name>eqep.obj</name>
      </input_file>
      <input_file id="fl-2f">
         <path>.\driverlib\</path>
         <kind>object</kind>
         <file>erad.obj</file>
         <name>erad.obj</name>
      </input_file>
      <input_file id="fl-30">
         <path>.\driverlib\</path>
         <kind>object</kind>
         <file>flash.obj</file>
         <name>flash.obj</name>
      </input_file>
      <input_file id="fl-31">
         <path>.\driverlib\</path>
         <kind>object</kind>
         <file>fsi.obj</file>
         <name>fsi.obj</name>
      </input_file>
      <input_file id="fl-32">
         <path>.\driverlib\</path>
         <kind>object</kind>
         <file>gpio.obj</file>
         <name>gpio.obj</name>
      </input_file>
      <input_file id="fl-33">
         <path>.\driverlib\</path>
         <kind>object</kind>
         <file>hic.obj</file>
         <name>hic.obj</name>
      </input_file>
      <input_file id="fl-34">
         <path>.\driverlib\</path>
         <kind>object</kind>
         <file>hrcap.obj</file>
         <name>hrcap.obj</name>
      </input_file>
      <input_file id="fl-35">
         <path>.\driverlib\</path>
         <kind>object</kind>
         <file>hrpwm.obj</file>
         <name>hrpwm.obj</name>
      </input_file>
      <input_file id="fl-36">
         <path>.\driverlib\</path>
         <kind>object</kind>
         <file>i2c.obj</file>
         <name>i2c.obj</name>
      </input_file>
      <input_file id="fl-37">
         <path>.\driverlib\</path>
         <kind>object</kind>
         <file>interrupt.obj</file>
         <name>interrupt.obj</name>
      </input_file>
      <input_file id="fl-38">
         <path>.\driverlib\</path>
         <kind>object</kind>
         <file>lin.obj</file>
         <name>lin.obj</name>
      </input_file>
      <input_file id="fl-39">
         <path>.\driverlib\</path>
         <kind>object</kind>
         <file>mcan.obj</file>
         <name>mcan.obj</name>
      </input_file>
      <input_file id="fl-3a">
         <path>.\driverlib\</path>
         <kind>object</kind>
         <file>memcfg.obj</file>
         <name>memcfg.obj</name>
      </input_file>
      <input_file id="fl-3b">
         <path>.\driverlib\</path>
         <kind>object</kind>
         <file>pmbus.obj</file>
         <name>pmbus.obj</name>
      </input_file>
      <input_file id="fl-3c">
         <path>.\driverlib\</path>
         <kind>object</kind>
         <file>sci.obj</file>
         <name>sci.obj</name>
      </input_file>
      <input_file id="fl-3d">
         <path>.\driverlib\</path>
         <kind>object</kind>
         <file>sdfm.obj</file>
         <name>sdfm.obj</name>
      </input_file>
      <input_file id="fl-3e">
         <path>.\driverlib\</path>
         <kind>object</kind>
         <file>spi.obj</file>
         <name>spi.obj</name>
      </input_file>
      <input_file id="fl-3f">
         <path>.\driverlib\</path>
         <kind>object</kind>
         <file>sysctl.obj</file>
         <name>sysctl.obj</name>
      </input_file>
      <input_file id="fl-40">
         <path>.\driverlib\</path>
         <kind>object</kind>
         <file>version.obj</file>
         <name>version.obj</name>
      </input_file>
      <input_file id="fl-41">
         <path>.\driverlib\</path>
         <kind>object</kind>
         <file>xbar.obj</file>
         <name>xbar.obj</name>
      </input_file>
      <input_file id="fl-42">
         <path>.\f28003x\common\source\</path>
         <kind>object</kind>
         <file>f28003x_codestartbranch.obj</file>
         <name>f28003x_codestartbranch.obj</name>
      </input_file>
      <input_file id="fl-43">
         <path>.\f28003x\common\source\</path>
         <kind>object</kind>
         <file>f28003x_dbgier.obj</file>
         <name>f28003x_dbgier.obj</name>
      </input_file>
      <input_file id="fl-44">
         <path>.\f28003x\common\source\</path>
         <kind>object</kind>
         <file>f28003x_usdelay.obj</file>
         <name>f28003x_usdelay.obj</name>
      </input_file>
      <input_file id="fl-45">
         <path>.\f28003x\headers\source\</path>
         <kind>object</kind>
         <file>f28003x_globalvariabledefs.obj</file>
         <name>f28003x_globalvariabledefs.obj</name>
      </input_file>
      <input_file id="fl-4d">
         <kind>object</kind>
         <file>&lt;internal&gt;</file>
         <name>&lt;internal&gt;</name>
      </input_file>
      <input_file id="fl-4e">
         <path>..\Ti\</path>
         <kind>archive</kind>
         <file>FAPI_F28003x_EABI_v1.58.01.lib</file>
         <name>Async.obj</name>
      </input_file>
      <input_file id="fl-4f">
         <path>..\Ti\</path>
         <kind>archive</kind>
         <file>FAPI_F28003x_EABI_v1.58.01.lib</file>
         <name>Program.obj</name>
      </input_file>
      <input_file id="fl-50">
         <path>..\Ti\</path>
         <kind>archive</kind>
         <file>FAPI_F28003x_EABI_v1.58.01.lib</file>
         <name>BlankCheck.obj</name>
      </input_file>
      <input_file id="fl-51">
         <path>..\Ti\</path>
         <kind>archive</kind>
         <file>FAPI_F28003x_EABI_v1.58.01.lib</file>
         <name>Read.obj</name>
      </input_file>
      <input_file id="fl-52">
         <path>..\Ti\</path>
         <kind>archive</kind>
         <file>FAPI_F28003x_EABI_v1.58.01.lib</file>
         <name>Verify.obj</name>
      </input_file>
      <input_file id="fl-53">
         <path>..\Ti\</path>
         <kind>archive</kind>
         <file>FAPI_F28003x_EABI_v1.58.01.lib</file>
         <name>FlashStateMachine.obj</name>
      </input_file>
      <input_file id="fl-54">
         <path>..\Ti\</path>
         <kind>archive</kind>
         <file>FAPI_F28003x_EABI_v1.58.01.lib</file>
         <name>Init.obj</name>
      </input_file>
      <input_file id="fl-55">
         <path>..\Ti\</path>
         <kind>archive</kind>
         <file>FAPI_F28003x_EABI_v1.58.01.lib</file>
         <name>Utilities.obj</name>
      </input_file>
      <input_file id="fl-61">
         <path>C:\ti\ccs1250\ccs\tools\compiler\ti-cgt-c2000_22.6.1.LTS\lib\</path>
         <kind>archive</kind>
         <file>rts2800_fpu32_eabi.lib</file>
         <name>boot28.asm.obj</name>
      </input_file>
      <input_file id="fl-62">
         <path>C:\ti\ccs1250\ccs\tools\compiler\ti-cgt-c2000_22.6.1.LTS\lib\</path>
         <kind>archive</kind>
         <file>rts2800_fpu32_eabi.lib</file>
         <name>ll_cmp28.asm.obj</name>
      </input_file>
      <input_file id="fl-63">
         <path>C:\ti\ccs1250\ccs\tools\compiler\ti-cgt-c2000_22.6.1.LTS\lib\</path>
         <kind>archive</kind>
         <file>rts2800_fpu32_eabi.lib</file>
         <name>u_div28.asm.obj</name>
      </input_file>
      <input_file id="fl-64">
         <path>C:\ti\ccs1250\ccs\tools\compiler\ti-cgt-c2000_22.6.1.LTS\lib\</path>
         <kind>archive</kind>
         <file>rts2800_fpu32_eabi.lib</file>
         <name>l_div28.asm.obj</name>
      </input_file>
      <input_file id="fl-65">
         <path>C:\ti\ccs1250\ccs\tools\compiler\ti-cgt-c2000_22.6.1.LTS\lib\</path>
         <kind>archive</kind>
         <file>rts2800_fpu32_eabi.lib</file>
         <name>fs_toullfpu32.asm.obj</name>
      </input_file>
      <input_file id="fl-66">
         <path>C:\ti\ccs1250\ccs\tools\compiler\ti-cgt-c2000_22.6.1.LTS\lib\</path>
         <kind>archive</kind>
         <file>rts2800_fpu32_eabi.lib</file>
         <name>memcpy.c.obj</name>
      </input_file>
      <input_file id="fl-67">
         <path>C:\ti\ccs1250\ccs\tools\compiler\ti-cgt-c2000_22.6.1.LTS\lib\</path>
         <kind>archive</kind>
         <file>rts2800_fpu32_eabi.lib</file>
         <name>pre_init.c.obj</name>
      </input_file>
      <input_file id="fl-68">
         <path>C:\ti\ccs1250\ccs\tools\compiler\ti-cgt-c2000_22.6.1.LTS\lib\</path>
         <kind>archive</kind>
         <file>rts2800_fpu32_eabi.lib</file>
         <name>autoinit.c.obj</name>
      </input_file>
      <input_file id="fl-69">
         <path>C:\ti\ccs1250\ccs\tools\compiler\ti-cgt-c2000_22.6.1.LTS\lib\</path>
         <kind>archive</kind>
         <file>rts2800_fpu32_eabi.lib</file>
         <name>copy_zero_init.c.obj</name>
      </input_file>
      <input_file id="fl-6a">
         <path>C:\ti\ccs1250\ccs\tools\compiler\ti-cgt-c2000_22.6.1.LTS\lib\</path>
         <kind>archive</kind>
         <file>rts2800_fpu32_eabi.lib</file>
         <name>copy_decompress_none.c.obj</name>
      </input_file>
      <input_file id="fl-6b">
         <path>C:\ti\ccs1250\ccs\tools\compiler\ti-cgt-c2000_22.6.1.LTS\lib\</path>
         <kind>archive</kind>
         <file>rts2800_fpu32_eabi.lib</file>
         <name>copy_decompress_lzss.c.obj</name>
      </input_file>
      <input_file id="fl-6c">
         <path>C:\ti\ccs1250\ccs\tools\compiler\ti-cgt-c2000_22.6.1.LTS\lib\</path>
         <kind>archive</kind>
         <file>rts2800_fpu32_eabi.lib</file>
         <name>exit.c.obj</name>
      </input_file>
      <input_file id="fl-6d">
         <path>C:\ti\ccs1250\ccs\tools\compiler\ti-cgt-c2000_22.6.1.LTS\lib\</path>
         <kind>archive</kind>
         <file>rts2800_fpu32_eabi.lib</file>
         <name>_lock.c.obj</name>
      </input_file>
      <input_file id="fl-6e">
         <path>C:\ti\ccs1250\ccs\tools\compiler\ti-cgt-c2000_22.6.1.LTS\lib\</path>
         <kind>archive</kind>
         <file>rts2800_fpu32_eabi.lib</file>
         <name>args_main.c.obj</name>
      </input_file>
      <input_file id="fl-6f">
         <path>C:\ti\ccs1250\ccs\tools\compiler\ti-cgt-c2000_22.6.1.LTS\lib\</path>
         <kind>archive</kind>
         <file>rts2800_fpu32_eabi.lib</file>
         <name>memset.c.obj</name>
      </input_file>
      <input_file id="fl-70">
         <path>C:\ti\ccs1250\ccs\tools\compiler\ti-cgt-c2000_22.6.1.LTS\lib\</path>
         <kind>archive</kind>
         <file>rts2800_fpu32_eabi.lib</file>
         <name>cpy_tbl.c.obj</name>
      </input_file>
      <input_file id="fl-71">
         <path>C:\ti\ccs1250\ccs\tools\compiler\ti-cgt-c2000_22.6.1.LTS\lib\</path>
         <kind>archive</kind>
         <file>rts2800_fpu32_eabi.lib</file>
         <name>startup.c.obj</name>
      </input_file>
   </input_file_list>
   <object_component_list>
      <object_component id="oc-b0">
         <name>codestart</name>
         <load_address>0x80000</load_address>
         <run_address>0x80000</run_address>
         <size>0x2</size>
         <input_file_ref idref="fl-42"/>
      </object_component>
      <object_component id="oc-455">
         <name>.text:IdleCbit</name>
         <load_address>0x84000</load_address>
         <run_address>0x84000</run_address>
         <size>0x2c2</size>
         <input_file_ref idref="fl-1c"/>
      </object_component>
      <object_component id="oc-11a">
         <name>.text:RtCanService</name>
         <load_address>0x842c2</load_address>
         <run_address>0x842c2</run_address>
         <size>0x280</size>
         <input_file_ref idref="fl-1a"/>
      </object_component>
      <object_component id="oc-105">
         <name>.text:MotorOnSeq</name>
         <load_address>0x84542</load_address>
         <run_address>0x84542</run_address>
         <size>0x239</size>
         <input_file_ref idref="fl-c"/>
      </object_component>
      <object_component id="oc-45b">
         <name>.text:CanSlave</name>
         <load_address>0x8477b</load_address>
         <run_address>0x8477b</run_address>
         <size>0x238</size>
         <input_file_ref idref="fl-5"/>
      </object_component>
      <object_component id="oc-747">
         <name>.text:SetMiscTest</name>
         <load_address>0x849b3</load_address>
         <run_address>0x849b3</run_address>
         <size>0x1a4</size>
         <input_file_ref idref="fl-8"/>
      </object_component>
      <object_component id="oc-39b">
         <name>.text:InitControlParams</name>
         <load_address>0x84b57</load_address>
         <run_address>0x84b57</run_address>
         <size>0x19a</size>
         <input_file_ref idref="fl-7"/>
      </object_component>
      <object_component id="oc-70b">
         <name>.text:GetRecorder</name>
         <load_address>0x84cf1</load_address>
         <run_address>0x84cf1</run_address>
         <size>0x198</size>
         <input_file_ref idref="fl-1d"/>
      </object_component>
      <object_component id="oc-349">
         <name>.text:InitPeripherals</name>
         <load_address>0x84e89</load_address>
         <run_address>0x84e89</run_address>
         <size>0x18f</size>
         <input_file_ref idref="fl-18"/>
      </object_component>
      <object_component id="oc-556">
         <name>.text:MCAN_msgRAMConfig</name>
         <load_address>0x85018</load_address>
         <run_address>0x85018</run_address>
         <size>0x183</size>
         <input_file_ref idref="fl-39"/>
      </object_component>
      <object_component id="oc-c1">
         <name>.text:AdcIsr</name>
         <load_address>0x8519b</load_address>
         <run_address>0x8519b</run_address>
         <size>0x162</size>
         <input_file_ref idref="fl-2"/>
      </object_component>
      <object_component id="oc-771">
         <name>.text:SetCalibCmd</name>
         <load_address>0x852fd</load_address>
         <run_address>0x852fd</run_address>
         <size>0x15c</size>
         <input_file_ref idref="fl-8"/>
      </object_component>
      <object_component id="oc-402">
         <name>.text:setupMCAN</name>
         <load_address>0x85459</load_address>
         <run_address>0x85459</run_address>
         <size>0x155</size>
         <input_file_ref idref="fl-1a"/>
      </object_component>
      <object_component id="oc-f3">
         <name>.text:GetCommAnglePu</name>
         <load_address>0x855ae</load_address>
         <run_address>0x855ae</run_address>
         <size>0x14b</size>
         <input_file_ref idref="fl-b"/>
      </object_component>
      <object_component id="oc-473">
         <name>.text:DecodeAutoCommand</name>
         <load_address>0x856f9</load_address>
         <run_address>0x856f9</run_address>
         <size>0x143</size>
         <input_file_ref idref="fl-c"/>
      </object_component>
      <object_component id="oc-1a5">
         <name>.text:AdvanceProfiler</name>
         <load_address>0x8583c</load_address>
         <run_address>0x8583c</run_address>
         <size>0x142</size>
         <input_file_ref idref="fl-12"/>
      </object_component>
      <object_component id="oc-199">
         <name>.text:HomeProfiler</name>
         <load_address>0x8597e</load_address>
         <run_address>0x8597e</run_address>
         <size>0x137</size>
         <input_file_ref idref="fl-e"/>
      </object_component>
      <object_component id="oc-343">
         <name>.text:InitAppData</name>
         <load_address>0x85ab5</load_address>
         <run_address>0x85ab5</run_address>
         <size>0x11e</size>
         <input_file_ref idref="fl-7"/>
      </object_component>
      <object_component id="oc-426">
         <name>.text:setupGpio</name>
         <load_address>0x85bd3</load_address>
         <run_address>0x85bd3</run_address>
         <size>0x11e</size>
         <input_file_ref idref="fl-19"/>
      </object_component>
      <object_component id="oc-16d">
         <name>.text:GetHallComm</name>
         <load_address>0x85cf1</load_address>
         <run_address>0x85cf1</run_address>
         <size>0x11a</size>
         <input_file_ref idref="fl-b"/>
      </object_component>
      <object_component id="oc-497">
         <name>.text:InitControlFilter</name>
         <load_address>0x85e0b</load_address>
         <run_address>0x85e0b</run_address>
         <size>0x10a</size>
         <input_file_ref idref="fl-7"/>
      </object_component>
      <object_component id="oc-3d2">
         <name>.text:SysCtl_setClock</name>
         <load_address>0x85f15</load_address>
         <run_address>0x85f15</run_address>
         <size>0x108</size>
         <input_file_ref idref="fl-3f"/>
      </object_component>
      <object_component id="oc-278">
         <name>.text:CF_sumCorr</name>
         <load_address>0x8601d</load_address>
         <run_address>0x8601d</run_address>
         <size>0x103</size>
         <input_file_ref idref="fl-9"/>
      </object_component>
      <object_component id="oc-ed">
         <name>.text:ReadEncPosition1</name>
         <load_address>0x86120</load_address>
         <run_address>0x86120</run_address>
         <size>0xff</size>
         <input_file_ref idref="fl-14"/>
      </object_component>
      <object_component id="oc-705">
         <name>.text:SetRecorder</name>
         <load_address>0x8621f</load_address>
         <run_address>0x8621f</run_address>
         <size>0xfd</size>
         <input_file_ref idref="fl-1d"/>
      </object_component>
      <object_component id="oc-3ea">
         <name>.text:SetupADCs</name>
         <load_address>0x8631c</load_address>
         <run_address>0x8631c</run_address>
         <size>0xfa</size>
         <input_file_ref idref="fl-13"/>
      </object_component>
      <object_component id="oc-18d">
         <name>.text:GetSpeedCmdForPerr</name>
         <load_address>0x86416</load_address>
         <run_address>0x86416</run_address>
         <size>0xf9</size>
         <input_file_ref idref="fl-c"/>
      </object_component>
      <object_component id="oc-f9">
         <name>.text:RefGen</name>
         <load_address>0x8650f</load_address>
         <run_address>0x8650f</run_address>
         <size>0xf5</size>
         <input_file_ref idref="fl-9"/>
      </object_component>
      <object_component id="oc-4d8">
         <name>.text:SysCtl_isPLLValid</name>
         <load_address>0x86604</load_address>
         <run_address>0x86604</run_address>
         <size>0xee</size>
         <input_file_ref idref="fl-3f"/>
      </object_component>
      <object_component id="oc-10b">
         <name>.text:MotorOffSeq</name>
         <load_address>0x866f2</load_address>
         <run_address>0x866f2</run_address>
         <size>0xe0</size>
         <input_file_ref idref="fl-c"/>
      </object_component>
      <object_component id="oc-1dd">
         <name>.text:RTDealBlockUpload</name>
         <load_address>0x867d2</load_address>
         <run_address>0x867d2</run_address>
         <size>0xd7</size>
         <input_file_ref idref="fl-1a"/>
      </object_component>
      <object_component id="oc-810">
         <name>.text:ActivateProgrammedRecorder</name>
         <load_address>0x868a9</load_address>
         <run_address>0x868a9</run_address>
         <size>0xcb</size>
         <input_file_ref idref="fl-1d"/>
      </object_component>
      <object_component id="oc-54a">
         <name>.text:MCAN_init</name>
         <load_address>0x86974</load_address>
         <run_address>0x86974</run_address>
         <size>0xc9</size>
         <input_file_ref idref="fl-39"/>
      </object_component>
      <object_component id="oc-638">
         <name>.text:SetMotorOn</name>
         <load_address>0x86a3d</load_address>
         <run_address>0x86a3d</run_address>
         <size>0xbd</size>
         <input_file_ref idref="fl-c"/>
      </object_component>
      <object_component id="oc-3f0">
         <name>.text:SetProjectSpecificData</name>
         <load_address>0x86afa</load_address>
         <run_address>0x86afa</run_address>
         <size>0xbd</size>
         <input_file_ref idref="fl-7"/>
      </object_component>
      <object_component id="oc-27e">
         <name>.text:CF_sumCorr2</name>
         <load_address>0x86bb7</load_address>
         <run_address>0x86bb7</run_address>
         <size>0xb0</size>
         <input_file_ref idref="fl-9"/>
      </object_component>
      <object_component id="oc-26c">
         <name>.text:CF_StartTime</name>
         <load_address>0x86c67</load_address>
         <run_address>0x86c67</run_address>
         <size>0xaf</size>
         <input_file_ref idref="fl-9"/>
      </object_component>
      <object_component id="oc-120">
         <name>.text:ReadGyro</name>
         <load_address>0x86d16</load_address>
         <run_address>0x86d16</run_address>
         <size>0xa9</size>
         <input_file_ref idref="fl-16"/>
      </object_component>
      <object_component id="oc-550">
         <name>.text:MCAN_setBitTime</name>
         <load_address>0x86dbf</load_address>
         <run_address>0x86dbf</run_address>
         <size>0xa7</size>
         <input_file_ref idref="fl-39"/>
      </object_component>
      <object_component id="oc-62e">
         <name>.text:DealBlockDloadRt</name>
         <load_address>0x86e66</load_address>
         <run_address>0x86e66</run_address>
         <size>0xa6</size>
         <input_file_ref idref="fl-1a"/>
      </object_component>
      <object_component id="oc-73b">
         <name>.text:SetConfigPar</name>
         <load_address>0x86f0c</load_address>
         <run_address>0x86f0c</run_address>
         <size>0x9e</size>
         <input_file_ref idref="fl-8"/>
      </object_component>
      <object_component id="oc-74d">
         <name>.text:GetMiscTest</name>
         <load_address>0x86faa</load_address>
         <run_address>0x86faa</run_address>
         <size>0x9a</size>
         <input_file_ref idref="fl-8"/>
      </object_component>
      <object_component id="oc-243">
         <name>.text</name>
         <load_address>0x87044</load_address>
         <run_address>0x87044</run_address>
         <size>0x95</size>
         <input_file_ref idref="fl-10"/>
      </object_component>
      <object_component id="oc-5af">
         <name>.text:DMA_configMode</name>
         <load_address>0x870d9</load_address>
         <run_address>0x870d9</run_address>
         <size>0x8d</size>
         <input_file_ref idref="fl-2a"/>
      </object_component>
      <object_component id="oc-1ed">
         <name>.text:SetSystemMode</name>
         <load_address>0x87166</load_address>
         <run_address>0x87166</run_address>
         <size>0x8b</size>
         <input_file_ref idref="fl-7"/>
      </object_component>
      <object_component id="oc-765">
         <name>.text:SetFwCmd</name>
         <load_address>0x871f1</load_address>
         <run_address>0x871f1</run_address>
         <size>0x88</size>
         <input_file_ref idref="fl-8"/>
      </object_component>
      <object_component id="oc-126">
         <name>.text:RtRecorder</name>
         <load_address>0x87279</load_address>
         <run_address>0x87279</run_address>
         <size>0x86</size>
         <input_file_ref idref="fl-1d"/>
      </object_component>
      <object_component id="oc-132">
         <name>.text:LogException</name>
         <load_address>0x872ff</load_address>
         <run_address>0x872ff</run_address>
         <size>0x7b</size>
         <input_file_ref idref="fl-1c"/>
      </object_component>
      <object_component id="oc-432">
         <name>.text:setupSpi</name>
         <load_address>0x8737a</load_address>
         <run_address>0x8737a</run_address>
         <size>0x7b</size>
         <input_file_ref idref="fl-16"/>
      </object_component>
      <object_component id="oc-43e">
         <name>.text:setupDMA</name>
         <load_address>0x873f5</load_address>
         <run_address>0x873f5</run_address>
         <size>0x77</size>
         <input_file_ref idref="fl-17"/>
      </object_component>
      <object_component id="oc-355">
         <name>.text:setupPwmParams</name>
         <load_address>0x8746c</load_address>
         <run_address>0x8746c</run_address>
         <size>0x77</size>
         <input_file_ref idref="fl-1b"/>
      </object_component>
      <object_component id="oc-596">
         <name>.text:LIN_initModule</name>
         <load_address>0x874e3</load_address>
         <run_address>0x874e3</run_address>
         <size>0x76</size>
         <input_file_ref idref="fl-38"/>
      </object_component>
      <object_component id="oc-9ea">
         <name>.text:Interrupt_clearIFR</name>
         <load_address>0x87559</load_address>
         <run_address>0x87559</run_address>
         <size>0x74</size>
         <input_file_ref idref="fl-37"/>
      </object_component>
      <object_component id="oc-c7">
         <name>.text:SetupIsr</name>
         <load_address>0x875cd</load_address>
         <run_address>0x875cd</run_address>
         <size>0x74</size>
         <input_file_ref idref="fl-18"/>
      </object_component>
      <object_component id="oc-5f2">
         <name>.text:AddSdo2Buf</name>
         <load_address>0x87641</load_address>
         <run_address>0x87641</run_address>
         <size>0x73</size>
         <input_file_ref idref="fl-5"/>
      </object_component>
      <object_component id="oc-193">
         <name>.text:GetCurrentCmdForSpeedErr</name>
         <load_address>0x876b4</load_address>
         <run_address>0x876b4</run_address>
         <size>0x6c</size>
         <input_file_ref idref="fl-c"/>
      </object_component>
      <object_component id="oc-77d">
         <name>.text:SetMotionPar</name>
         <load_address>0x87720</load_address>
         <run_address>0x87720</run_address>
         <size>0x64</size>
         <input_file_ref idref="fl-8"/>
      </object_component>
      <object_component id="oc-3f6">
         <name>.text:setupCMPSSs</name>
         <load_address>0x87784</load_address>
         <run_address>0x87784</run_address>
         <size>0x61</size>
         <input_file_ref idref="fl-13"/>
      </object_component>
      <object_component id="oc-753">
         <name>.text:SetDynIdentification</name>
         <load_address>0x877e5</load_address>
         <run_address>0x877e5</run_address>
         <size>0x60</size>
         <input_file_ref idref="fl-8"/>
      </object_component>
      <object_component id="oc-236">
         <name>.text:InitHomingProc</name>
         <load_address>0x87845</load_address>
         <run_address>0x87845</run_address>
         <size>0x5f</size>
         <input_file_ref idref="fl-e"/>
      </object_component>
      <object_component id="oc-604">
         <name>.text:SlaveSdoUploadSegmented</name>
         <load_address>0x878a4</load_address>
         <run_address>0x878a4</run_address>
         <size>0x5b</size>
         <input_file_ref idref="fl-5"/>
      </object_component>
      <object_component id="oc-41a">
         <name>.text:SetupPWM</name>
         <load_address>0x878ff</load_address>
         <run_address>0x878ff</run_address>
         <size>0x5a</size>
         <input_file_ref idref="fl-1b"/>
      </object_component>
      <object_component id="oc-165">
         <name>.text:ProcessEncoderData</name>
         <load_address>0x87959</load_address>
         <run_address>0x87959</run_address>
         <size>0x59</size>
         <input_file_ref idref="fl-14"/>
      </object_component>
      <object_component id="oc-361">
         <name>.text:IdleLoop</name>
         <load_address>0x879b2</load_address>
         <run_address>0x879b2</run_address>
         <size>0x58</size>
         <input_file_ref idref="fl-6"/>
      </object_component>
      <object_component id="oc-181">
         <name>.text:PosPrefilterMotorOn</name>
         <load_address>0x87a0a</load_address>
         <run_address>0x87a0a</run_address>
         <size>0x58</size>
         <input_file_ref idref="fl-c"/>
      </object_component>
      <object_component id="oc-461">
         <name>.text:UartService</name>
         <load_address>0x87a62</load_address>
         <run_address>0x87a62</run_address>
         <size>0x56</size>
         <input_file_ref idref="fl-17"/>
      </object_component>
      <object_component id="oc-17b">
         <name>.text:SetReferenceMode</name>
         <load_address>0x87ab8</load_address>
         <run_address>0x87ab8</run_address>
         <size>0x4d</size>
         <input_file_ref idref="fl-c"/>
      </object_component>
      <object_component id="oc-2fd">
         <name>.text:SetLoopClosureMode</name>
         <load_address>0x87b05</load_address>
         <run_address>0x87b05</run_address>
         <size>0x4c</size>
         <input_file_ref idref="fl-c"/>
      </object_component>
      <object_component id="oc-96a">
         <name>.text:Interrupt_disable</name>
         <load_address>0x87b51</load_address>
         <run_address>0x87b51</run_address>
         <size>0x4a</size>
         <input_file_ref idref="fl-37"/>
      </object_component>
      <object_component id="oc-729">
         <name>.text:GetRecorderCRC</name>
         <load_address>0x87b9b</load_address>
         <run_address>0x87b9b</run_address>
         <size>0x49</size>
         <input_file_ref idref="fl-8"/>
      </object_component>
      <object_component id="oc-72f">
         <name>.text:SetFloatPar</name>
         <load_address>0x87be4</load_address>
         <run_address>0x87be4</run_address>
         <size>0x45</size>
         <input_file_ref idref="fl-8"/>
      </object_component>
      <object_component id="oc-3ad">
         <name>.text:InitRecorder</name>
         <load_address>0x87c29</load_address>
         <run_address>0x87c29</run_address>
         <size>0x44</size>
         <input_file_ref idref="fl-1d"/>
      </object_component>
      <object_component id="oc-52a">
         <name>.text:SingleCmpss</name>
         <load_address>0x87c6d</load_address>
         <run_address>0x87c6d</run_address>
         <size>0x44</size>
         <input_file_ref idref="fl-13"/>
      </object_component>
      <object_component id="oc-42c">
         <name>.text:setupHallInputs</name>
         <load_address>0x87cb1</load_address>
         <run_address>0x87cb1</run_address>
         <size>0x42</size>
         <input_file_ref idref="fl-18"/>
      </object_component>
      <object_component id="oc-3c6">
         <name>.text:Interrupt_initModule</name>
         <load_address>0x87cf3</load_address>
         <run_address>0x87cf3</run_address>
         <size>0x41</size>
         <input_file_ref idref="fl-37"/>
      </object_component>
      <object_component id="oc-1d7">
         <name>.text:SetMsg2HW</name>
         <load_address>0x87d34</load_address>
         <run_address>0x87d34</run_address>
         <size>0x41</size>
         <input_file_ref idref="fl-1a"/>
      </object_component>
      <object_component id="oc-71d">
         <name>.text:SetSignal</name>
         <load_address>0x87d75</load_address>
         <run_address>0x87d75</run_address>
         <size>0x41</size>
         <input_file_ref idref="fl-1d"/>
      </object_component>
      <object_component id="oc-33d">
         <name>.text:initCLAMemory</name>
         <load_address>0x87db6</load_address>
         <run_address>0x87db6</run_address>
         <size>0x41</size>
         <input_file_ref idref="fl-18"/>
      </object_component>
      <object_component id="oc-1ab">
         <name>.text:StayInPlaceDriver</name>
         <load_address>0x87df7</load_address>
         <run_address>0x87df7</run_address>
         <size>0x40</size>
         <input_file_ref idref="fl-f"/>
      </object_component>
      <object_component id="oc-408">
         <name>.text:setupQEP</name>
         <load_address>0x87e37</load_address>
         <run_address>0x87e37</run_address>
         <size>0x40</size>
         <input_file_ref idref="fl-14"/>
      </object_component>
      <object_component id="oc-577">
         <name>.text:GPIO_setPadConfig</name>
         <load_address>0x87e77</load_address>
         <run_address>0x87e77</run_address>
         <size>0x3f</size>
         <input_file_ref idref="fl-32"/>
      </object_component>
      <object_component id="oc-58f">
         <name>.text:WriteGyroReg</name>
         <load_address>0x87eb6</load_address>
         <run_address>0x87eb6</run_address>
         <size>0x3f</size>
         <input_file_ref idref="fl-16"/>
      </object_component>
      <object_component id="oc-830">
         <name>.text:TestCfgProgramming</name>
         <load_address>0x87ef5</load_address>
         <run_address>0x87ef5</run_address>
         <size>0x3d</size>
         <input_file_ref idref="fl-8"/>
      </object_component>
      <object_component id="oc-723">
         <name>.text:GetSignal</name>
         <load_address>0x87f32</load_address>
         <run_address>0x87f32</run_address>
         <size>0x3a</size>
         <input_file_ref idref="fl-1d"/>
      </object_component>
      <object_component id="oc-7a1">
         <name>.text:SetOperationMode</name>
         <load_address>0x87f6c</load_address>
         <run_address>0x87f6c</run_address>
         <size>0x3a</size>
         <input_file_ref idref="fl-8"/>
      </object_component>
      <object_component id="oc-414">
         <name>.text:SetupPwmPacer</name>
         <load_address>0x87fa6</load_address>
         <run_address>0x87fa6</run_address>
         <size>0x3a</size>
         <input_file_ref idref="fl-1b"/>
      </object_component>
      <object_component id="oc-1ce">
         <name>.text:BlockUploadConfirmService</name>
         <load_address>0x87fe0</load_address>
         <run_address>0x87fe0</run_address>
         <size>0x39</size>
         <input_file_ref idref="fl-1a"/>
      </object_component>
      <object_component id="oc-24b">
         <name>.text:RunBiquads</name>
         <load_address>0x88019</load_address>
         <run_address>0x88019</run_address>
         <size>0x39</size>
         <input_file_ref idref="fl-c"/>
      </object_component>
      <object_component id="oc-13d">
         <name>.text:Interrupt_enable</name>
         <load_address>0x88052</load_address>
         <run_address>0x88052</run_address>
         <size>0x36</size>
         <input_file_ref idref="fl-37"/>
      </object_component>
      <object_component id="oc-628">
         <name>.text:SlaveSdoConfirmInitDloadBlock</name>
         <load_address>0x88088</load_address>
         <run_address>0x88088</run_address>
         <size>0x36</size>
         <input_file_ref idref="fl-5"/>
      </object_component>
      <object_component id="oc-187">
         <name>.text:PosPrefilterMotorOff</name>
         <load_address>0x880be</load_address>
         <run_address>0x880be</run_address>
         <size>0x34</size>
         <input_file_ref idref="fl-c"/>
      </object_component>
      <object_component id="oc-3b3">
         <name>.text:DealCalibration</name>
         <load_address>0x880f2</load_address>
         <run_address>0x880f2</run_address>
         <size>0x33</size>
         <input_file_ref idref="fl-7"/>
      </object_component>
      <object_component id="oc-5d9">
         <name>.text:OutBrakeVolts</name>
         <load_address>0x88125</load_address>
         <run_address>0x88125</run_address>
         <size>0x32</size>
         <input_file_ref idref="fl-4"/>
      </object_component>
      <object_component id="oc-1b3">
         <name>.text:ResetSpeedController</name>
         <load_address>0x88157</load_address>
         <run_address>0x88157</run_address>
         <size>0x32</size>
         <input_file_ref idref="fl-c"/>
      </object_component>
      <object_component id="oc-306">
         <name>.text:StepFilt</name>
         <load_address>0x88189</load_address>
         <run_address>0x88189</run_address>
         <size>0x32</size>
         <input_file_ref idref="fl-c"/>
      </object_component>
      <object_component id="oc-839">
         <name>.text:SetAbsPosition</name>
         <load_address>0x881bb</load_address>
         <run_address>0x881bb</run_address>
         <size>0x31</size>
         <input_file_ref idref="fl-e"/>
      </object_component>
      <object_component id="oc-56b">
         <name>.text:GPIO_setPinConfig</name>
         <load_address>0x881ec</load_address>
         <run_address>0x881ec</run_address>
         <size>0x30</size>
         <input_file_ref idref="fl-32"/>
      </object_component>
      <object_component id="oc-76b">
         <name>.text:GetFwCmd</name>
         <load_address>0x8821c</load_address>
         <run_address>0x8821c</run_address>
         <size>0x30</size>
         <input_file_ref idref="fl-8"/>
      </object_component>
      <object_component id="oc-610">
         <name>.text:SlaveSdoConfirmInitUploadBlock</name>
         <load_address>0x8824c</load_address>
         <run_address>0x8824c</run_address>
         <size>0x30</size>
         <input_file_ref idref="fl-5"/>
      </object_component>
      <object_component id="oc-a3">
         <name>.text:decompress:lzss</name>
         <load_address>0x8827c</load_address>
         <run_address>0x8827c</run_address>
         <size>0x30</size>
         <input_file_ref idref="fl-6b"/>
      </object_component>
      <object_component id="oc-92e">
         <name>.text:KillCLA</name>
         <load_address>0x882ac</load_address>
         <run_address>0x882ac</run_address>
         <size>0x2f</size>
         <input_file_ref idref="fl-8"/>
      </object_component>
      <object_component id="oc-65f">
         <name>.text:SysCtl_selectXTAL</name>
         <load_address>0x882db</load_address>
         <run_address>0x882db</run_address>
         <size>0x2f</size>
         <input_file_ref idref="fl-3f"/>
      </object_component>
      <object_component id="oc-34f">
         <name>.text:CfgBlockTransport</name>
         <load_address>0x8830a</load_address>
         <run_address>0x8830a</run_address>
         <size>0x2e</size>
         <input_file_ref idref="fl-7"/>
      </object_component>
      <object_component id="oc-7d5">
         <name>.text:ClearTrip</name>
         <load_address>0x88338</load_address>
         <run_address>0x88338</run_address>
         <size>0x2e</size>
         <input_file_ref idref="fl-1b"/>
      </object_component>
      <object_component id="oc-448">
         <name>.text:PutCanSlaveQueue</name>
         <load_address>0x88366</load_address>
         <run_address>0x88366</run_address>
         <size>0x2e</size>
         <input_file_ref idref="fl-5"/>
      </object_component>
      <object_component id="oc-3b9">
         <name>.text:ReadCalibFromFlash</name>
         <load_address>0x88394</load_address>
         <run_address>0x88394</run_address>
         <size>0x2e</size>
         <input_file_ref idref="fl-7"/>
      </object_component>
      <object_component id="oc-2e9">
         <name>.text:main</name>
         <load_address>0x883c2</load_address>
         <run_address>0x883c2</run_address>
         <size>0x2e</size>
         <input_file_ref idref="fl-7"/>
      </object_component>
      <object_component id="oc-ff">
         <name>.text:ResetRefGens</name>
         <load_address>0x883f0</load_address>
         <run_address>0x883f0</run_address>
         <size>0x2d</size>
         <input_file_ref idref="fl-2"/>
      </object_component>
      <object_component id="oc-4d2">
         <name>.text:SysCtl_selectOscSource</name>
         <load_address>0x8841d</load_address>
         <run_address>0x8841d</run_address>
         <size>0x2d</size>
         <input_file_ref idref="fl-3f"/>
      </object_component>
      <object_component id="oc-55f">
         <name>.text:MCAN_addStdMsgIDFilter</name>
         <load_address>0x8844a</load_address>
         <run_address>0x8844a</run_address>
         <size>0x2b</size>
         <input_file_ref idref="fl-39"/>
      </object_component>
      <object_component id="oc-78f">
         <name>.text:SetControlWord</name>
         <load_address>0x88475</load_address>
         <run_address>0x88475</run_address>
         <size>0x2b</size>
         <input_file_ref idref="fl-8"/>
      </object_component>
      <object_component id="oc-2b9">
         <name>.text:__TI_auto_init_nobinit_nopinit</name>
         <load_address>0x884a0</load_address>
         <run_address>0x884a0</run_address>
         <size>0x2b</size>
         <input_file_ref idref="fl-68"/>
      </object_component>
      <object_component id="oc-5fb">
         <name>.text:GetObjIndex</name>
         <load_address>0x884cb</load_address>
         <run_address>0x884cb</run_address>
         <size>0x2a</size>
         <input_file_ref idref="fl-8"/>
      </object_component>
      <object_component id="oc-50f">
         <name>.text:SetAdcMux</name>
         <load_address>0x884f5</load_address>
         <run_address>0x884f5</run_address>
         <size>0x2a</size>
         <input_file_ref idref="fl-19"/>
      </object_component>
      <object_component id="oc-5c2">
         <name>.text</name>
         <load_address>0x8851f</load_address>
         <run_address>0x8851f</run_address>
         <size>0x2a</size>
         <input_file_ref idref="fl-64"/>
      </object_component>
      <object_component id="oc-438">
         <name>.text:setupLin</name>
         <load_address>0x88549</load_address>
         <run_address>0x88549</run_address>
         <size>0x2a</size>
         <input_file_ref idref="fl-17"/>
      </object_component>
      <object_component id="oc-19f">
         <name>.text:SpeedProfiler</name>
         <load_address>0x88573</load_address>
         <run_address>0x88573</run_address>
         <size>0x29</size>
         <input_file_ref idref="fl-11"/>
      </object_component>
      <object_component id="oc-3e4">
         <name>.text:initCLA</name>
         <load_address>0x8859c</load_address>
         <run_address>0x8859c</run_address>
         <size>0x29</size>
         <input_file_ref idref="fl-18"/>
      </object_component>
      <object_component id="oc-216">
         <name>.text</name>
         <load_address>0x885c5</load_address>
         <run_address>0x885c5</run_address>
         <size>0x29</size>
         <input_file_ref idref="fl-6c"/>
      </object_component>
      <object_component id="oc-828">
         <name>.text:GetParIndex</name>
         <load_address>0x885ee</load_address>
         <run_address>0x885ee</run_address>
         <size>0x28</size>
         <input_file_ref idref="fl-8"/>
      </object_component>
      <object_component id="oc-777">
         <name>.text:GetCalibCmd</name>
         <load_address>0x88616</load_address>
         <run_address>0x88616</run_address>
         <size>0x26</size>
         <input_file_ref idref="fl-8"/>
      </object_component>
      <object_component id="oc-897">
         <name>.text:IsInRange</name>
         <load_address>0x8863c</load_address>
         <run_address>0x8863c</run_address>
         <size>0x26</size>
         <input_file_ref idref="fl-8"/>
      </object_component>
      <object_component id="oc-532">
         <name>.text:setupGpioCAN</name>
         <load_address>0x88662</load_address>
         <run_address>0x88662</run_address>
         <size>0x26</size>
         <input_file_ref idref="fl-19"/>
      </object_component>
      <object_component id="oc-25f">
         <name>.text</name>
         <load_address>0x88688</load_address>
         <run_address>0x88688</run_address>
         <size>0x25</size>
         <input_file_ref idref="fl-65"/>
      </object_component>
      <object_component id="oc-759">
         <name>.text:GetDynIdentification</name>
         <load_address>0x886ad</load_address>
         <run_address>0x886ad</run_address>
         <size>0x24</size>
         <input_file_ref idref="fl-8"/>
      </object_component>
      <object_component id="oc-502">
         <name>.text:SetClaAllSw</name>
         <load_address>0x886d1</load_address>
         <run_address>0x886d1</run_address>
         <size>0x24</size>
         <input_file_ref idref="fl-18"/>
      </object_component>
      <object_component id="oc-1be">
         <name>.text:SetSysTimerTargetSec</name>
         <load_address>0x886f5</load_address>
         <run_address>0x886f5</run_address>
         <size>0x24</size>
         <input_file_ref idref="fl-a"/>
      </object_component>
      <object_component id="oc-741">
         <name>.text:GetConfigPar</name>
         <load_address>0x88719</load_address>
         <run_address>0x88719</run_address>
         <size>0x23</size>
         <input_file_ref idref="fl-8"/>
      </object_component>
      <object_component id="oc-61c">
         <name>.text:SlaveSdoConfirmInitUploadExpedit</name>
         <load_address>0x8873c</load_address>
         <run_address>0x8873c</run_address>
         <size>0x23</size>
         <input_file_ref idref="fl-5"/>
      </object_component>
      <object_component id="oc-583">
         <name>.text:GPIO_setMasterCore</name>
         <load_address>0x8875f</load_address>
         <run_address>0x8875f</run_address>
         <size>0x22</size>
         <input_file_ref idref="fl-32"/>
      </object_component>
      <object_component id="oc-57d">
         <name>.text:GPIO_setQualificationMode</name>
         <load_address>0x88781</load_address>
         <run_address>0x88781</run_address>
         <size>0x22</size>
         <input_file_ref idref="fl-32"/>
      </object_component>
      <object_component id="oc-385">
         <name>.text:MemCfg_setLSRAMMasterSel</name>
         <load_address>0x887a3</load_address>
         <run_address>0x887a3</run_address>
         <size>0x21</size>
         <input_file_ref idref="fl-3a"/>
      </object_component>
      <object_component id="oc-83f">
         <name>.text:Put2TxBuf</name>
         <load_address>0x887c4</load_address>
         <run_address>0x887c4</run_address>
         <size>0x21</size>
         <input_file_ref idref="fl-17"/>
      </object_component>
      <object_component id="oc-571">
         <name>.text:GPIO_setDirectionMode</name>
         <load_address>0x887e5</load_address>
         <run_address>0x887e5</run_address>
         <size>0x20</size>
         <input_file_ref idref="fl-32"/>
      </object_component>
      <object_component id="oc-40e">
         <name>.text:KillMotor</name>
         <load_address>0x88805</load_address>
         <run_address>0x88805</run_address>
         <size>0x20</size>
         <input_file_ref idref="fl-1b"/>
      </object_component>
      <object_component id="oc-5e0">
         <name>.text:SetExtendedBootUpMessage</name>
         <load_address>0x88825</load_address>
         <run_address>0x88825</run_address>
         <size>0x1f</size>
         <input_file_ref idref="fl-1a"/>
      </object_component>
      <object_component id="oc-7dc">
         <name>.text:SysCtl_pollX1Counter</name>
         <load_address>0x88844</load_address>
         <run_address>0x88844</run_address>
         <size>0x1f</size>
         <input_file_ref idref="fl-3f"/>
      </object_component>
      <object_component id="oc-272">
         <name>.text:CF_WaitStabilize</name>
         <load_address>0x88863</load_address>
         <run_address>0x88863</run_address>
         <size>0x1e</size>
         <input_file_ref idref="fl-9"/>
      </object_component>
      <object_component id="oc-735">
         <name>.text:GetFloatPar</name>
         <load_address>0x88881</load_address>
         <run_address>0x88881</run_address>
         <size>0x1e</size>
         <input_file_ref idref="fl-8"/>
      </object_component>
      <object_component id="oc-6e0">
         <name>.text</name>
         <load_address>0x8889f</load_address>
         <run_address>0x8889f</run_address>
         <size>0x1e</size>
         <input_file_ref idref="fl-62"/>
      </object_component>
      <object_component id="oc-46d">
         <name>.text:DealFaultState</name>
         <load_address>0x888bd</load_address>
         <run_address>0x888bd</run_address>
         <size>0x1d</size>
         <input_file_ref idref="fl-6"/>
      </object_component>
      <object_component id="oc-8ed">
         <name>.text:RecorderDnFloatTrigger</name>
         <load_address>0x888da</load_address>
         <run_address>0x888da</run_address>
         <size>0x1d</size>
         <input_file_ref idref="fl-1d"/>
      </object_component>
      <object_component id="oc-8cf">
         <name>.text:RecorderEqFloatTrigger</name>
         <load_address>0x888f7</load_address>
         <run_address>0x888f7</run_address>
         <size>0x1d</size>
         <input_file_ref idref="fl-1d"/>
      </object_component>
      <object_component id="oc-90b">
         <name>.text:RecorderUpFloatTrigger</name>
         <load_address>0x88914</load_address>
         <run_address>0x88914</run_address>
         <size>0x1d</size>
         <input_file_ref idref="fl-1d"/>
      </object_component>
      <object_component id="oc-d0">
         <name>.text</name>
         <load_address>0x88931</load_address>
         <run_address>0x88931</run_address>
         <size>0x1d</size>
         <input_file_ref idref="fl-66"/>
      </object_component>
      <object_component id="oc-5e6">
         <name>.text:AbortSlaveSdo</name>
         <load_address>0x8894e</load_address>
         <run_address>0x8894e</run_address>
         <size>0x1c</size>
         <input_file_ref idref="fl-5"/>
      </object_component>
      <object_component id="oc-1b9">
         <name>.text</name>
         <load_address>0x8896a</load_address>
         <run_address>0x8896a</run_address>
         <size>0x1c</size>
         <input_file_ref idref="fl-3"/>
      </object_component>
      <object_component id="oc-143">
         <name>.text:CLA_setTriggerSource</name>
         <load_address>0x88986</load_address>
         <run_address>0x88986</run_address>
         <size>0x1c</size>
         <input_file_ref idref="fl-23"/>
      </object_component>
      <object_component id="oc-5cd">
         <name>.text:IsSysTimerElapse</name>
         <load_address>0x889a2</load_address>
         <run_address>0x889a2</run_address>
         <size>0x1c</size>
         <input_file_ref idref="fl-a"/>
      </object_component>
      <object_component id="oc-5ec">
         <name>.text:SlaveSdoEndOfSubBlock</name>
         <load_address>0x889be</load_address>
         <run_address>0x889be</run_address>
         <size>0x1c</size>
         <input_file_ref idref="fl-5"/>
      </object_component>
      <object_component id="oc-659">
         <name>.text:SysCtl_selectXTALSingleEnded</name>
         <load_address>0x889da</load_address>
         <run_address>0x889da</run_address>
         <size>0x1c</size>
         <input_file_ref idref="fl-3f"/>
      </object_component>
      <object_component id="oc-845">
         <name>.text:TransmitTxBuf</name>
         <load_address>0x889f6</load_address>
         <run_address>0x889f6</run_address>
         <size>0x1c</size>
         <input_file_ref idref="fl-17"/>
      </object_component>
      <object_component id="oc-3a7">
         <name>.text:InitSystemTimer</name>
         <load_address>0x88a12</load_address>
         <run_address>0x88a12</run_address>
         <size>0x1b</size>
         <input_file_ref idref="fl-a"/>
      </object_component>
      <object_component id="oc-8c9">
         <name>.text:RecorderEqSuTrigger</name>
         <load_address>0x88a2d</load_address>
         <run_address>0x88a2d</run_address>
         <size>0x1b</size>
         <input_file_ref idref="fl-1d"/>
      </object_component>
      <object_component id="oc-392">
         <name>.text:ResetConfigPars</name>
         <load_address>0x88a48</load_address>
         <run_address>0x88a48</run_address>
         <size>0x1b</size>
         <input_file_ref idref="fl-8"/>
      </object_component>
      <object_component id="oc-691">
         <name>.text:ADC_setOffsetTrimAll</name>
         <load_address>0x88a63</load_address>
         <run_address>0x88a63</run_address>
         <size>0x1a</size>
         <input_file_ref idref="fl-1e"/>
      </object_component>
      <object_component id="oc-3a1">
         <name>.text:InitLinService</name>
         <load_address>0x88a7d</load_address>
         <run_address>0x88a7d</run_address>
         <size>0x1a</size>
         <input_file_ref idref="fl-17"/>
      </object_component>
      <object_component id="oc-509">
         <name>.text:ADC_setVREF</name>
         <load_address>0x88a97</load_address>
         <run_address>0x88a97</run_address>
         <size>0x19</size>
         <input_file_ref idref="fl-1e"/>
      </object_component>
      <object_component id="oc-6a3">
         <name>.text:CMPSS_configFilterHigh</name>
         <load_address>0x88ab0</load_address>
         <run_address>0x88ab0</run_address>
         <size>0x19</size>
         <input_file_ref idref="fl-25"/>
      </object_component>
      <object_component id="oc-6a9">
         <name>.text:CMPSS_configFilterLow</name>
         <load_address>0x88ac9</load_address>
         <run_address>0x88ac9</run_address>
         <size>0x19</size>
         <input_file_ref idref="fl-25"/>
      </object_component>
      <object_component id="oc-850">
         <name>.text:GetFSignalPtr</name>
         <load_address>0x88ae2</load_address>
         <run_address>0x88ae2</run_address>
         <size>0x19</size>
         <input_file_ref idref="fl-1d"/>
      </object_component>
      <object_component id="oc-717">
         <name>.text:GetSignalFlags</name>
         <load_address>0x88afb</load_address>
         <run_address>0x88afb</run_address>
         <size>0x19</size>
         <input_file_ref idref="fl-1d"/>
      </object_component>
      <object_component id="oc-23c">
         <name>.text:ResetProfiler</name>
         <load_address>0x88b14</load_address>
         <run_address>0x88b14</run_address>
         <size>0x19</size>
         <input_file_ref idref="fl-12"/>
      </object_component>
      <object_component id="oc-963">
         <name>.text:SetSysTimerTarget</name>
         <load_address>0x88b2d</load_address>
         <run_address>0x88b2d</run_address>
         <size>0x18</size>
         <input_file_ref idref="fl-a"/>
      </object_component>
      <object_component id="oc-616">
         <name>.text:SlaveSdoConfirmInitUploadSegmented</name>
         <load_address>0x88b45</load_address>
         <run_address>0x88b45</run_address>
         <size>0x18</size>
         <input_file_ref idref="fl-5"/>
      </object_component>
      <object_component id="oc-87a">
         <name>.text:WaitStam</name>
         <load_address>0x88b5d</load_address>
         <run_address>0x88b5d</run_address>
         <size>0x18</size>
         <input_file_ref idref="fl-a"/>
      </object_component>
      <object_component id="oc-622">
         <name>.text:SlaveSdoConfirmInitDload</name>
         <load_address>0x88b75</load_address>
         <run_address>0x88b75</run_address>
         <size>0x17</size>
         <input_file_ref idref="fl-5"/>
      </object_component>
      <object_component id="oc-15c">
         <name>.text</name>
         <load_address>0x88b8c</load_address>
         <run_address>0x88b8c</run_address>
         <size>0x17</size>
         <input_file_ref idref="fl-61"/>
      </object_component>
      <object_component id="oc-4b5">
         <name>.text:CheckAlign</name>
         <load_address>0x88ba3</load_address>
         <run_address>0x88ba3</run_address>
         <size>0x16</size>
         <input_file_ref idref="fl-7"/>
      </object_component>
      <object_component id="oc-8d5">
         <name>.text:RecorderDnLTrigger</name>
         <load_address>0x88bb9</load_address>
         <run_address>0x88bb9</run_address>
         <size>0x16</size>
         <input_file_ref idref="fl-1d"/>
      </object_component>
      <object_component id="oc-8e1">
         <name>.text:RecorderDnLuTrigger</name>
         <load_address>0x88bcf</load_address>
         <run_address>0x88bcf</run_address>
         <size>0x16</size>
         <input_file_ref idref="fl-1d"/>
      </object_component>
      <object_component id="oc-8b7">
         <name>.text:RecorderEqLTrigger</name>
         <load_address>0x88be5</load_address>
         <run_address>0x88be5</run_address>
         <size>0x16</size>
         <input_file_ref idref="fl-1d"/>
      </object_component>
      <object_component id="oc-8c3">
         <name>.text:RecorderEqLuTrigger</name>
         <load_address>0x88bfb</load_address>
         <run_address>0x88bfb</run_address>
         <size>0x16</size>
         <input_file_ref idref="fl-1d"/>
      </object_component>
      <object_component id="oc-8f3">
         <name>.text:RecorderUpLTrigger</name>
         <load_address>0x88c11</load_address>
         <run_address>0x88c11</run_address>
         <size>0x16</size>
         <input_file_ref idref="fl-1d"/>
      </object_component>
      <object_component id="oc-8ff">
         <name>.text:RecorderUpLuTrigger</name>
         <load_address>0x88c27</load_address>
         <run_address>0x88c27</run_address>
         <size>0x16</size>
         <input_file_ref idref="fl-1d"/>
      </object_component>
      <object_component id="oc-35b">
         <name>.text:SetBootUpMessage</name>
         <load_address>0x88c3d</load_address>
         <run_address>0x88c3d</run_address>
         <size>0x16</size>
         <input_file_ref idref="fl-1a"/>
      </object_component>
      <object_component id="oc-2a4">
         <name>.text:SetMotorOff</name>
         <load_address>0x88c53</load_address>
         <run_address>0x88c53</run_address>
         <size>0x16</size>
         <input_file_ref idref="fl-c"/>
      </object_component>
      <object_component id="oc-7b3">
         <name>.text:SetPositionTarget</name>
         <load_address>0x88c69</load_address>
         <run_address>0x88c69</run_address>
         <size>0x16</size>
         <input_file_ref idref="fl-8"/>
      </object_component>
      <object_component id="oc-86e">
         <name>.text:TestFlashAddress</name>
         <load_address>0x88c7f</load_address>
         <run_address>0x88c7f</run_address>
         <size>0x16</size>
         <input_file_ref idref="fl-8"/>
      </object_component>
      <object_component id="oc-75f">
         <name>.text:GetAtpData</name>
         <load_address>0x88c95</load_address>
         <run_address>0x88c95</run_address>
         <size>0x15</size>
         <input_file_ref idref="fl-8"/>
      </object_component>
      <object_component id="oc-3cc">
         <name>.text:Interrupt_initVectorTable</name>
         <load_address>0x88caa</load_address>
         <run_address>0x88caa</run_address>
         <size>0x15</size>
         <input_file_ref idref="fl-37"/>
      </object_component>
      <object_component id="oc-8db">
         <name>.text:RecorderDnSTrigger</name>
         <load_address>0x88cbf</load_address>
         <run_address>0x88cbf</run_address>
         <size>0x15</size>
         <input_file_ref idref="fl-1d"/>
      </object_component>
      <object_component id="oc-8e7">
         <name>.text:RecorderDnSuTrigger</name>
         <load_address>0x88cd4</load_address>
         <run_address>0x88cd4</run_address>
         <size>0x15</size>
         <input_file_ref idref="fl-1d"/>
      </object_component>
      <object_component id="oc-8bd">
         <name>.text:RecorderEqSTrigger</name>
         <load_address>0x88ce9</load_address>
         <run_address>0x88ce9</run_address>
         <size>0x15</size>
         <input_file_ref idref="fl-1d"/>
      </object_component>
      <object_component id="oc-8f9">
         <name>.text:RecorderUpSTrigger</name>
         <load_address>0x88cfe</load_address>
         <run_address>0x88cfe</run_address>
         <size>0x15</size>
         <input_file_ref idref="fl-1d"/>
      </object_component>
      <object_component id="oc-905">
         <name>.text:RecorderUpSuTrigger</name>
         <load_address>0x88d13</load_address>
         <run_address>0x88d13</run_address>
         <size>0x15</size>
         <input_file_ref idref="fl-1d"/>
      </object_component>
      <object_component id="oc-7a7">
         <name>.text:GetRatedCurrent</name>
         <load_address>0x88d28</load_address>
         <run_address>0x88d28</run_address>
         <size>0x14</size>
         <input_file_ref idref="fl-8"/>
      </object_component>
      <object_component id="oc-44f">
         <name>.text:UpdateSysTimer</name>
         <load_address>0x88d3c</load_address>
         <run_address>0x88d3c</run_address>
         <size>0x14</size>
         <input_file_ref idref="fl-a"/>
      </object_component>
      <object_component id="oc-5b5">
         <name>.text:DMA_configWrap</name>
         <load_address>0x88d50</load_address>
         <run_address>0x88d50</run_address>
         <size>0x13</size>
         <input_file_ref idref="fl-2a"/>
      </object_component>
      <object_component id="oc-111">
         <name>.text:GetSinCorrelation</name>
         <load_address>0x88d63</load_address>
         <run_address>0x88d63</run_address>
         <size>0x13</size>
         <input_file_ref idref="fl-9"/>
      </object_component>
      <object_component id="oc-862">
         <name>.text:ResetCpu</name>
         <load_address>0x88d76</load_address>
         <run_address>0x88d76</run_address>
         <size>0x13</size>
         <input_file_ref idref="fl-8"/>
      </object_component>
      <object_component id="oc-60a">
         <name>.text:SlaveSdoEndOfBlock</name>
         <load_address>0x88d89</load_address>
         <run_address>0x88d89</run_address>
         <size>0x13</size>
         <input_file_ref idref="fl-5"/>
      </object_component>
      <object_component id="oc-817">
         <name>.text:GetSamplingTime</name>
         <load_address>0x88d9c</load_address>
         <run_address>0x88d9c</run_address>
         <size>0x12</size>
         <input_file_ref idref="fl-8"/>
      </object_component>
      <object_component id="oc-882">
         <name>.text:PauseInts</name>
         <load_address>0x88dae</load_address>
         <run_address>0x88dae</run_address>
         <size>0x12</size>
         <input_file_ref idref="fl-18"/>
      </object_component>
      <object_component id="oc-467">
         <name>.text:SafeSetMotorOff</name>
         <load_address>0x88dc0</load_address>
         <run_address>0x88dc0</run_address>
         <size>0x12</size>
         <input_file_ref idref="fl-c"/>
      </object_component>
      <object_component id="oc-5d3">
         <name>.text:GetRecorderStat</name>
         <load_address>0x88dd2</load_address>
         <run_address>0x88dd2</run_address>
         <size>0x11</size>
         <input_file_ref idref="fl-1d"/>
      </object_component>
      <object_component id="oc-7b9">
         <name>.text:SetHomingMethod</name>
         <load_address>0x88de3</load_address>
         <run_address>0x88de3</run_address>
         <size>0x11</size>
         <input_file_ref idref="fl-8"/>
      </object_component>
      <object_component id="oc-3fc">
         <name>.text:setupDac</name>
         <load_address>0x88df4</load_address>
         <run_address>0x88df4</run_address>
         <size>0x11</size>
         <input_file_ref idref="fl-13"/>
      </object_component>
      <object_component id="oc-783">
         <name>.text:GetMotionPar</name>
         <load_address>0x88e05</load_address>
         <run_address>0x88e05</run_address>
         <size>0xf</size>
         <input_file_ref idref="fl-8"/>
      </object_component>
      <object_component id="oc-53e">
         <name>.text:MCAN_setOpMode</name>
         <load_address>0x88e14</load_address>
         <run_address>0x88e14</run_address>
         <size>0xf</size>
         <input_file_ref idref="fl-39"/>
      </object_component>
      <object_component id="oc-12c">
         <name>.text:SnapIt</name>
         <load_address>0x88e23</load_address>
         <run_address>0x88e23</run_address>
         <size>0xf</size>
         <input_file_ref idref="fl-1d"/>
      </object_component>
      <object_component id="oc-59d">
         <name>.text:DMA_configAddresses</name>
         <load_address>0x88e32</load_address>
         <run_address>0x88e32</run_address>
         <size>0xe</size>
         <input_file_ref idref="fl-2a"/>
      </object_component>
      <object_component id="oc-5a9">
         <name>.text:DMA_configTransfer</name>
         <load_address>0x88e40</load_address>
         <run_address>0x88e40</run_address>
         <size>0xe</size>
         <input_file_ref idref="fl-2a"/>
      </object_component>
      <object_component id="oc-888">
         <name>.text:UnpauseInts</name>
         <load_address>0x88e4e</load_address>
         <run_address>0x88e4e</run_address>
         <size>0xe</size>
         <input_file_ref idref="fl-18"/>
      </object_component>
      <object_component id="oc-7ad">
         <name>.text:GetPeakCurrentPromils</name>
         <load_address>0x88e5c</load_address>
         <run_address>0x88e5c</run_address>
         <size>0xd</size>
         <input_file_ref idref="fl-8"/>
      </object_component>
      <object_component id="oc-29e">
         <name>.text:IsResetBlocked</name>
         <load_address>0x88e69</load_address>
         <run_address>0x88e69</run_address>
         <size>0xd</size>
         <input_file_ref idref="fl-1c"/>
      </object_component>
      <object_component id="oc-911">
         <name>.text:FlagRecorderTrigger</name>
         <load_address>0x88e76</load_address>
         <run_address>0x88e76</run_address>
         <size>0xc</size>
         <input_file_ref idref="fl-1d"/>
      </object_component>
      <object_component id="oc-210">
         <name>.text</name>
         <load_address>0x88e82</load_address>
         <run_address>0x88e82</run_address>
         <size>0xc</size>
         <input_file_ref idref="fl-6e"/>
      </object_component>
      <object_component id="oc-230">
         <name>.text:GetManufacturerSpecificCode</name>
         <load_address>0x88e8e</load_address>
         <run_address>0x88e8e</run_address>
         <size>0xb</size>
         <input_file_ref idref="fl-8"/>
      </object_component>
      <object_component id="oc-822">
         <name>.text</name>
         <load_address>0x88e99</load_address>
         <run_address>0x88e99</run_address>
         <size>0xb</size>
         <input_file_ref idref="fl-63"/>
      </object_component>
      <object_component id="oc-5a3">
         <name>.text:DMA_configBurst</name>
         <load_address>0x88ea4</load_address>
         <run_address>0x88ea4</run_address>
         <size>0xa</size>
         <input_file_ref idref="fl-2a"/>
      </object_component>
      <object_component id="oc-538">
         <name>.text:MCAN_isMemInitDone</name>
         <load_address>0x88eae</load_address>
         <run_address>0x88eae</run_address>
         <size>0xa</size>
         <input_file_ref idref="fl-39"/>
      </object_component>
      <object_component id="oc-5c7">
         <name>.text:GetTemperatureFromAdc</name>
         <load_address>0x88eb8</load_address>
         <run_address>0x88eb8</run_address>
         <size>0x9</size>
         <input_file_ref idref="fl-18"/>
      </object_component>
      <object_component id="oc-515">
         <name>.text:WaitUsec</name>
         <load_address>0x88ec1</load_address>
         <run_address>0x88ec1</run_address>
         <size>0x9</size>
         <input_file_ref idref="fl-18"/>
      </object_component>
      <object_component id="oc-36d">
         <name>.text</name>
         <load_address>0x88eca</load_address>
         <run_address>0x88eca</run_address>
         <size>0x9</size>
         <input_file_ref idref="fl-6d"/>
      </object_component>
      <object_component id="oc-6bb">
         <name>.text:MCAN_writeProtectedRegAccessLock</name>
         <load_address>0x88ed3</load_address>
         <run_address>0x88ed3</run_address>
         <size>0x8</size>
         <input_file_ref idref="fl-39"/>
      </object_component>
      <object_component id="oc-a9">
         <name>.text:decompress:none</name>
         <load_address>0x88edb</load_address>
         <run_address>0x88edb</run_address>
         <size>0x8</size>
         <input_file_ref idref="fl-6a"/>
      </object_component>
      <object_component id="oc-e4">
         <name>.text</name>
         <load_address>0x88ee3</load_address>
         <run_address>0x88ee3</run_address>
         <size>0x8</size>
         <input_file_ref idref="fl-42"/>
      </object_component>
      <object_component id="oc-3bf">
         <name>.text:InitHallModule</name>
         <load_address>0x88eeb</load_address>
         <run_address>0x88eeb</run_address>
         <size>0x7</size>
         <input_file_ref idref="fl-b"/>
      </object_component>
      <object_component id="oc-544">
         <name>.text:MCAN_getOpMode</name>
         <load_address>0x88ef2</load_address>
         <run_address>0x88ef2</run_address>
         <size>0x7</size>
         <input_file_ref idref="fl-39"/>
      </object_component>
      <object_component id="oc-6b5">
         <name>.text:MCAN_writeProtectedRegAccessUnlock</name>
         <load_address>0x88ef9</load_address>
         <run_address>0x88ef9</run_address>
         <size>0x7</size>
         <input_file_ref idref="fl-39"/>
      </object_component>
      <object_component id="oc-155">
         <name>.text</name>
         <load_address>0x88f00</load_address>
         <run_address>0x88f00</run_address>
         <size>0x7</size>
         <input_file_ref idref="fl-6f"/>
      </object_component>
      <object_component id="oc-3de">
         <name>.text:CPUTimer_setEmulationMode</name>
         <load_address>0x88f07</load_address>
         <run_address>0x88f07</run_address>
         <size>0x6</size>
         <input_file_ref idref="fl-26"/>
      </object_component>
      <object_component id="oc-917">
         <name>.text:ImmediateRecorderTrigger</name>
         <load_address>0x88f0d</load_address>
         <run_address>0x88f0d</run_address>
         <size>0x6</size>
         <input_file_ref idref="fl-1d"/>
      </object_component>
      <object_component id="oc-de">
         <name>.text:decompress:ZI</name>
         <load_address>0x88f13</load_address>
         <run_address>0x88f13</run_address>
         <size>0x6</size>
         <input_file_ref idref="fl-69"/>
      </object_component>
      <object_component id="oc-51b">
         <name>.text:SetAxisByIdVolts</name>
         <load_address>0x88f19</load_address>
         <run_address>0x88f19</run_address>
         <size>0x5</size>
         <input_file_ref idref="fl-19"/>
      </object_component>
      <object_component id="oc-7c1">
         <name>.text:GetOdSize</name>
         <load_address>0x88f1e</load_address>
         <run_address>0x88f1e</run_address>
         <size>0x4</size>
         <input_file_ref idref="fl-5"/>
      </object_component>
      <object_component id="oc-4be">
         <name>.text:Interrupt_defaultHandler</name>
         <load_address>0x88f22</load_address>
         <run_address>0x88f22</run_address>
         <size>0x4</size>
         <input_file_ref idref="fl-37"/>
      </object_component>
      <object_component id="oc-4a3">
         <name>.text:ResetHardwareSysTimer</name>
         <load_address>0x88f26</load_address>
         <run_address>0x88f26</run_address>
         <size>0x4</size>
         <input_file_ref idref="fl-18"/>
      </object_component>
      <object_component id="oc-97e">
         <name>.text:Example_Error</name>
         <load_address>0x88f2a</load_address>
         <run_address>0x88f2a</run_address>
         <size>0x3</size>
         <input_file_ref idref="fl-15"/>
      </object_component>
      <object_component id="oc-984">
         <name>.text:FMSTAT_Fail</name>
         <load_address>0x88f2d</load_address>
         <run_address>0x88f2d</run_address>
         <size>0x3</size>
         <input_file_ref idref="fl-15"/>
      </object_component>
      <object_component id="oc-6f3">
         <name>.text:NoSuchGetObject</name>
         <load_address>0x88f30</load_address>
         <run_address>0x88f30</run_address>
         <size>0x3</size>
         <input_file_ref idref="fl-8"/>
      </object_component>
[...]
         <value>0x888da</value>
         <object_component_ref idref="oc-8ed"/>
      </symbol>
      <symbol id="sm-c1f">
         <name>RecorderDnLuTrigger</name>
         <value>0x88bcf</value>
         <object_component_ref idref="oc-8e1"/>
      </symbol>
      <symbol id="sm-c20">
         <name>RecorderUpFloatTrigger</name>
         <value>0x88914</value>
         <object_component_ref idref="oc-90b"/>
      </symbol>
      <symbol id="sm-c21">
         <name>SetSignal</name>
         <value>0x87d75</value>
         <object_component_ref idref="oc-71d"/>
      </symbol>
      <symbol id="sm-c22">
         <name>RecorderDnSuTrigger</name>
         <value>0x88cd4</value>
         <object_component_ref idref="oc-8e7"/>
      </symbol>
      <symbol id="sm-c23">
         <name>Recorder</name>
         <value>0xac00</value>
         <object_component_ref idref="oc-1e7"/>
      </symbol>
      <symbol id="sm-c24">
         <name>RtRecorder</name>
         <value>0x87279</value>
         <object_component_ref idref="oc-126"/>
      </symbol>
      <symbol id="sm-c25">
         <name>GetFSignalPtr</name>
         <value>0x88ae2</value>
         <object_component_ref idref="oc-850"/>
      </symbol>
      <symbol id="sm-c26">
         <name>RecorderEqLTrigger</name>
         <value>0x88be5</value>
         <object_component_ref idref="oc-8b7"/>
      </symbol>
      <symbol id="sm-c27">
         <name>RecorderUpSTrigger</name>
         <value>0x88cfe</value>
         <object_component_ref idref="oc-8f9"/>
      </symbol>
      <symbol id="sm-c28">
         <name>RecorderUpLuTrigger</name>
         <value>0x88c27</value>
         <object_component_ref idref="oc-8ff"/>
      </symbol>
      <symbol id="sm-c29">
         <name>RecorderBuffer</name>
         <value>0xc000</value>
         <object_component_ref idref="oc-4b0"/>
      </symbol>
      <symbol id="sm-c2a">
         <name>FarlPtr</name>
         <value>0xabc4</value>
         <object_component_ref idref="oc-1e7"/>
      </symbol>
      <symbol id="sm-c2b">
         <name>RecorderEqFloatTrigger</name>
         <value>0x888f7</value>
         <object_component_ref idref="oc-8cf"/>
      </symbol>
      <symbol id="sm-c2c">
         <name>RecorderUpSuTrigger</name>
         <value>0x88d13</value>
         <object_component_ref idref="oc-905"/>
      </symbol>
      <symbol id="sm-c2d">
         <name>ImmediateRecorderTrigger</name>
         <value>0x88f0d</value>
         <object_component_ref idref="oc-917"/>
      </symbol>
      <symbol id="sm-c2e">
         <name>InitRecorder</name>
         <value>0x87c29</value>
         <object_component_ref idref="oc-3ad"/>
      </symbol>
      <symbol id="sm-c2f">
         <name>FlagRecorderTrigger</name>
         <value>0x88e76</value>
         <object_component_ref idref="oc-911"/>
      </symbol>
      <symbol id="sm-c30">
         <name>SnapIt</name>
         <value>0x88e23</value>
         <object_component_ref idref="oc-12c"/>
      </symbol>
      <symbol id="sm-c31">
         <name>RecorderDnLTrigger</name>
         <value>0x88bb9</value>
         <object_component_ref idref="oc-8d5"/>
      </symbol>
      <symbol id="sm-c32">
         <name>GetRecorderStat</name>
         <value>0x88dd2</value>
         <object_component_ref idref="oc-5d3"/>
      </symbol>
      <symbol id="sm-c33">
         <name>GetRecorder</name>
         <value>0x84cf1</value>
         <object_component_ref idref="oc-70b"/>
      </symbol>
      <symbol id="sm-c34">
         <name>RecorderEqSTrigger</name>
         <value>0x88ce9</value>
         <object_component_ref idref="oc-8bd"/>
      </symbol>
      <symbol id="sm-c35">
         <name>RecorderProg</name>
         <value>0xac80</value>
         <object_component_ref idref="oc-1e7"/>
      </symbol>
      <symbol id="sm-c36">
         <name>ActivateProgrammedRecorder</name>
         <value>0x868a9</value>
         <object_component_ref idref="oc-810"/>
      </symbol>
      <symbol id="sm-c37">
         <name>RecorderStartFlag</name>
         <value>0xabc0</value>
         <object_component_ref idref="oc-1e7"/>
      </symbol>
      <symbol id="sm-c38">
         <name>SetRecorder</name>
         <value>0x8621f</value>
         <object_component_ref idref="oc-705"/>
      </symbol>
      <symbol id="sm-c39">
         <name>RecorderUpLTrigger</name>
         <value>0x88c11</value>
         <object_component_ref idref="oc-8f3"/>
      </symbol>
      <symbol id="sm-c3a">
         <name>EmptyRecorderTrigger</name>
         <value>0x88f36</value>
         <object_component_ref idref="oc-4aa"/>
      </symbol>
      <symbol id="sm-c54">
         <name>ADC_setOffsetTrimAll</name>
         <value>0x88a63</value>
         <object_component_ref idref="oc-691"/>
      </symbol>
      <symbol id="sm-c55">
         <name>ADC_setVREF</name>
         <value>0x88a97</value>
         <object_component_ref idref="oc-509"/>
      </symbol>
      <symbol id="sm-c68">
         <name>CLA_setTriggerSource</name>
         <value>0x88986</value>
         <object_component_ref idref="oc-143"/>
      </symbol>
      <symbol id="sm-c7d">
         <name>CMPSS_configFilterHigh</name>
         <value>0x88ab0</value>
         <object_component_ref idref="oc-6a3"/>
      </symbol>
      <symbol id="sm-c7e">
         <name>CMPSS_configFilterLow</name>
         <value>0x88ac9</value>
         <object_component_ref idref="oc-6a9"/>
      </symbol>
      <symbol id="sm-c8b">
         <name>CPUTimer_setEmulationMode</name>
         <value>0x88f07</value>
         <object_component_ref idref="oc-3de"/>
      </symbol>
      <symbol id="sm-cbe">
         <name>DMA_configTransfer</name>
         <value>0x88e40</value>
         <object_component_ref idref="oc-5a9"/>
      </symbol>
      <symbol id="sm-cbf">
         <name>DMA_configAddresses</name>
         <value>0x88e32</value>
         <object_component_ref idref="oc-59d"/>
      </symbol>
      <symbol id="sm-cc0">
         <name>DMA_configBurst</name>
         <value>0x88ea4</value>
         <object_component_ref idref="oc-5a3"/>
      </symbol>
      <symbol id="sm-cc1">
         <name>DMA_configWrap</name>
         <value>0x88d50</value>
         <object_component_ref idref="oc-5b5"/>
      </symbol>
      <symbol id="sm-cc2">
         <name>DMA_configMode</name>
         <value>0x870d9</value>
         <object_component_ref idref="oc-5af"/>
      </symbol>
      <symbol id="sm-cd4">
         <name>Flash_initModule</name>
         <value>0xa35b</value>
         <object_component_ref idref="oc-3d8"/>
      </symbol>
      <symbol id="sm-d06">
         <name>GPIO_setQualificationMode</name>
         <value>0x88781</value>
         <object_component_ref idref="oc-57d"/>
      </symbol>
      <symbol id="sm-d07">
         <name>GPIO_setPadConfig</name>
         <value>0x87e77</value>
         <object_component_ref idref="oc-577"/>
      </symbol>
      <symbol id="sm-d08">
         <name>GPIO_setDirectionMode</name>
         <value>0x887e5</value>
         <object_component_ref idref="oc-571"/>
      </symbol>
      <symbol id="sm-d09">
         <name>GPIO_setPinConfig</name>
         <value>0x881ec</value>
         <object_component_ref idref="oc-56b"/>
      </symbol>
      <symbol id="sm-d0a">
         <name>GPIO_setMasterCore</name>
         <value>0x8875f</value>
         <object_component_ref idref="oc-583"/>
      </symbol>
      <symbol id="sm-d6d">
         <name>Interrupt_disable</name>
         <value>0x87b51</value>
         <object_component_ref idref="oc-96a"/>
      </symbol>
      <symbol id="sm-d6e">
         <name>Interrupt_initModule</name>
         <value>0x87cf3</value>
         <object_component_ref idref="oc-3c6"/>
      </symbol>
      <symbol id="sm-d6f">
         <name>Interrupt_enable</name>
         <value>0x88052</value>
         <object_component_ref idref="oc-13d"/>
      </symbol>
      <symbol id="sm-d70">
         <name>Interrupt_initVectorTable</name>
         <value>0x88caa</value>
         <object_component_ref idref="oc-3cc"/>
      </symbol>
      <symbol id="sm-d7d">
         <name>LIN_initModule</name>
         <value>0x874e3</value>
         <object_component_ref idref="oc-596"/>
      </symbol>
      <symbol id="sm-dd0">
         <name>MCAN_getOpMode</name>
         <value>0x88ef2</value>
         <object_component_ref idref="oc-544"/>
      </symbol>
      <symbol id="sm-dd1">
         <name>MCAN_addStdMsgIDFilter</name>
         <value>0x8844a</value>
         <object_component_ref idref="oc-55f"/>
      </symbol>
      <symbol id="sm-dd2">
         <name>MCAN_isMemInitDone</name>
         <value>0x88eae</value>
         <object_component_ref idref="oc-538"/>
      </symbol>
      <symbol id="sm-dd3">
         <name>MCAN_setOpMode</name>
         <value>0x88e14</value>
         <object_component_ref idref="oc-53e"/>
      </symbol>
      <symbol id="sm-dd4">
         <name>MCAN_init</name>
         <value>0x86974</value>
         <object_component_ref idref="oc-54a"/>
      </symbol>
      <symbol id="sm-dd5">
         <name>MCAN_msgRAMConfig</name>
         <value>0x85018</value>
         <object_component_ref idref="oc-556"/>
      </symbol>
      <symbol id="sm-dd6">
         <name>MCAN_setBitTime</name>
         <value>0x86dbf</value>
         <object_component_ref idref="oc-550"/>
      </symbol>
      <symbol id="sm-de5">
         <name>MemCfg_setLSRAMMasterSel</name>
         <value>0x887a3</value>
         <object_component_ref idref="oc-385"/>
      </symbol>
      <symbol id="sm-e41">
         <name>SysCtl_isPLLValid</name>
         <value>0x86604</value>
         <object_component_ref idref="oc-4d8"/>
      </symbol>
      <symbol id="sm-e42">
         <name>SysCtl_delay</name>
         <value>0xa3f2</value>
         <object_component_ref idref="oc-4d1"/>
      </symbol>
      <symbol id="sm-e43">
         <name>SysCtl_selectXTALSingleEnded</name>
         <value>0x889da</value>
         <object_component_ref idref="oc-659"/>
      </symbol>
      <symbol id="sm-e44">
         <name>SysCtl_selectXTAL</name>
         <value>0x882db</value>
         <object_component_ref idref="oc-65f"/>
      </symbol>
      <symbol id="sm-e45">
         <name>SysCtl_selectOscSource</name>
         <value>0x8841d</value>
         <object_component_ref idref="oc-4d2"/>
      </symbol>
      <symbol id="sm-e46">
         <name>SysCtl_setClock</name>
         <value>0x85f15</value>
         <object_component_ref idref="oc-3d2"/>
      </symbol>
      <symbol id="sm-e57">
         <name>code_start</name>
         <value>0x80000</value>
         <object_component_ref idref="oc-b0"/>
      </symbol>
      <symbol id="sm-e7b">
         <name>Fapi_issueAsyncCommandWithAddress</name>
         <value>0x9de3</value>
         <object_component_ref idref="oc-941"/>
      </symbol>
      <symbol id="sm-e7c">
         <name>Fapi_issueAsyncCommand</name>
         <value>0xa215</value>
         <object_component_ref idref="oc-935"/>
      </symbol>
      <symbol id="sm-ebe">
         <name>Fapi_issueProgrammingCommand</name>
         <value>0x9b7b</value>
         <object_component_ref idref="oc-978"/>
      </symbol>
      <symbol id="sm-ed2">
         <name>Fapi_doBlankCheck</name>
         <value>0x9e63</value>
         <object_component_ref idref="oc-94d"/>
      </symbol>
      <symbol id="sm-eff">
         <name>Fapi_checkRegionForValue</name>
         <value>0x9edf</value>
         <object_component_ref idref="oc-9f7"/>
      </symbol>
      <symbol id="sm-f00">
         <name>Fapi_flushPipeline</name>
         <value>0xa235</value>
         <object_component_ref idref="oc-9cf"/>
      </symbol>
      <symbol id="sm-f01">
         <name>Fapi_loopRegionForValue</name>
         <value>0x9f59</value>
         <object_component_ref idref="oc-9d5"/>
      </symbol>
      <symbol id="sm-f0e">
         <name>Fapi_doVerify</name>
         <value>0xa288</value>
         <object_component_ref idref="oc-98a"/>
      </symbol>
      <symbol id="sm-f76">
         <name>Fapi_setActiveFlashBank</name>
         <value>0xa0ff</value>
         <object_component_ref idref="oc-95c"/>
      </symbol>
      <symbol id="sm-f77">
         <name>Fapi_isAddressEcc</name>
         <value>0xa1f1</value>
         <object_component_ref idref="oc-a14"/>
      </symbol>
      <symbol id="sm-f78">
         <name>Fapi_setupBankSectorEnable</name>
         <value>0xa168</value>
         <object_component_ref idref="oc-a0a"/>
      </symbol>
      <symbol id="sm-f79">
         <name>Fapi_issueFsmCommand</name>
         <value>0xa034</value>
         <object_component_ref idref="oc-9a8"/>
      </symbol>
      <symbol id="sm-f7a">
         <name>Fapi_checkFsmForReady</name>
         <value>0xa297</value>
         <object_component_ref idref="oc-93b"/>
      </symbol>
      <symbol id="sm-f7b">
         <name>Fapi_setupSectorsForWrite</name>
         <value>0xa252</value>
         <object_component_ref idref="oc-9c1"/>
      </symbol>
      <symbol id="sm-f7c">
         <name>Fapi_getFsmStatus</name>
         <value>0xa2bd</value>
         <object_component_ref idref="oc-947"/>
      </symbol>
      <symbol id="sm-f8f">
         <name>Fapi_initializeAPI</name>
         <value>0xa136</value>
         <object_component_ref idref="oc-956"/>
      </symbol>
      <symbol id="sm-f90">
         <name>Fapi_GlobalInit</name>
         <value>0xad32</value>
         <object_component_ref idref="oc-9b0"/>
      </symbol>
      <symbol id="sm-fec">
         <name>Fapi_calculateOtpChecksum</name>
         <value>0xa2a5</value>
         <object_component_ref idref="oc-a27"/>
      </symbol>
      <symbol id="sm-fed">
         <name>Fapi_scaleCycleValues</name>
         <value>0xa2b2</value>
         <object_component_ref idref="oc-a2d"/>
      </symbol>
      <symbol id="sm-fee">
         <name>Fapi_WriteReadBack</name>
         <value>0xa26e</value>
         <object_component_ref idref="oc-9b5"/>
      </symbol>
      <symbol id="sm-fef">
         <name>Fapi_configureFMAC</name>
         <value>0x9fd3</value>
         <object_component_ref idref="oc-9bb"/>
      </symbol>
      <symbol id="sm-ff0">
         <name>Fapi_calculateFletcherChecksum</name>
         <value>0xa199</value>
         <object_component_ref idref="oc-a45"/>
      </symbol>
      <symbol id="sm-ff1">
         <name>Fapi_calculateEcc</name>
         <value>0xa0c5</value>
         <object_component_ref idref="oc-972"/>
      </symbol>
      <symbol id="sm-ff2">
         <name>Fapi_isAddressValid</name>
         <value>0xa08a</value>
         <object_component_ref idref="oc-9c9"/>
      </symbol>
      <symbol id="sm-ff3">
         <name>Fapi_divideUnsignedLong</name>
         <value>0xa1c5</value>
         <object_component_ref idref="oc-a21"/>
      </symbol>
      <symbol id="sm-ffd">
         <name>_c_int00</name>
         <value>0x88b8c</value>
         <object_component_ref idref="oc-15c"/>
      </symbol>
      <symbol id="sm-ffe">
         <name>__stack</name>
         <value>0x400</value>
         <object_component_ref idref="oc-cd"/>
      </symbol>
      <symbol id="sm-1008">
         <name>__c28xabi_cmpll</name>
         <value>0x8889f</value>
         <object_component_ref idref="oc-6e0"/>
      </symbol>
      <symbol id="sm-1009">
         <name>__c28xabi_cmpull</name>
         <value>0x888b1</value>
         <object_component_ref idref="oc-6e0"/>
      </symbol>
      <symbol id="sm-1011">
         <name>__c28xabi_modu</name>
         <value>0x88e9e</value>
         <object_component_ref idref="oc-822"/>
      </symbol>
      <symbol id="sm-1012">
         <name>__c28xabi_divu</name>
         <value>0x88e99</value>
         <object_component_ref idref="oc-822"/>
      </symbol>
      <symbol id="sm-101a">
         <name>__c28xabi_divul</name>
         <value>0x8853c</value>
         <object_component_ref idref="oc-5c2"/>
      </symbol>
      <symbol id="sm-101b">
         <name>__c28xabi_modul</name>
         <value>0x88543</value>
         <object_component_ref idref="oc-5c2"/>
      </symbol>
      <symbol id="sm-101c">
         <name>__c28xabi_modl</name>
         <value>0x8852e</value>
         <object_component_ref idref="oc-5c2"/>
      </symbol>
      <symbol id="sm-101d">
         <name>__c28xabi_divl</name>
         <value>0x8851f</value>
         <object_component_ref idref="oc-5c2"/>
      </symbol>
      <symbol id="sm-1029">
         <name>__c28xabi_ftoull</name>
         <value>0x88688</value>
         <object_component_ref idref="oc-25f"/>
      </symbol>
      <symbol id="sm-103b">
         <name>memcpy</name>
         <value>0x88931</value>
         <object_component_ref idref="oc-d0"/>
      </symbol>
      <symbol id="sm-1048">
         <name>_system_pre_init</name>
         <value>0x88f48</value>
         <object_component_ref idref="oc-209"/>
      </symbol>
      <symbol id="sm-1057">
         <name>__TI_auto_init_nobinit_nopinit</name>
         <value>0x884a0</value>
         <object_component_ref idref="oc-2b9"/>
      </symbol>
      <symbol id="sm-1064">
         <name>__TI_zero_init</name>
         <value>0x88f13</value>
         <object_component_ref idref="oc-de"/>
      </symbol>
      <symbol id="sm-1071">
         <name>__TI_decompress_none</name>
         <value>0x88edb</value>
         <object_component_ref idref="oc-a9"/>
      </symbol>
      <symbol id="sm-1085">
         <name>__TI_decompress_lzss</name>
         <value>0x8827c</value>
         <object_component_ref idref="oc-a3"/>
      </symbol>
      <symbol id="sm-109b">
         <name>C$$EXIT</name>
         <value>0x885c5</value>
         <object_component_ref idref="oc-216"/>
      </symbol>
      <symbol id="sm-109c">
         <name>abort</name>
         <value>0x885c5</value>
         <object_component_ref idref="oc-216"/>
      </symbol>
      <symbol id="sm-109d">
         <name>exit</name>
         <value>0x885c7</value>
         <object_component_ref idref="oc-216"/>
      </symbol>
      <symbol id="sm-109e">
         <name>__TI_dtors_ptr</name>
         <value>0xad96</value>
         <object_component_ref idref="oc-2f1"/>
      </symbol>
      <symbol id="sm-109f">
         <name>__TI_cleanup_ptr</name>
         <value>0xad94</value>
         <object_component_ref idref="oc-2f1"/>
      </symbol>
      <symbol id="sm-10a0">
         <name>__TI_enable_exit_profile_output</name>
         <value>0xad92</value>
         <object_component_ref idref="oc-2f1"/>
      </symbol>
      <symbol id="sm-10b7">
         <name>_nop</name>
         <value>0x88ed2</value>
         <object_component_ref idref="oc-36d"/>
      </symbol>
      <symbol id="sm-10b8">
         <name>_lock</name>
         <value>0xad98</value>
         <object_component_ref idref="oc-2f4"/>
      </symbol>
      <symbol id="sm-10b9">
         <name>_unlock</name>
         <value>0xad9a</value>
         <object_component_ref idref="oc-47b"/>
      </symbol>
      <symbol id="sm-10ba">
         <name>_register_lock</name>
         <value>0x88ece</value>
         <object_component_ref idref="oc-36d"/>
      </symbol>
      <symbol id="sm-10bb">
         <name>_register_unlock</name>
         <value>0x88eca</value>
         <object_component_ref idref="oc-36d"/>
      </symbol>
      <symbol id="sm-10ca">
         <name>_args_main</name>
         <value>0x88e82</value>
         <object_component_ref idref="oc-210"/>
      </symbol>
      <symbol id="sm-10d9">
         <name>memset</name>
         <value>0x88f00</value>
         <object_component_ref idref="oc-155"/>
      </symbol>
      <symbol id="sm-10e7">
         <name>_system_post_cinit</name>
         <value>0x88f4d</value>
         <object_component_ref idref="oc-328"/>
      </symbol>
      <symbol id="sm-10e9">
         <name>__c_args__</name>
         <value>0x0</value>
      </symbol>
   </symbol_table>
   <title>Link successful</title>
</link_info>
