<?xml version="1.0" encoding="ISO-8859-1" ?>
<link_info>
   <banner>TMS320C2000 Linker PC v22.6.0.LTS</banner>
   <copyright>Copyright (c) 1996-2018 Texas Instruments Incorporated</copyright>
   <link_time>0x65014d62</link_time>
   <link_errors>0x0</link_errors>
   <output_file>NimrodPD.out</output_file>
   <entry_point>
      <name>code_start</name>
      <address>0x84000</address>
   </entry_point>
   <input_file_list>
      <input_file id="fl-4">
         <path>.\Application\</path>
         <kind>object</kind>
         <file>AsmUtils.obj</file>
         <name>AsmUtils.obj</name>
      </input_file>
      <input_file id="fl-5">
         <path>.\Application\</path>
         <kind>object</kind>
         <file>CanResponser.obj</file>
         <name>CanResponser.obj</name>
      </input_file>
      <input_file id="fl-6">
         <path>.\Application\</path>
         <kind>object</kind>
         <file>PdAppIsr.obj</file>
         <name>PdAppIsr.obj</name>
      </input_file>
      <input_file id="fl-7">
         <path>.\Application\</path>
         <kind>object</kind>
         <file>PdCanSlave.obj</file>
         <name>PdCanSlave.obj</name>
      </input_file>
      <input_file id="fl-8">
         <path>.\Application\</path>
         <kind>object</kind>
         <file>PdMainApp.obj</file>
         <name>PdMainApp.obj</name>
      </input_file>
      <input_file id="fl-9">
         <path>.\Application\</path>
         <kind>object</kind>
         <file>PdObjectDict.obj</file>
         <name>PdObjectDict.obj</name>
      </input_file>
      <input_file id="fl-a">
         <path>.\Application\</path>
         <kind>object</kind>
         <file>System.obj</file>
         <name>System.obj</name>
      </input_file>
      <input_file id="fl-b">
         <path>.\CLA\</path>
         <kind>object</kind>
         <file>ClaAdcDrv.obj</file>
         <name>ClaAdcDrv.obj</name>
      </input_file>
      <input_file id="fl-c">
         <path>.\CLA\</path>
         <kind>object</kind>
         <file>ClaDrive.obj</file>
         <name>ClaDrive.obj</name>
      </input_file>
      <input_file id="fl-d">
         <path>.\Drivers\</path>
         <kind>object</kind>
         <file>CanDriver.obj</file>
         <name>CanDriver.obj</name>
      </input_file>
      <input_file id="fl-e">
         <path>.\Drivers\</path>
         <kind>object</kind>
         <file>CmpSS.obj</file>
         <name>CmpSS.obj</name>
      </input_file>
      <input_file id="fl-f">
         <path>.\Drivers\</path>
         <kind>object</kind>
         <file>F2837xS_Gpio.obj</file>
         <name>F2837xS_Gpio.obj</name>
      </input_file>
      <input_file id="fl-10">
         <path>.\Drivers\</path>
         <kind>object</kind>
         <file>FlashProg.obj</file>
         <name>FlashProg.obj</name>
      </input_file>
      <input_file id="fl-11">
         <path>.\Drivers\</path>
         <kind>object</kind>
         <file>ISR_Handler.obj</file>
         <name>ISR_Handler.obj</name>
      </input_file>
      <input_file id="fl-12">
         <path>.\Drivers\</path>
         <kind>object</kind>
         <file>LowLevel.obj</file>
         <name>LowLevel.obj</name>
      </input_file>
      <input_file id="fl-13">
         <path>.\Drivers\</path>
         <kind>object</kind>
         <file>YF2837xS_PieCtrl.obj</file>
         <name>YF2837xS_PieCtrl.obj</name>
      </input_file>
      <input_file id="fl-14">
         <path>.\Drivers\</path>
         <kind>object</kind>
         <file>can.obj</file>
         <name>can.obj</name>
      </input_file>
      <input_file id="fl-15">
         <path>.\Drivers\</path>
         <kind>object</kind>
         <file>interrupt.obj</file>
         <name>interrupt.obj</name>
      </input_file>
      <input_file id="fl-16">
         <path>.\PdLpShared\Interpreter\</path>
         <kind>object</kind>
         <file>Recorder.obj</file>
         <name>Recorder.obj</name>
      </input_file>
      <input_file id="fl-17">
         <path>.\PdLpShared\Interpreter\</path>
         <kind>object</kind>
         <file>RecorderAsm.obj</file>
         <name>RecorderAsm.obj</name>
      </input_file>
      <input_file id="fl-18">
         <path>.\PdLpShared\</path>
         <kind>object</kind>
         <file>StandardObj.obj</file>
         <name>StandardObj.obj</name>
      </input_file>
      <input_file id="fl-19">
         <path>.\PdLpShared\</path>
         <kind>object</kind>
         <file>TimerArr.obj</file>
         <name>TimerArr.obj</name>
      </input_file>
      <input_file id="fl-1a">
         <path>.\PdLpShared\</path>
         <kind>object</kind>
         <file>TrapezeProfiler.obj</file>
         <name>TrapezeProfiler.obj</name>
      </input_file>
      <input_file id="fl-1b">
         <path>.\TiSoft\</path>
         <kind>object</kind>
         <file>F2837xS_Adc.obj</file>
         <name>F2837xS_Adc.obj</name>
      </input_file>
      <input_file id="fl-1c">
         <path>.\TiSoft\</path>
         <kind>object</kind>
         <file>F2837xS_CodeStartBranch.obj</file>
         <name>F2837xS_CodeStartBranch.obj</name>
      </input_file>
      <input_file id="fl-1d">
         <path>.\TiSoft\</path>
         <kind>object</kind>
         <file>F2837xS_CpuTimers.obj</file>
         <name>F2837xS_CpuTimers.obj</name>
      </input_file>
      <input_file id="fl-1e">
         <path>.\TiSoft\</path>
         <kind>object</kind>
         <file>F2837xS_DefaultISR.obj</file>
         <name>F2837xS_DefaultISR.obj</name>
      </input_file>
      <input_file id="fl-1f">
         <path>.\TiSoft\</path>
         <kind>object</kind>
         <file>F2837xS_GlobalVariableDefs.obj</file>
         <name>F2837xS_GlobalVariableDefs.obj</name>
      </input_file>
      <input_file id="fl-20">
         <path>.\TiSoft\</path>
         <kind>object</kind>
         <file>F2837xS_PieVect.obj</file>
         <name>F2837xS_PieVect.obj</name>
      </input_file>
      <input_file id="fl-21">
         <path>.\TiSoft\</path>
         <kind>object</kind>
         <file>F2837xS_SysCtrl.obj</file>
         <name>F2837xS_SysCtrl.obj</name>
      </input_file>
      <input_file id="fl-22">
         <path>.\TiSoft\</path>
         <kind>object</kind>
         <file>F2837xS_usDelay.obj</file>
         <name>F2837xS_usDelay.obj</name>
      </input_file>
      <input_file id="fl-23">
         <path>.\driverlib\</path>
         <kind>object</kind>
         <file>adc.obj</file>
         <name>adc.obj</name>
      </input_file>
      <input_file id="fl-24">
         <path>.\driverlib\</path>
         <kind>object</kind>
         <file>asysctl.obj</file>
         <name>asysctl.obj</name>
      </input_file>
      <input_file id="fl-25">
         <path>.\driverlib\</path>
         <kind>object</kind>
         <file>can.obj</file>
         <name>can.obj</name>
      </input_file>
      <input_file id="fl-26">
         <path>.\driverlib\</path>
         <kind>object</kind>
         <file>cla.obj</file>
         <name>cla.obj</name>
      </input_file>
      <input_file id="fl-27">
         <path>.\driverlib\</path>
         <kind>object</kind>
         <file>clb.obj</file>
         <name>clb.obj</name>
      </input_file>
      <input_file id="fl-28">
         <path>.\driverlib\</path>
         <kind>object</kind>
         <file>cmpss.obj</file>
         <name>cmpss.obj</name>
      </input_file>
      <input_file id="fl-29">
         <path>.\driverlib\</path>
         <kind>object</kind>
         <file>cputimer.obj</file>
         <name>cputimer.obj</name>
      </input_file>
      <input_file id="fl-2a">
         <path>.\driverlib\</path>
         <kind>object</kind>
         <file>dac.obj</file>
         <name>dac.obj</name>
      </input_file>
      <input_file id="fl-2b">
         <path>.\driverlib\</path>
         <kind>object</kind>
         <file>dcsm.obj</file>
         <name>dcsm.obj</name>
      </input_file>
      <input_file id="fl-2c">
         <path>.\driverlib\</path>
         <kind>object</kind>
         <file>dma.obj</file>
         <name>dma.obj</name>
      </input_file>
      <input_file id="fl-2d">
         <path>.\driverlib\</path>
         <kind>object</kind>
         <file>ecap.obj</file>
         <name>ecap.obj</name>
      </input_file>
      <input_file id="fl-2e">
         <path>.\driverlib\</path>
         <kind>object</kind>
         <file>emif.obj</file>
         <name>emif.obj</name>
      </input_file>
      <input_file id="fl-2f">
         <path>.\driverlib\</path>
         <kind>object</kind>
         <file>epwm.obj</file>
         <name>epwm.obj</name>
      </input_file>
      <input_file id="fl-30">
         <path>.\driverlib\</path>
         <kind>object</kind>
         <file>eqep.obj</file>
         <name>eqep.obj</name>
      </input_file>
      <input_file id="fl-31">
         <path>.\driverlib\</path>
         <kind>object</kind>
         <file>flash.obj</file>
         <name>flash.obj</name>
      </input_file>
      <input_file id="fl-32">
         <path>.\driverlib\</path>
         <kind>object</kind>
         <file>gpio.obj</file>
         <name>gpio.obj</name>
      </input_file>
      <input_file id="fl-33">
         <path>.\driverlib\</path>
         <kind>object</kind>
         <file>hrpwm.obj</file>
         <name>hrpwm.obj</name>
      </input_file>
      <input_file id="fl-34">
         <path>.\driverlib\</path>
         <kind>object</kind>
         <file>i2c.obj</file>
         <name>i2c.obj</name>
      </input_file>
      <input_file id="fl-35">
         <path>.\driverlib\</path>
         <kind>object</kind>
         <file>interrupt.obj</file>
         <name>interrupt.obj</name>
      </input_file>
      <input_file id="fl-36">
         <path>.\driverlib\</path>
         <kind>object</kind>
         <file>mcbsp.obj</file>
         <name>mcbsp.obj</name>
      </input_file>
      <input_file id="fl-37">
         <path>.\driverlib\</path>
         <kind>object</kind>
         <file>memcfg.obj</file>
         <name>memcfg.obj</name>
      </input_file>
      <input_file id="fl-38">
         <path>.\driverlib\</path>
         <kind>object</kind>
         <file>sci.obj</file>
         <name>sci.obj</name>
      </input_file>
      <input_file id="fl-39">
         <path>.\driverlib\</path>
         <kind>object</kind>
         <file>sdfm.obj</file>
         <name>sdfm.obj</name>
      </input_file>
      <input_file id="fl-3a">
         <path>.\driverlib\</path>
         <kind>object</kind>
         <file>spi.obj</file>
         <name>spi.obj</name>
      </input_file>
      <input_file id="fl-3b">
         <path>.\driverlib\</path>
         <kind>object</kind>
         <file>sysctl.obj</file>
         <name>sysctl.obj</name>
      </input_file>
      <input_file id="fl-3c">
         <path>.\driverlib\</path>
         <kind>object</kind>
         <file>upp.obj</file>
         <name>upp.obj</name>
      </input_file>
      <input_file id="fl-3d">
         <path>.\driverlib\</path>
         <kind>object</kind>
         <file>usb.obj</file>
         <name>usb.obj</name>
      </input_file>
      <input_file id="fl-3e">
         <path>.\driverlib\</path>
         <kind>object</kind>
         <file>version.obj</file>
         <name>version.obj</name>
      </input_file>
      <input_file id="fl-3f">
         <path>.\driverlib\</path>
         <kind>object</kind>
         <file>xbar.obj</file>
         <name>xbar.obj</name>
      </input_file>
      <input_file id="fl-50">
         <kind>object</kind>
         <file>&lt;internal&gt;</file>
         <name>&lt;internal&gt;</name>
      </input_file>
      <input_file id="fl-57">
         <path>C:\ti\ccs1210\ccs\tools\compiler\ti-cgt-c2000_22.6.0.LTS\lib\</path>
         <kind>archive</kind>
         <file>rts2800_fpu32.lib</file>
         <name>fs_toullfpu32.asm.obj</name>
      </input_file>
      <input_file id="fl-58">
         <path>C:\ti\ccs1210\ccs\tools\compiler\ti-cgt-c2000_22.6.0.LTS\lib\</path>
         <kind>archive</kind>
         <file>rts2800_fpu32.lib</file>
         <name>ll_cmp28.asm.obj</name>
      </input_file>
      <input_file id="fl-59">
         <path>..\TiSoft\Libs\</path>
         <kind>archive</kind>
         <file>F021_API_F2837xS_FPU32.lib</file>
         <name>FlashStateMachine.obj</name>
      </input_file>
      <input_file id="fl-5a">
         <path>..\TiSoft\Libs\</path>
         <kind>archive</kind>
         <file>F021_API_F2837xS_FPU32.lib</file>
         <name>Init.obj</name>
      </input_file>
      <input_file id="fl-5b">
         <path>..\TiSoft\Libs\</path>
         <kind>archive</kind>
         <file>F021_API_F2837xS_FPU32.lib</file>
         <name>BlankCheck.obj</name>
      </input_file>
      <input_file id="fl-5c">
         <path>..\TiSoft\Libs\</path>
         <kind>archive</kind>
         <file>F021_API_F2837xS_FPU32.lib</file>
         <name>Verify.obj</name>
      </input_file>
      <input_file id="fl-5d">
         <path>..\TiSoft\Libs\</path>
         <kind>archive</kind>
         <file>F021_API_F2837xS_FPU32.lib</file>
         <name>Read.obj</name>
      </input_file>
      <input_file id="fl-5e">
         <path>..\TiSoft\Libs\</path>
         <kind>archive</kind>
         <file>F021_API_F2837xS_FPU32.lib</file>
         <name>FlashStateMachine.obj</name>
      </input_file>
      <input_file id="fl-5f">
         <path>..\TiSoft\Libs\</path>
         <kind>archive</kind>
         <file>F021_API_F2837xS_FPU32.lib</file>
         <name>Async.obj</name>
      </input_file>
      <input_file id="fl-60">
         <path>..\TiSoft\Libs\</path>
         <kind>archive</kind>
         <file>F021_API_F2837xS_FPU32.lib</file>
         <name>Program.obj</name>
      </input_file>
      <input_file id="fl-61">
         <path>..\TiSoft\Libs\</path>
         <kind>archive</kind>
         <file>F021_API_F2837xS_FPU32.lib</file>
         <name>Utilities.obj</name>
      </input_file>
      <input_file id="fl-62">
         <path>C:\ti\ccs1210\ccs\tools\compiler\ti-cgt-c2000_22.6.0.LTS\lib\</path>
         <kind>archive</kind>
         <file>rts2800_fpu32.lib</file>
         <name>boot28.asm.obj</name>
      </input_file>
      <input_file id="fl-63">
         <path>C:\ti\ccs1210\ccs\tools\compiler\ti-cgt-c2000_22.6.0.LTS\lib\</path>
         <kind>archive</kind>
         <file>rts2800_fpu32.lib</file>
         <name>args_main.c.obj</name>
      </input_file>
      <input_file id="fl-64">
         <path>C:\ti\ccs1210\ccs\tools\compiler\ti-cgt-c2000_22.6.0.LTS\lib\</path>
         <kind>archive</kind>
         <file>rts2800_fpu32.lib</file>
         <name>startup.c.obj</name>
      </input_file>
      <input_file id="fl-65">
         <path>C:\ti\ccs1210\ccs\tools\compiler\ti-cgt-c2000_22.6.0.LTS\lib\</path>
         <kind>archive</kind>
         <file>rts2800_fpu32.lib</file>
         <name>pre_init.c.obj</name>
      </input_file>
      <input_file id="fl-66">
         <path>C:\ti\ccs1210\ccs\tools\compiler\ti-cgt-c2000_22.6.0.LTS\lib\</path>
         <kind>archive</kind>
         <file>rts2800_fpu32.lib</file>
         <name>cpy_tbl.c.obj</name>
      </input_file>
      <input_file id="fl-67">
         <path>C:\ti\ccs1210\ccs\tools\compiler\ti-cgt-c2000_22.6.0.LTS\lib\</path>
         <kind>archive</kind>
         <file>rts2800_fpu32.lib</file>
         <name>exit.c.obj</name>
      </input_file>
      <input_file id="fl-68">
         <path>C:\ti\ccs1210\ccs\tools\compiler\ti-cgt-c2000_22.6.0.LTS\lib\</path>
         <kind>archive</kind>
         <file>rts2800_fpu32.lib</file>
         <name>_lock.c.obj</name>
      </input_file>
      <input_file id="fl-69">
         <path>C:\ti\ccs1210\ccs\tools\compiler\ti-cgt-c2000_22.6.0.LTS\lib\</path>
         <kind>archive</kind>
         <file>rts2800_fpu32.lib</file>
         <name>memcpy.c.obj</name>
      </input_file>
   </input_file_list>
   <object_component_list>
      <object_component id="oc-277">
         <name>.cinit</name>
         <load_address>0x88e74</load_address>
         <run_address>0x88e74</run_address>
         <size>0xe</size>
         <input_file_ref idref="fl-67"/>
      </object_component>
      <object_component id="oc-292">
         <name>.cinit:__lock</name>
         <load_address>0x88e82</load_address>
         <run_address>0x88e82</run_address>
         <size>0x5</size>
         <input_file_ref idref="fl-68"/>
      </object_component>
      <object_component id="oc-2a6">
         <name>.cinit:__unlock</name>
         <load_address>0x88e87</load_address>
         <run_address>0x88e87</run_address>
         <size>0x5</size>
         <input_file_ref idref="fl-68"/>
      </object_component>
      <object_component id="oc-29a">
         <name>.text</name>
         <load_address>0x84004</load_address>
         <run_address>0x84004</run_address>
         <size>0xb1a</size>
         <input_file_ref idref="fl-9"/>
      </object_component>
      <object_component id="oc-29c">
         <name>.text</name>
         <load_address>0x84b1e</load_address>
         <run_address>0x84b1e</run_address>
         <size>0x6fe</size>
         <input_file_ref idref="fl-16"/>
      </object_component>
      <object_component id="oc-290">
         <name>.text</name>
         <load_address>0x8521c</load_address>
         <run_address>0x8521c</run_address>
         <size>0x5d7</size>
         <input_file_ref idref="fl-8"/>
      </object_component>
      <object_component id="oc-122">
         <name>.text:retain</name>
         <load_address>0x857f3</load_address>
         <run_address>0x857f3</run_address>
         <size>0x585</size>
         <input_file_ref idref="fl-1e"/>
      </object_component>
      <object_component id="oc-29b">
         <name>.text</name>
         <load_address>0x85d78</load_address>
         <run_address>0x85d78</run_address>
         <size>0x513</size>
         <input_file_ref idref="fl-12"/>
      </object_component>
      <object_component id="oc-2a7">
         <name>.text</name>
         <load_address>0x8628b</load_address>
         <run_address>0x8628b</run_address>
         <size>0x4ef</size>
         <input_file_ref idref="fl-14"/>
      </object_component>
      <object_component id="oc-295">
         <name>.text</name>
         <load_address>0x8677a</load_address>
         <run_address>0x8677a</run_address>
         <size>0x393</size>
         <input_file_ref idref="fl-7"/>
      </object_component>
      <object_component id="oc-297">
         <name>.text</name>
         <load_address>0x86b0d</load_address>
         <run_address>0x86b0d</run_address>
         <size>0x2de</size>
         <input_file_ref idref="fl-21"/>
      </object_component>
      <object_component id="oc-2b5">
         <name>.text</name>
         <load_address>0x86deb</load_address>
         <run_address>0x86deb</run_address>
         <size>0x2b4</size>
         <input_file_ref idref="fl-37"/>
      </object_component>
      <object_component id="oc-287">
         <name>.text</name>
         <load_address>0x8709f</load_address>
         <run_address>0x8709f</run_address>
         <size>0x262</size>
         <input_file_ref idref="fl-6"/>
      </object_component>
      <object_component id="oc-2a2">
         <name>.text</name>
         <load_address>0x87301</load_address>
         <run_address>0x87301</run_address>
         <size>0x244</size>
         <input_file_ref idref="fl-f"/>
      </object_component>
      <object_component id="oc-2b9">
         <name>.text</name>
         <load_address>0x87545</load_address>
         <run_address>0x87545</run_address>
         <size>0x1c4</size>
         <input_file_ref idref="fl-15"/>
      </object_component>
      <object_component id="oc-293">
         <name>.text</name>
         <load_address>0x87709</load_address>
         <run_address>0x87709</run_address>
         <size>0x18b</size>
         <input_file_ref idref="fl-d"/>
      </object_component>
      <object_component id="oc-294">
         <name>.text</name>
         <load_address>0x87894</load_address>
         <run_address>0x87894</run_address>
         <size>0x14a</size>
         <input_file_ref idref="fl-19"/>
      </object_component>
      <object_component id="oc-dd">
         <name>.text</name>
         <load_address>0x879de</load_address>
         <run_address>0x879de</run_address>
         <size>0x148</size>
         <input_file_ref idref="fl-11"/>
      </object_component>
      <object_component id="oc-2a3">
         <name>.text</name>
         <load_address>0x87b26</load_address>
         <run_address>0x87b26</run_address>
         <size>0xfd</size>
         <input_file_ref idref="fl-c"/>
      </object_component>
      <object_component id="oc-2b3">
         <name>.text</name>
         <load_address>0x87c23</load_address>
         <run_address>0x87c23</run_address>
         <size>0xf1</size>
         <input_file_ref idref="fl-1b"/>
      </object_component>
      <object_component id="oc-2ab">
         <name>.text</name>
         <load_address>0x87d14</load_address>
         <run_address>0x87d14</run_address>
         <size>0xd1</size>
         <input_file_ref idref="fl-10"/>
      </object_component>
      <object_component id="oc-296">
         <name>.text</name>
         <load_address>0x87de5</load_address>
         <run_address>0x87de5</run_address>
         <size>0xbe</size>
         <input_file_ref idref="fl-a"/>
      </object_component>
      <object_component id="oc-28e">
         <name>.text</name>
         <load_address>0x87ea3</load_address>
         <run_address>0x87ea3</run_address>
         <size>0x9a</size>
         <input_file_ref idref="fl-5"/>
      </object_component>
      <object_component id="oc-2ac">
         <name>.text</name>
         <load_address>0x87f3d</load_address>
         <run_address>0x87f3d</run_address>
         <size>0x9a</size>
         <input_file_ref idref="fl-18"/>
      </object_component>
      <object_component id="oc-2b6">
         <name>.text</name>
         <load_address>0x87fd7</load_address>
         <run_address>0x87fd7</run_address>
         <size>0x96</size>
         <input_file_ref idref="fl-28"/>
      </object_component>
      <object_component id="oc-2a4">
         <name>.text</name>
         <load_address>0x8806d</load_address>
         <run_address>0x8806d</run_address>
         <size>0x7c</size>
         <input_file_ref idref="fl-e"/>
      </object_component>
      <object_component id="oc-89">
         <name>.text</name>
         <load_address>0x880e9</load_address>
         <run_address>0x880e9</run_address>
         <size>0x63</size>
         <input_file_ref idref="fl-4"/>
      </object_component>
      <object_component id="oc-25b">
         <name>.text</name>
         <load_address>0x8814c</load_address>
         <run_address>0x8814c</run_address>
         <size>0x56</size>
         <input_file_ref idref="fl-62"/>
      </object_component>
      <object_component id="oc-298">
         <name>.text</name>
         <load_address>0x881a2</load_address>
         <run_address>0x881a2</run_address>
         <size>0x4c</size>
         <input_file_ref idref="fl-13"/>
      </object_component>
      <object_component id="oc-28d">
         <name>.text</name>
         <load_address>0x881ee</load_address>
         <run_address>0x881ee</run_address>
         <size>0x29</size>
         <input_file_ref idref="fl-67"/>
      </object_component>
      <object_component id="oc-299">
         <name>.text</name>
         <load_address>0x88217</load_address>
         <run_address>0x88217</run_address>
         <size>0x26</size>
         <input_file_ref idref="fl-20"/>
      </object_component>
      <object_component id="oc-223">
         <name>.text</name>
         <load_address>0x8823d</load_address>
         <run_address>0x8823d</run_address>
         <size>0x25</size>
         <input_file_ref idref="fl-57"/>
      </object_component>
      <object_component id="oc-28a">
         <name>.text</name>
         <load_address>0x88262</load_address>
         <run_address>0x88262</run_address>
         <size>0x24</size>
         <input_file_ref idref="fl-66"/>
      </object_component>
      <object_component id="oc-228">
         <name>.text</name>
         <load_address>0x88286</load_address>
         <run_address>0x88286</run_address>
         <size>0x1e</size>
         <input_file_ref idref="fl-58"/>
      </object_component>
      <object_component id="oc-28f">
         <name>.text</name>
         <load_address>0x882a4</load_address>
         <run_address>0x882a4</run_address>
         <size>0x1d</size>
         <input_file_ref idref="fl-69"/>
      </object_component>
      <object_component id="oc-28c">
         <name>.text</name>
         <load_address>0x882c1</load_address>
         <run_address>0x882c1</run_address>
         <size>0x12</size>
         <input_file_ref idref="fl-63"/>
      </object_component>
      <object_component id="oc-f2">
         <name>.text:retain</name>
         <load_address>0x882d3</load_address>
         <run_address>0x882d3</run_address>
         <size>0xf</size>
         <input_file_ref idref="fl-15"/>
      </object_component>
      <object_component id="oc-2a5">
         <name>.text</name>
         <load_address>0x882e2</load_address>
         <run_address>0x882e2</run_address>
         <size>0x9</size>
         <input_file_ref idref="fl-68"/>
      </object_component>
      <object_component id="oc-116">
         <name>.text</name>
         <load_address>0x882eb</load_address>
         <run_address>0x882eb</run_address>
         <size>0x8</size>
         <input_file_ref idref="fl-1c"/>
      </object_component>
      <object_component id="oc-289">
         <name>.text</name>
         <load_address>0x882f3</load_address>
         <run_address>0x882f3</run_address>
         <size>0x2</size>
         <input_file_ref idref="fl-65"/>
      </object_component>
      <object_component id="oc-28b">
         <name>.text</name>
         <load_address>0x882f5</load_address>
         <run_address>0x882f5</run_address>
         <size>0x1</size>
         <input_file_ref idref="fl-64"/>
      </object_component>
      <object_component id="oc-a1">
         <name>.SectN</name>
         <load_address>0xbe000</load_address>
         <run_address>0xbe000</run_address>
         <size>0x2</size>
         <input_file_ref idref="fl-8"/>
      </object_component>
      <object_component id="oc-88">
         <name>codestart</name>
         <load_address>0x84000</load_address>
         <run_address>0x84000</run_address>
         <size>0x2</size>
         <input_file_ref idref="fl-1c"/>
      </object_component>
      <object_component id="oc-2c4">
         <name>.text:__Fapi_setupFlashStateMachine</name>
         <load_address>0x885a0</load_address>
         <run_address>0x9000</run_address>
         <size>0x276</size>
         <input_file_ref idref="fl-5e"/>
      </object_component>
      <object_component id="oc-2c0">
         <name>.text:_Fapi_issueProgrammingCommand</name>
         <load_address>0x88816</load_address>
         <run_address>0x9276</run_address>
         <size>0x19e</size>
         <input_file_ref idref="fl-60"/>
      </object_component>
      <object_component id="oc-2c8">
         <name>.text:__Fapi_loopRegionForValue</name>
         <load_address>0x889b4</load_address>
         <run_address>0x9414</run_address>
         <size>0x82</size>
         <input_file_ref idref="fl-5d"/>
      </object_component>
      <object_component id="oc-2ba">
         <name>.text:_Fapi_initializeAPI</name>
         <load_address>0x88a36</load_address>
         <run_address>0x9496</run_address>
         <size>0x5f</size>
         <input_file_ref idref="fl-5a"/>
      </object_component>
      <object_component id="oc-2cd">
         <name>.text:_Fapi_setupEepromSectorEnable</name>
         <load_address>0x88a95</load_address>
         <run_address>0x94f5</run_address>
         <size>0x55</size>
         <input_file_ref idref="fl-5e"/>
      </object_component>
      <object_component id="oc-2bf">
         <name>.text:_Fapi_doBlankCheck</name>
         <load_address>0x88aea</load_address>
         <run_address>0x954a</run_address>
         <size>0x3d</size>
         <input_file_ref idref="fl-5b"/>
      </object_component>
      <object_component id="oc-2d0">
         <name>.text:_Fapi_isAddressEcc</name>
         <load_address>0x88b27</load_address>
         <run_address>0x9587</run_address>
         <size>0x36</size>
         <input_file_ref idref="fl-59"/>
      </object_component>
      <object_component id="oc-2c9">
         <name>.text:__Fapi_checkRegionForValue</name>
         <load_address>0x88b5d</load_address>
         <run_address>0x95bd</run_address>
         <size>0x32</size>
         <input_file_ref idref="fl-5d"/>
      </object_component>
      <object_component id="oc-2c5">
         <name>.text:__Fapi_issueFsmCommand</name>
         <load_address>0x88b8f</load_address>
         <run_address>0x95ef</run_address>
         <size>0x2f</size>
         <input_file_ref idref="fl-5e"/>
      </object_component>
      <object_component id="oc-2d2">
         <name>.text:_Fapi_calculateFletcherChecksum</name>
         <load_address>0x88bbe</load_address>
         <run_address>0x961e</run_address>
         <size>0x2c</size>
         <input_file_ref idref="fl-61"/>
      </object_component>
      <object_component id="oc-2ca">
         <name>.text:__Fapi_divideUnsignedLong</name>
         <load_address>0x88bea</load_address>
         <run_address>0x964a</run_address>
         <size>0x2a</size>
         <input_file_ref idref="fl-61"/>
      </object_component>
      <object_component id="oc-2c6">
         <name>.text:__Fapi_setupSectorsForWrite</name>
         <load_address>0x88c14</load_address>
         <run_address>0x9674</run_address>
         <size>0x29</size>
         <input_file_ref idref="fl-5e"/>
      </object_component>
      <object_component id="oc-2c7">
         <name>.text:_Fapi_flushPipeline</name>
         <load_address>0x88c3d</load_address>
         <run_address>0x969d</run_address>
         <size>0x26</size>
         <input_file_ref idref="fl-5d"/>
      </object_component>
      <object_component id="oc-2bb">
         <name>.text:_Fapi_setActiveFlashBank</name>
         <load_address>0x88c63</load_address>
         <run_address>0x96c3</run_address>
         <size>0x26</size>
         <input_file_ref idref="fl-5e"/>
      </object_component>
      <object_component id="oc-2ce">
         <name>.text:_Fapi_setupBankSectorEnable</name>
         <load_address>0x88c89</load_address>
         <run_address>0x96e9</run_address>
         <size>0x25</size>
         <input_file_ref idref="fl-5e"/>
      </object_component>
      <object_component id="oc-2bd">
         <name>.text:_Fapi_issueAsyncCommandWithAddress</name>
         <load_address>0x88cae</load_address>
         <run_address>0x970e</run_address>
         <size>0x24</size>
         <input_file_ref idref="fl-5f"/>
      </object_component>
      <object_component id="oc-2c2">
         <name>.text:_Fapi_doVerify</name>
         <load_address>0x88cd2</load_address>
         <run_address>0x9732</run_address>
         <size>0x1a</size>
         <input_file_ref idref="fl-5c"/>
      </object_component>
      <object_component id="oc-2cf">
         <name>.text:_Fapi_waitDelay</name>
         <load_address>0x88cec</load_address>
         <run_address>0x974c</run_address>
         <size>0x1a</size>
         <input_file_ref idref="fl-61"/>
      </object_component>
      <object_component id="oc-2cc">
         <name>.text:__Fapi_scaleCycleValues</name>
         <load_address>0x88d06</load_address>
         <run_address>0x9766</run_address>
         <size>0xf</size>
         <input_file_ref idref="fl-61"/>
      </object_component>
      <object_component id="oc-2be">
         <name>.text:_Fapi_checkFsmForReady</name>
         <load_address>0x88d15</load_address>
         <run_address>0x9775</run_address>
         <size>0xb</size>
         <input_file_ref idref="fl-59"/>
      </object_component>
      <object_component id="oc-2cb">
         <name>.text:__Fapi_calculateOtpChecksum</name>
         <load_address>0x88d20</load_address>
         <run_address>0x9780</run_address>
         <size>0xb</size>
         <input_file_ref idref="fl-61"/>
      </object_component>
      <object_component id="oc-2c1">
         <name>.text:_Fapi_getFsmStatus</name>
         <load_address>0x88d2b</load_address>
         <run_address>0x978b</run_address>
         <size>0x7</size>
         <input_file_ref idref="fl-5e"/>
      </object_component>
      <object_component id="oc-2a9">
         <name>.TI.ramfunc</name>
         <load_address>0x88d32</load_address>
         <run_address>0x9792</run_address>
         <size>0x6e</size>
         <input_file_ref idref="fl-21"/>
      </object_component>
      <object_component id="oc-fd">
         <name>.TI.ramfunc</name>
         <load_address>0x88da0</load_address>
         <run_address>0x9800</run_address>
         <size>0x64</size>
         <input_file_ref idref="fl-17"/>
      </object_component>
      <object_component id="oc-195">
         <name>.TI.ramfunc</name>
         <load_address>0x88e04</load_address>
         <run_address>0x9864</run_address>
         <size>0x4</size>
         <input_file_ref idref="fl-22"/>
      </object_component>
      <object_component id="oc-20a">
         <name>.TI.ramfunc</name>
         <load_address>0x88e08</load_address>
         <run_address>0x9868</run_address>
         <size>0x4</size>
         <input_file_ref idref="fl-3b"/>
      </object_component>
      <object_component id="oc-2d1">
         <name>.TI.ramfunc</name>
         <load_address>0x88e0c</load_address>
         <run_address>0x986c</run_address>
         <size>0x2</size>
         <input_file_ref idref="fl-10"/>
      </object_component>
      <object_component id="oc-b3">
         <name>Cla1Prog:_Cla1Task1</name>
         <load_address>0x882f8</load_address>
         <run_address>0xa000</run_address>
         <size>0x270</size>
         <input_file_ref idref="fl-b"/>
      </object_component>
      <object_component id="oc-b5">
         <name>Cla1Prog:_Cla1Task2</name>
         <load_address>0x88568</load_address>
         <run_address>0xa270</run_address>
         <size>0x8</size>
         <input_file_ref idref="fl-b"/>
      </object_component>
      <object_component id="oc-b6">
         <name>Cla1Prog:_Cla1Task3</name>
         <load_address>0x88570</load_address>
         <run_address>0xa278</run_address>
         <size>0x8</size>
         <input_file_ref idref="fl-b"/>
      </object_component>
      <object_component id="oc-b7">
         <name>Cla1Prog:_Cla1Task4</name>
         <load_address>0x88578</load_address>
         <run_address>0xa280</run_address>
         <size>0x8</size>
         <input_file_ref idref="fl-b"/>
      </object_component>
      <object_component id="oc-b8">
         <name>Cla1Prog:_Cla1Task5</name>
         <load_address>0x88580</load_address>
         <run_address>0xa288</run_address>
         <size>0x8</size>
         <input_file_ref idref="fl-b"/>
      </object_component>
      <object_component id="oc-b9">
         <name>Cla1Prog:_Cla1Task6</name>
         <load_address>0x88588</load_address>
         <run_address>0xa290</run_address>
         <size>0x8</size>
         <input_file_ref idref="fl-b"/>
      </object_component>
      <object_component id="oc-ba">
         <name>Cla1Prog:_Cla1Task7</name>
         <load_address>0x88590</load_address>
         <run_address>0xa298</run_address>
         <size>0x8</size>
         <input_file_ref idref="fl-b"/>
      </object_component>
      <object_component id="oc-bb">
         <name>Cla1Prog:_Cla1Task8</name>
         <load_address>0x88598</load_address>
         <run_address>0xa2a0</run_address>
         <size>0x8</size>
         <input_file_ref idref="fl-b"/>
      </object_component>
      <object_component id="oc-c1">
         <name>Cla1ToCpuMsgRAM</name>
         <uninitialized>true</uninitialized>
         <run_address>0x1480</run_address>
         <size>0x2</size>
         <input_file_ref idref="fl-c"/>
      </object_component>
      <object_component id="oc-c2">
         <name>CpuToCla1MsgRAM</name>
         <uninitialized>true</uninitialized>
         <run_address>0x1500</run_address>
         <size>0x4</size>
         <input_file_ref idref="fl-c"/>
      </object_component>
      <object_component id="oc-b4">
         <name>.scratchpad:Cla1Prog:_Cla1Task1</name>
         <uninitialized>true</uninitialized>
         <run_address>0x8800</run_address>
         <size>0x2</size>
         <input_file_ref idref="fl-b"/>
      </object_component>
      <object_component id="oc-c3">
         <name>.bss_cla</name>
         <uninitialized>true</uninitialized>
         <run_address>0x8840</run_address>
         <size>0xcc</size>
         <input_file_ref idref="fl-c"/>
      </object_component>
      <object_component id="oc-25c">
         <name>.stack</name>
         <uninitialized>true</uninitialized>
         <run_address>0x400</run_address>
         <size>0x0</size>
         <input_file_ref idref="fl-62"/>
      </object_component>
      <object_component id="oc-35d">
         <name>.stack</name>
         <uninitialized>true</uninitialized>
         <run_address>0x400</run_address>
         <size>0x0</size>
      </object_component>
      <object_component id="oc-9f">
         <name>.ebss</name>
         <uninitialized>true</uninitialized>
         <run_address>0xc000</run_address>
         <size>0xe02</size>
         <input_file_ref idref="fl-8"/>
      </object_component>
      <object_component id="oc-29e">
         <name>.ebss:_AdcCalibArray</name>
         <uninitialized>true</uninitialized>
         <run_address>0xce02</run_address>
         <size>0x20</size>
         <input_file_ref idref="fl-8"/>
      </object_component>
      <object_component id="oc-11c">
         <name>.ebss</name>
         <uninitialized>true</uninitialized>
         <run_address>0xce22</run_address>
         <size>0x18</size>
         <input_file_ref idref="fl-1d"/>
      </object_component>
      <object_component id="oc-278">
         <name>.ebss</name>
         <uninitialized>true</uninitialized>
         <run_address>0xce3a</run_address>
         <size>0x6</size>
         <input_file_ref idref="fl-67"/>
      </object_component>
      <object_component id="oc-f8">
         <name>.ebss</name>
         <uninitialized>true</uninitialized>
         <run_address>0xce40</run_address>
         <size>0x100</size>
         <input_file_ref idref="fl-16"/>
      </object_component>
      <object_component id="oc-a8">
         <name>.ebss</name>
         <uninitialized>true</uninitialized>
         <run_address>0xcf40</run_address>
         <size>0xc0</size>
         <input_file_ref idref="fl-9"/>
      </object_component>
      <object_component id="oc-2a0">
         <name>.ebss:_HostSlaveSdoBufPD</name>
         <uninitialized>true</uninitialized>
         <run_address>0xd000</run_address>
         <size>0x100</size>
         <input_file_ref idref="fl-8"/>
      </object_component>
      <object_component id="oc-29f">
         <name>.ebss:_SlaveSdoBufPD</name>
         <uninitialized>true</uninitialized>
         <run_address>0xd100</run_address>
         <size>0x100</size>
         <input_file_ref idref="fl-8"/>
      </object_component>
      <object_component id="oc-2c3">
         <name>.ebss:_Debug</name>
         <uninitialized>true</uninitialized>
         <run_address>0xd200</run_address>
         <size>0x20</size>
         <input_file_ref idref="fl-8"/>
      </object_component>
      <object_component id="oc-233">
         <name>.ebss</name>
         <uninitialized>true</uninitialized>
         <run_address>0xd220</run_address>
         <size>0xc</size>
         <input_file_ref idref="fl-5a"/>
      </object_component>
      <object_component id="oc-c9">
         <name>.ebss</name>
         <uninitialized>true</uninitialized>
         <run_address>0xd22c</run_address>
         <size>0xa</size>
         <input_file_ref idref="fl-d"/>
      </object_component>
      <object_component id="oc-8f">
         <name>.ebss</name>
         <uninitialized>true</uninitialized>
         <run_address>0xd236</run_address>
         <size>0xa</size>
         <input_file_ref idref="fl-5"/>
      </object_component>
      <object_component id="oc-291">
         <name>.ebss:__lock</name>
         <uninitialized>true</uninitialized>
         <run_address>0xd240</run_address>
         <size>0x2</size>
         <input_file_ref idref="fl-68"/>
      </object_component>
      <object_component id="oc-2b7">
         <name>.ebss:__unlock</name>
         <uninitialized>true</uninitialized>
         <run_address>0xd242</run_address>
         <size>0x2</size>
         <input_file_ref idref="fl-68"/>
      </object_component>
      <object_component id="oc-288">
         <name>.ebss:_RecorderBuffer</name>
         <uninitialized>true</uninitialized>
         <run_address>0x10000</run_address>
         <size>0x3000</size>
         <input_file_ref idref="fl-16"/>
      </object_component>
      <object_component id="oc-2aa">
         <name>.econst:_PieVectTableInit</name>
         <load_address>0x90000</load_address>
         <run_address>0x90000</run_address>
         <size>0x1c0</size>
         <input_file_ref idref="fl-20"/>
      </object_component>
      <object_component id="oc-2b4">
         <name>.econst:_RecorderSigRaw</name>
         <load_address>0x901c0</load_address>
         <run_address>0x901c0</run_address>
         <size>0xb8</size>
         <input_file_ref idref="fl-8"/>
      </object_component>
      <object_component id="oc-2a8">
         <name>.econst:_ObjDictionaryItemPD</name>
         <load_address>0x90278</load_address>
         <run_address>0x90278</run_address>
         <size>0x78</size>
         <input_file_ref idref="fl-9"/>
      </object_component>
      <object_component id="oc-2a1">
         <name>.econst:_ParTablePD</name>
         <load_address>0x902f0</load_address>
         <run_address>0x902f0</run_address>
         <size>0x32</size>
         <input_file_ref idref="fl-8"/>
      </object_component>
      <object_component id="oc-2b1">
         <name>.econst:_CalibLimitHi</name>
         <load_address>0x90322</load_address>
         <run_address>0x90322</run_address>
         <size>0x24</size>
         <input_file_ref idref="fl-8"/>
      </object_component>
      <object_component id="oc-2b2">
         <name>.econst:_CalibLimitLo</name>
         <load_address>0x90346</load_address>
         <run_address>0x90346</run_address>
         <size>0x24</size>
         <input_file_ref idref="fl-8"/>
      </object_component>
      <object_component id="oc-2af">
         <name>.econst:_ManCalibLimitHi</name>
         <load_address>0x9036a</load_address>
         <run_address>0x9036a</run_address>
         <size>0x24</size>
         <input_file_ref idref="fl-8"/>
      </object_component>
      <object_component id="oc-2b0">
         <name>.econst:_ManCalibLimitLo</name>
         <load_address>0x9038e</load_address>
         <run_address>0x9038e</run_address>
         <size>0x24</size>
         <input_file_ref idref="fl-8"/>
      </object_component>
      <object_component id="oc-29d">
         <name>.econst:_NomAdcGains</name>
         <load_address>0x903b2</load_address>
         <run_address>0x903b2</run_address>
         <size>0x20</size>
         <input_file_ref idref="fl-8"/>
      </object_component>
      <object_component id="oc-2b8">
         <name>.econst:_g_ui16CANBitValues</name>
         <load_address>0x903d2</load_address>
         <run_address>0x903d2</run_address>
         <size>0x9</size>
         <input_file_ref idref="fl-14"/>
      </object_component>
      <object_component id="oc-a0">
         <name>.econst</name>
         <load_address>0x903db</load_address>
         <run_address>0x903db</run_address>
         <size>0x3</size>
         <input_file_ref idref="fl-8"/>
      </object_component>
      <object_component id="oc-a7">
         <name>.econst</name>
         <load_address>0x903de</load_address>
         <run_address>0x903de</run_address>
         <size>0x2</size>
         <input_file_ref idref="fl-9"/>
      </object_component>
      <object_component id="oc-2ad">
         <name>.switch:_PdGetSensor</name>
         <load_address>0x88e10</load_address>
         <run_address>0x88e10</run_address>
         <size>0x24</size>
         <input_file_ref idref="fl-9"/>
      </object_component>
      <object_component id="oc-2ae">
         <name>.switch:_SetInfineon</name>
         <load_address>0x88e34</load_address>
         <run_address>0x88e34</run_address>
         <size>0x24</size>
         <input_file_ref idref="fl-9"/>
      </object_component>
      <object_component id="oc-2bc">
         <name>.switch:_FlashSectorClear</name>
         <load_address>0x88e58</load_address>
         <run_address>0x88e58</run_address>
         <size>0x1a</size>
         <input_file_ref idref="fl-10"/>
      </object_component>
      <object_component id="oc-25d">
         <name>.reset</name>
         <load_address>0x3fffc0</load_address>
         <run_address>0x3fffc0</run_address>
         <size>0x2</size>
         <input_file_ref idref="fl-62"/>
      </object_component>
      <object_component id="oc-189">
         <name>PieVectTableFile</name>
         <uninitialized>true</uninitialized>
         <run_address>0xd00</run_address>
         <size>0x1c0</size>
         <input_file_ref idref="fl-1f"/>
      </object_component>
      <object_component id="oc-128">
         <name>EmuKeyVar</name>
         <uninitialized>true</uninitialized>
         <run_address>0xd00</run_address>
         <size>0x1</size>
         <input_file_ref idref="fl-1f"/>
      </object_component>
      <object_component id="oc-129">
         <name>EmuBModeVar</name>
         <uninitialized>true</uninitialized>
         <run_address>0xd01</run_address>
         <size>0x1</size>
         <input_file_ref idref="fl-1f"/>
      </object_component>
      <object_component id="oc-13f">
         <name>AdcaResultFile</name>
         <uninitialized>true</uninitialized>
         <run_address>0xb00</run_address>
         <size>0x18</size>
         <input_file_ref idref="fl-1f"/>
      </object_component>
      <object_component id="oc-140">
         <name>AdcbResultFile</name>
         <uninitialized>true</uninitialized>
         <run_address>0xb20</run_address>
         <size>0x18</size>
         <input_file_ref idref="fl-1f"/>
      </object_component>
      <object_component id="oc-141">
         <name>AdccResultFile</name>
         <uninitialized>true</uninitialized>
         <run_address>0xb40</run_address>
         <size>0x18</size>
         <input_file_ref idref="fl-1f"/>
      </object_component>
      <object_component id="oc-142">
         <name>AdcdResultFile</name>
         <uninitialized>true</uninitialized>
         <run_address>0xb60</run_address>
         <size>0x18</size>
         <input_file_ref idref="fl-1f"/>
      </object_component>
      <object_component id="oc-170">
         <name>AdcaRegsFile</name>
         <uninitialized>true</uninitialized>
         <run_address>0x7400</run_address>
         <size>0x80</size>
         <input_file_ref idref="fl-1f"/>
      </object_component>
      <object_component id="oc-171">
         <name>AdcbRegsFile</name>
         <uninitialized>true</uninitialized>
         <run_address>0x7480</run_address>
         <size>0x80</size>
         <input_file_ref idref="fl-1f"/>
      </object_component>
      <object_component id="oc-172">
         <name>AdccRegsFile</name>
         <uninitialized>true</uninitialized>
         <run_address>0x7500</run_address>
         <size>0x80</size>
         <input_file_ref idref="fl-1f"/>
      </object_component>
      <object_component id="oc-173">
         <name>AdcdRegsFile</name>
         <uninitialized>true</uninitialized>
         <run_address>0x7580</run_address>
         <size>0x80</size>
         <input_file_ref idref="fl-1f"/>
      </object_component>
      <object_component id="oc-16c">
         <name>AnalogSubsysRegsFile</name>
         <uninitialized>true</uninitialized>
         <run_address>0x5d180</run_address>
         <size>0x48</size>
         <input_file_ref idref="fl-1f"/>
      </object_component>
      <object_component id="oc-167">
         <name>Cla1RegsFile</name>
         <uninitialized>true</uninitialized>
         <run_address>0x1400</run_address>
         <size>0x3e</size>
         <input_file_ref idref="fl-1f"/>
      </object_component>
      <object_component id="oc-12d">
         <name>Cla1SoftIntRegsFile</name>
         <uninitialized>true</uninitialized>
         <run_address>0xce0</run_address>
         <size>0x4</size>
         <input_file_ref idref="fl-1f"/>
      </object_component>
      <object_component id="oc-145">
         <name>Cmpss1RegsFile</name>
         <uninitialized>true</uninitialized>
         <run_address>0x5c80</run_address>
         <size>0x20</size>
         <input_file_ref idref="fl-1f"/>
      </object_component>
      <object_component id="oc-146">
         <name>Cmpss2RegsFile</name>
         <uninitialized>true</uninitialized>
         <run_address>0x5ca0</run_address>
         <size>0x20</size>
         <input_file_ref idref="fl-1f"/>
      </object_component>
      <object_component id="oc-147">
         <name>Cmpss3RegsFile</name>
         <uninitialized>true</uninitialized>
         <run_address>0x5cc0</run_address>
         <size>0x20</size>
         <input_file_ref idref="fl-1f"/>
      </object_component>
      <object_component id="oc-148">
         <name>Cmpss4RegsFile</name>
         <uninitialized>true</uninitialized>
         <run_address>0x5ce0</run_address>
         <size>0x20</size>
         <input_file_ref idref="fl-1f"/>
      </object_component>
      <object_component id="oc-149">
         <name>Cmpss5RegsFile</name>
         <uninitialized>true</uninitialized>
         <run_address>0x5d00</run_address>
         <size>0x20</size>
         <input_file_ref idref="fl-1f"/>
      </object_component>
      <object_component id="oc-14a">
         <name>Cmpss6RegsFile</name>
         <uninitialized>true</uninitialized>
         <run_address>0x5d20</run_address>
         <size>0x20</size>
         <input_file_ref idref="fl-1f"/>
      </object_component>
      <object_component id="oc-14b">
         <name>Cmpss7RegsFile</name>
         <uninitialized>true</uninitialized>
         <run_address>0x5d40</run_address>
         <size>0x20</size>
         <input_file_ref idref="fl-1f"/>
      </object_component>
      <object_component id="oc-14c">
         <name>Cmpss8RegsFile</name>
         <uninitialized>true</uninitialized>
         <run_address>0x5d60</run_address>
         <size>0x20</size>
         <input_file_ref idref="fl-1f"/>
      </object_component>
      <object_component id="oc-133">
         <name>CpuTimer0RegsFile</name>
         <uninitialized>true</uninitialized>
         <run_address>0xc00</run_address>
         <size>0x8</size>
         <input_file_ref idref="fl-1f"/>
      </object_component>
      <object_component id="oc-134">
         <name>CpuTimer1RegsFile</name>
         <uninitialized>true</uninitialized>
         <run_address>0xc08</run_address>
         <size>0x8</size>
         <input_file_ref idref="fl-1f"/>
      </object_component>
      <object_component id="oc-135">
         <name>CpuTimer2RegsFile</name>
         <uninitialized>true</uninitialized>
         <run_address>0xc10</run_address>
         <size>0x8</size>
         <input_file_ref idref="fl-1f"/>
      </object_component>
      <object_component id="oc-130">
         <name>DacaRegsFile</name>
         <uninitialized>true</uninitialized>
         <run_address>0x5c00</run_address>
         <size>0x8</size>
         <input_file_ref idref="fl-1f"/>
      </object_component>
      <object_component id="oc-131">
         <name>DacbRegsFile</name>
         <uninitialized>true</uninitialized>
         <run_address>0x5c10</run_address>
         <size>0x8</size>
         <input_file_ref idref="fl-1f"/>
      </object_component>
      <object_component id="oc-132">
         <name>DaccRegsFile</name>
         <uninitialized>true</uninitialized>
         <run_address>0x5c20</run_address>
         <size>0x8</size>
         <input_file_ref idref="fl-1f"/>
      </object_component>
      <object_component id="oc-15e">
         <name>DcsmZ1RegsFile</name>
         <uninitialized>true</uninitialized>
         <run_address>0x5f000</run_address>
         <size>0x24</size>
         <input_file_ref idref="fl-1f"/>
      </object_component>
      <object_component id="oc-15f">
         <name>DcsmZ2RegsFile</name>
         <uninitialized>true</uninitialized>
         <run_address>0x5f040</run_address>
         <size>0x24</size>
         <input_file_ref idref="fl-1f"/>
      </object_component>
      <object_component id="oc-136">
         <name>DcsmCommonRegsFile</name>
         <uninitialized>true</uninitialized>
         <run_address>0x5f070</run_address>
         <size>0x8</size>
         <input_file_ref idref="fl-1f"/>
      </object_component>
      <object_component id="oc-14d">
         <name>DcsmZ1OtpFile</name>
         <uninitialized>true</uninitialized>
         <run_address>0x78000</run_address>
         <size>0x20</size>
         <input_file_ref idref="fl-1f"/>
      </object_component>
      <object_component id="oc-14e">
         <name>DcsmZ2OtpFile</name>
         <uninitialized>true</uninitialized>
         <run_address>0x78200</run_address>
         <size>0x20</size>
         <input_file_ref idref="fl-1f"/>
      </object_component>
      <object_component id="oc-178">
         <name>DmaRegsFile</name>
         <uninitialized>true</uninitialized>
         <run_address>0x1000</run_address>
         <size>0xe0</size>
         <input_file_ref idref="fl-1f"/>
      </object_component>
      <object_component id="oc-143">
         <name>DmaClaSrcSelRegsFile</name>
         <uninitialized>true</uninitialized>
         <run_address>0x7980</run_address>
         <size>0x1a</size>
         <input_file_ref idref="fl-1f"/>
      </object_component>
      <object_component id="oc-14f">
         <name>ECap1RegsFile</name>
         <uninitialized>true</uninitialized>
         <run_address>0x5000</run_address>
         <size>0x20</size>
         <input_file_ref idref="fl-1f"/>
      </object_component>
      <object_component id="oc-150">
         <name>ECap2RegsFile</name>
         <uninitialized>true</uninitialized>
         <run_address>0x5020</run_address>
         <size>0x20</size>
         <input_file_ref idref="fl-1f"/>
      </object_component>
      <object_component id="oc-151">
         <name>ECap3RegsFile</name>
         <uninitialized>true</uninitialized>
         <run_address>0x5040</run_address>
         <size>0x20</size>
         <input_file_ref idref="fl-1f"/>
      </object_component>
      <object_component id="oc-152">
         <name>ECap4RegsFile</name>
         <uninitialized>true</uninitialized>
         <run_address>0x5060</run_address>
         <size>0x20</size>
         <input_file_ref idref="fl-1f"/>
      </object_component>
      <object_component id="oc-153">
         <name>ECap5RegsFile</name>
         <uninitialized>true</uninitialized>
         <run_address>0x5080</run_address>
         <size>0x20</size>
         <input_file_ref idref="fl-1f"/>
      </object_component>
      <object_component id="oc-154">
         <name>ECap6RegsFile</name>
         <uninitialized>true</uninitialized>
         <run_address>0x50a0</run_address>
         <size>0x20</size>
         <input_file_ref idref="fl-1f"/>
      </object_component>
      <object_component id="oc-16e">
         <name>Emif1RegsFile</name>
         <uninitialized>true</uninitialized>
         <run_address>0x47000</run_address>
         <size>0x70</size>
         <input_file_ref idref="fl-1f"/>
      </object_component>
      <object_component id="oc-16f">
         <name>Emif2RegsFile</name>
         <uninitialized>true</uninitialized>
         <run_address>0x47800</run_address>
         <size>0x70</size>
         <input_file_ref idref="fl-1f"/>
      </object_component>
      <object_component id="oc-179">
         <name>EPwm1RegsFile</name>
         <uninitialized>true</uninitialized>
         <run_address>0x4000</run_address>
         <size>0x100</size>
         <input_file_ref idref="fl-1f"/>
      </object_component>
      <object_component id="oc-17a">
         <name>EPwm2RegsFile</name>
         <uninitialized>true</uninitialized>
         <run_address>0x4100</run_address>
         <size>0x100</size>
         <input_file_ref idref="fl-1f"/>
      </object_component>
      <object_component id="oc-17b">
         <name>EPwm3RegsFile</name>
         <uninitialized>true</uninitialized>
         <run_address>0x4200</run_address>
         <size>0x100</size>
         <input_file_ref idref="fl-1f"/>
      </object_component>
      <object_component id="oc-17c">
         <name>EPwm4RegsFile</name>
         <uninitialized>true</uninitialized>
         <run_address>0x4300</run_address>
         <size>0x100</size>
         <input_file_ref idref="fl-1f"/>
      </object_component>
      <object_component id="oc-17d">
         <name>EPwm5RegsFile</name>
         <uninitialized>true</uninitialized>
         <run_address>0x4400</run_address>
         <size>0x100</size>
         <input_file_ref idref="fl-1f"/>
      </object_component>
      <object_component id="oc-17e">
         <name>EPwm6RegsFile</name>
         <uninitialized>true</uninitialized>
         <run_address>0x4500</run_address>
         <size>0x100</size>
         <input_file_ref idref="fl-1f"/>
      </object_component>
      <object_component id="oc-17f">
         <name>EPwm7RegsFile</name>
         <uninitialized>true</uninitialized>
         <run_address>0x4600</run_address>
         <size>0x100</size>
         <input_file_ref idref="fl-1f"/>
      </object_component>
      <object_component id="oc-180">
         <name>EPwm8RegsFile</name>
         <uninitialized>true</uninitialized>
         <run_address>0x4700</run_address>
         <size>0x100</size>
         <input_file_ref idref="fl-1f"/>
      </object_component>
      <object_component id="oc-181">
         <name>EPwm9RegsFile</name>
         <uninitialized>true</uninitialized>
         <run_address>0x4800</run_address>
         <size>0x100</size>
         <input_file_ref idref="fl-1f"/>
      </object_component>
      <object_component id="oc-182">
         <name>EPwm10RegsFile</name>
         <uninitialized>true</uninitialized>
         <run_address>0x4900</run_address>
         <size>0x100</size>
         <input_file_ref idref="fl-1f"/>
      </object_component>
      <object_component id="oc-183">
         <name>EPwm11RegsFile</name>
         <uninitialized>true</uninitialized>
         <run_address>0x4a00</run_address>
         <size>0x100</size>
         <input_file_ref idref="fl-1f"/>
      </object_component>
      <object_component id="oc-184">
         <name>EPwm12RegsFile</name>
         <uninitialized>true</uninitialized>
         <run_address>0x4b00</run_address>
         <size>0x100</size>
         <input_file_ref idref="fl-1f"/>
      </object_component>
      <object_component id="oc-168">
         <name>EPwmXbarRegsFile</name>
         <uninitialized>true</uninitialized>
         <run_address>0x7a00</run_address>
         <size>0x40</size>
         <input_file_ref idref="fl-1f"/>
      </object_component>
      <object_component id="oc-159">
         <name>EQep1RegsFile</name>
         <uninitialized>true</uninitialized>
         <run_address>0x5100</run_address>
         <size>0x22</size>
         <input_file_ref idref="fl-1f"/>
      </object_component>
      <object_component id="oc-15a">
         <name>EQep2RegsFile</name>
         <uninitialized>true</uninitialized>
         <run_address>0x5140</run_address>
         <size>0x22</size>
         <input_file_ref idref="fl-1f"/>
      </object_component>
      <object_component id="oc-15b">
         <name>EQep3RegsFile</name>
         <uninitialized>true</uninitialized>
         <run_address>0x5180</run_address>
         <size>0x22</size>
         <input_file_ref idref="fl-1f"/>
      </object_component>
      <object_component id="oc-187">
         <name>Flash0CtrlRegsFile</name>
         <uninitialized>true</uninitialized>
         <run_address>0x5f800</run_address>
         <size>0x182</size>
         <input_file_ref idref="fl-1f"/>
      </object_component>
      <object_component id="oc-162">
         <name>Flash0EccRegsFile</name>
         <uninitialized>true</uninitialized>
         <run_address>0x5fb00</run_address>
         <size>0x28</size>
         <input_file_ref idref="fl-1f"/>
      </object_component>
      <object_component id="oc-188">
         <name>Flash1CtrlRegsFile</name>
         <uninitialized>true</uninitialized>
         <run_address>0x5fc00</run_address>
         <size>0x182</size>
         <input_file_ref idref="fl-1f"/>
      </object_component>
      <object_component id="oc-163">
         <name>Flash1EccRegsFile</name>
         <uninitialized>true</uninitialized>
         <run_address>0x5ff00</run_address>
         <size>0x28</size>
         <input_file_ref idref="fl-1f"/>
      </object_component>
      <object_component id="oc-186">
         <name>GpioCtrlRegsFile</name>
         <uninitialized>true</uninitialized>
         <run_address>0x7c00</run_address>
         <size>0x180</size>
         <input_file_ref idref="fl-1f"/>
      </object_component>
      <object_component id="oc-165">
         <name>GpioDataRegsFile</name>
         <uninitialized>true</uninitialized>
         <run_address>0x7f00</run_address>
         <size>0x30</size>
         <input_file_ref idref="fl-1f"/>
      </object_component>
      <object_component id="oc-169">
         <name>OutputXbarRegsFile</name>
         <uninitialized>true</uninitialized>
         <run_address>0x7a80</run_address>
         <size>0x40</size>
         <input_file_ref idref="fl-1f"/>
      </object_component>
      <object_component id="oc-15c">
         <name>I2caRegsFile</name>
         <uninitialized>true</uninitialized>
         <run_address>0x7300</run_address>
         <size>0x22</size>
         <input_file_ref idref="fl-1f"/>
      </object_component>
      <object_component id="oc-15d">
         <name>I2cbRegsFile</name>
         <uninitialized>true</uninitialized>
         <run_address>0x7340</run_address>
         <size>0x22</size>
         <input_file_ref idref="fl-1f"/>
      </object_component>
      <object_component id="oc-155">
         <name>InputXbarRegsFile</name>
         <uninitialized>true</uninitialized>
         <run_address>0x7900</run_address>
         <size>0x20</size>
         <input_file_ref idref="fl-1f"/>
      </object_component>
      <object_component id="oc-156">
         <name>XbarRegsFile</name>
         <uninitialized>true</uninitialized>
         <run_address>0x7920</run_address>
         <size>0x20</size>
         <input_file_ref idref="fl-1f"/>
      </object_component>
      <object_component id="oc-12a">
         <name>FlashPumpSemaphoreRegsFile</name>
         <uninitialized>true</uninitialized>
         <run_address>0x50024</run_address>
         <size>0x2</size>
         <input_file_ref idref="fl-1f"/>
      </object_component>
      <object_component id="oc-12b">
         <name>RomPrefetchRegsFile</name>
         <uninitialized>true</uninitialized>
         <run_address>0x5e608</run_address>
         <size>0x2</size>
         <input_file_ref idref="fl-1f"/>
      </object_component>
      <object_component id="oc-174">
         <name>MemCfgRegsFile</name>
         <uninitialized>true</uninitialized>
         <run_address>0x5f400</run_address>
         <size>0x80</size>
         <input_file_ref idref="fl-1f"/>
      </object_component>
      <object_component id="oc-157">
         <name>Emif1ConfigRegsFile</name>
         <uninitialized>true</uninitialized>
         <run_address>0x5f480</run_address>
         <size>0x20</size>
         <input_file_ref idref="fl-1f"/>
      </object_component>
      <object_component id="oc-158">
         <name>Emif2ConfigRegsFile</name>
         <uninitialized>true</uninitialized>
         <run_address>0x5f4a0</run_address>
         <size>0x20</size>
         <input_file_ref idref="fl-1f"/>
      </object_component>
      <object_component id="oc-16a">
         <name>AccessProtectionRegsFile</name>
         <uninitialized>true</uninitialized>
         <run_address>0x5f4c0</run_address>
         <size>0x40</size>
         <input_file_ref idref="fl-1f"/>
      </object_component>
      <object_component id="oc-16b">
         <name>MemoryErrorRegsFile</name>
         <uninitialized>true</uninitialized>
         <run_address>0x5f500</run_address>
         <size>0x40</size>
         <input_file_ref idref="fl-1f"/>
      </object_component>
      <object_component id="oc-12c">
         <name>RomWaitStateRegsFile</name>
         <uninitialized>true</uninitialized>
         <run_address>0x5f540</run_address>
         <size>0x2</size>
         <input_file_ref idref="fl-1f"/>
      </object_component>
      <object_component id="oc-160">
         <name>McbspaRegsFile</name>
         <uninitialized>true</uninitialized>
         <run_address>0x6000</run_address>
         <size>0x24</size>
         <input_file_ref idref="fl-1f"/>
      </object_component>
      <object_component id="oc-161">
         <name>McbspbRegsFile</name>
         <uninitialized>true</uninitialized>
         <run_address>0x6040</run_address>
         <size>0x24</size>
         <input_file_ref idref="fl-1f"/>
      </object_component>
      <object_component id="oc-16d">
         <name>UppRegsFile</name>
         <uninitialized>true</uninitialized>
         <run_address>0x6200</run_address>
         <size>0x48</size>
         <input_file_ref idref="fl-1f"/>
      </object_component>
      <object_component id="oc-12f">
         <name>NmiIntruptRegsFile</name>
         <uninitialized>true</uninitialized>
         <run_address>0x7060</run_address>
         <size>0x7</size>
         <input_file_ref idref="fl-1f"/>
      </object_component>
      <object_component id="oc-144">
         <name>PieCtrlRegsFile</name>
         <uninitialized>true</uninitialized>
         <run_address>0xce0</run_address>
         <size>0x1a</size>
         <input_file_ref idref="fl-1f"/>
      </object_component>
      <object_component id="oc-138">
         <name>SciaRegsFile</name>
         <uninitialized>true</uninitialized>
         <run_address>0x7200</run_address>
         <size>0x10</size>
         <input_file_ref idref="fl-1f"/>
      </object_component>
      <object_component id="oc-139">
         <name>ScibRegsFile</name>
         <uninitialized>true</uninitialized>
         <run_address>0x7210</run_address>
         <size>0x10</size>
         <input_file_ref idref="fl-1f"/>
      </object_component>
      <object_component id="oc-13a">
         <name>ScicRegsFile</name>
         <uninitialized>true</uninitialized>
         <run_address>0x7220</run_address>
         <size>0x10</size>
         <input_file_ref idref="fl-1f"/>
      </object_component>
      <object_component id="oc-13b">
         <name>ScidRegsFile</name>
         <uninitialized>true</uninitialized>
         <run_address>0x7230</run_address>
         <size>0x10</size>
         <input_file_ref idref="fl-1f"/>
      </object_component>
      <object_component id="oc-175">
         <name>Sdfm1RegsFile</name>
         <uninitialized>true</uninitialized>
         <run_address>0x5e00</run_address>
         <size>0x80</size>
         <input_file_ref idref="fl-1f"/>
      </object_component>
      <object_component id="oc-176">
         <name>Sdfm2RegsFile</name>
         <uninitialized>true</uninitialized>
         <run_address>0x5e80</run_address>
         <size>0x80</size>
         <input_file_ref idref="fl-1f"/>
      </object_component>
      <object_component id="oc-13c">
         <name>SpiaRegsFile</name>
         <uninitialized>true</uninitialized>
         <run_address>0x6100</run_address>
         <size>0x10</size>
         <input_file_ref idref="fl-1f"/>
      </object_component>
      <object_component id="oc-13d">
         <name>SpibRegsFile</name>
         <uninitialized>true</uninitialized>
         <run_address>0x6110</run_address>
         <size>0x10</size>
         <input_file_ref idref="fl-1f"/>
      </object_component>
      <object_component id="oc-13e">
         <name>SpicRegsFile</name>
         <uninitialized>true</uninitialized>
         <run_address>0x6120</run_address>
         <size>0x10</size>
         <input_file_ref idref="fl-1f"/>
      </object_component>
      <object_component id="oc-185">
         <name>DevCfgRegsFile</name>
         <uninitialized>true</uninitialized>
         <run_address>0x5d000</run_address>
         <size>0x12e</size>
         <input_file_ref idref="fl-1f"/>
      </object_component>
      <object_component id="oc-166">
         <name>ClkCfgRegsFile</name>
         <uninitialized>true</uninitialized>
         <run_address>0x5d200</run_address>
         <size>0x32</size>
         <input_file_ref idref="fl-1f"/>
      </object_component>
      <object_component id="oc-177">
         <name>CpuSysRegsFile</name>
         <uninitialized>true</uninitialized>
         <run_address>0x5d300</run_address>
         <size>0x82</size>
         <input_file_ref idref="fl-1f"/>
      </object_component>
      <object_component id="oc-12e">
         <name>SyncSocRegsFile</name>
         <uninitialized>true</uninitialized>
         <run_address>0x7940</run_address>
         <size>0x6</size>
         <input_file_ref idref="fl-1f"/>
      </object_component>
      <object_component id="oc-164">
         <name>WdRegsFile</name>
         <uninitialized>true</uninitialized>
         <run_address>0x7000</run_address>
         <size>0x2b</size>
         <input_file_ref idref="fl-1f"/>
      </object_component>
      <object_component id="oc-137">
         <name>XintRegsFile</name>
         <uninitialized>true</uninitialized>
         <run_address>0x7070</run_address>
         <size>0xb</size>
         <input_file_ref idref="fl-1f"/>
      </object_component>
      <object_component id="oc-8a">
         <name>.debug_line</name>
         <load_address>0x0</load_address>
         <run_address>0x0</run_address>
         <size>0x97</size>
         <input_file_ref idref="fl-4"/>
      </object_component>
      <object_component id="oc-91">
         <name>.debug_line</name>
         <load_address>0x97</load_address>
         <run_address>0x97</run_address>
         <size>0xcb</size>
         <input_file_ref idref="fl-5"/>
      </object_component>
      <object_component id="oc-96">
         <name>.debug_line</name>
         <load_address>0x162</load_address>
         <run_address>0x162</run_address>
         <size>0x244</size>
         <input_file_ref idref="fl-6"/>
      </object_component>
      <object_component id="oc-9b">
         <name>.debug_line</name>
         <load_address>0x3a6</load_address>
         <run_address>0x3a6</run_address>
         <size>0x3ae</size>
         <input_file_ref idref="fl-7"/>
      </object_component>
      <object_component id="oc-a3">
         <name>.debug_line</name>
         <load_address>0x754</load_address>
         <run_address>0x754</run_address>
         <size>0x509</size>
         <input_file_ref idref="fl-8"/>
      </object_component>
      <object_component id="oc-aa">
         <name>.debug_line</name>
         <load_address>0xc5d</load_address>
         <run_address>0xc5d</run_address>
         <size>0xb92</size>
         <input_file_ref idref="fl-9"/>
      </object_component>
      <object_component id="oc-af">
         <name>.debug_line</name>
         <load_address>0x17ef</load_address>
         <run_address>0x17ef</run_address>
         <size>0xcf</size>
         <input_file_ref idref="fl-a"/>
      </object_component>
      <object_component id="oc-bd">
         <name>.debug_line</name>
         <load_address>0x18be</load_address>
         <run_address>0x18be</run_address>
         <size>0xfe</size>
         <input_file_ref idref="fl-b"/>
      </object_component>
      <object_component id="oc-c5">
         <name>.debug_line</name>
         <load_address>0x19bc</load_address>
         <run_address>0x19bc</run_address>
         <size>0x1b1</size>
         <input_file_ref idref="fl-c"/>
      </object_component>
      <object_component id="oc-cb">
         <name>.debug_line</name>
         <load_address>0x1b6d</load_address>
         <run_address>0x1b6d</run_address>
         <size>0x190</size>
         <input_file_ref idref="fl-d"/>
      </object_component>
      <object_component id="oc-d0">
         <name>.debug_line</name>
         <load_address>0x1cfd</load_address>
         <run_address>0x1cfd</run_address>
         <size>0x130</size>
         <input_file_ref idref="fl-e"/>
      </object_component>
      <object_component id="oc-d5">
         <name>.debug_line</name>
         <load_address>0x1e2d</load_address>
         <run_address>0x1e2d</run_address>
         <size>0x240</size>
         <input_file_ref idref="fl-f"/>
      </object_component>
      <object_component id="oc-da">
         <name>.debug_line</name>
         <load_address>0x206d</load_address>
         <run_address>0x206d</run_address>
         <size>0x110</size>
         <input_file_ref idref="fl-10"/>
      </object_component>
      <object_component id="oc-de">
         <name>.debug_line</name>
         <load_address>0x217d</load_address>
         <run_address>0x217d</run_address>
         <size>0x14d</size>
         <input_file_ref idref="fl-11"/>
      </object_component>
      <object_component id="oc-e4">
         <name>.debug_line</name>
         <load_address>0x22ca</load_address>
         <run_address>0x22ca</run_address>
         <size>0x517</size>
         <input_file_ref idref="fl-12"/>
      </object_component>
      <object_component id="oc-e9">
         <name>.debug_line</name>
         <load_address>0x27e1</load_address>
         <run_address>0x27e1</run_address>
         <size>0x9b</size>
         <input_file_ref idref="fl-13"/>
      </object_component>
      <object_component id="oc-ee">
         <name>.debug_line</name>
         <load_address>0x287c</load_address>
         <run_address>0x287c</run_address>
         <size>0x5cf</size>
         <input_file_ref idref="fl-14"/>
      </object_component>
      <object_component id="oc-f4">
         <name>.debug_line</name>
         <load_address>0x2e4b</load_address>
         <run_address>0x2e4b</run_address>
         <size>0x19d</size>
         <input_file_ref idref="fl-15"/>
      </object_component>
      <object_component id="oc-fa">
         <name>.debug_line</name>
         <load_address>0x2fe8</load_address>
         <run_address>0x2fe8</run_address>
         <size>0x795</size>
         <input_file_ref idref="fl-16"/>
      </object_component>
      <object_component id="oc-fe">
         <name>.debug_line</name>
         <load_address>0x377d</load_address>
         <run_address>0x377d</run_address>
         <size>0xa9</size>
         <input_file_ref idref="fl-17"/>
      </object_component>
      <object_component id="oc-104">
         <name>.debug_line</name>
         <load_address>0x3826</load_address>
         <run_address>0x3826</run_address>
         <size>0x126</size>
         <input_file_ref idref="fl-18"/>
      </object_component>
      <object_component id="oc-109">
         <name>.debug_line</name>
         <load_address>0x394c</load_address>
         <run_address>0x394c</run_address>
         <size>0x1eb</size>
         <input_file_ref idref="fl-19"/>
      </object_component>
      <object_component id="oc-10e">
         <name>.debug_line</name>
         <load_address>0x3b37</load_address>
         <run_address>0x3b37</run_address>
         <size>0x40</size>
         <input_file_ref idref="fl-1a"/>
      </object_component>
      <object_component id="oc-113">
         <name>.debug_line</name>
         <load_address>0x3b77</load_address>
         <run_address>0x3b77</run_address>
         <size>0xe4</size>
         <input_file_ref idref="fl-1b"/>
      </object_component>
      <object_component id="oc-117">
         <name>.debug_line</name>
         <load_address>0x3c5b</load_address>
         <run_address>0x3c5b</run_address>
         <size>0x67</size>
         <input_file_ref idref="fl-1c"/>
      </object_component>
      <object_component id="oc-11e">
         <name>.debug_line</name>
         <load_address>0x3cc2</load_address>
         <run_address>0x3cc2</run_address>
         <size>0x3e</size>
         <input_file_ref idref="fl-1d"/>
      </object_component>
      <object_component id="oc-124">
         <name>.debug_line</name>
         <load_address>0x3d00</load_address>
         <run_address>0x3d00</run_address>
         <size>0xce0</size>
         <input_file_ref idref="fl-1e"/>
      </object_component>
      <object_component id="oc-18d">
         <name>.debug_line</name>
         <load_address>0x49e0</load_address>
         <run_address>0x49e0</run_address>
         <size>0x70</size>
         <input_file_ref idref="fl-20"/>
      </object_component>
      <object_component id="oc-192">
         <name>.debug_line</name>
         <load_address>0x4a50</load_address>
         <run_address>0x4a50</run_address>
         <size>0x418</size>
         <input_file_ref idref="fl-21"/>
      </object_component>
      <object_component id="oc-196">
         <name>.debug_line</name>
         <load_address>0x4e68</load_address>
         <run_address>0x4e68</run_address>
         <size>0x4e</size>
         <input_file_ref idref="fl-22"/>
      </object_component>
      <object_component id="oc-19c">
         <name>.debug_line</name>
         <load_address>0x4eb6</load_address>
         <run_address>0x4eb6</run_address>
         <size>0x33</size>
         <input_file_ref idref="fl-23"/>
      </object_component>
      <object_component id="oc-1a3">
         <name>.debug_line</name>
         <load_address>0x4ee9</load_address>
         <run_address>0x4ee9</run_address>
         <size>0x49</size>
         <input_file_ref idref="fl-25"/>
      </object_component>
      <object_component id="oc-1a8">
         <name>.debug_line</name>
         <load_address>0x4f32</load_address>
         <run_address>0x4f32</run_address>
         <size>0x33</size>
         <input_file_ref idref="fl-26"/>
      </object_component>
      <object_component id="oc-1ad">
         <name>.debug_line</name>
         <load_address>0x4f65</load_address>
         <run_address>0x4f65</run_address>
         <size>0x49</size>
         <input_file_ref idref="fl-27"/>
      </object_component>
      <object_component id="oc-1b2">
         <name>.debug_line</name>
         <load_address>0x4fae</load_address>
         <run_address>0x4fae</run_address>
         <size>0xbb</size>
         <input_file_ref idref="fl-28"/>
      </object_component>
      <object_component id="oc-1b7">
         <name>.debug_line</name>
         <load_address>0x5069</load_address>
         <run_address>0x5069</run_address>
         <size>0x38</size>
         <input_file_ref idref="fl-29"/>
      </object_component>
      <object_component id="oc-1bc">
         <name>.debug_line</name>
         <load_address>0x50a1</load_address>
         <run_address>0x50a1</run_address>
         <size>0x33</size>
         <input_file_ref idref="fl-2a"/>
      </object_component>
      <object_component id="oc-1c1">
         <name>.debug_line</name>
[...]
      </symbol>
      <symbol id="sm-1746">
         <name>_ScicRegs</name>
         <value>0x7220</value>
         <object_component_ref idref="oc-13a"/>
      </symbol>
      <symbol id="sm-1747">
         <name>_ECap1Regs</name>
         <value>0x5000</value>
         <object_component_ref idref="oc-14f"/>
      </symbol>
      <symbol id="sm-1748">
         <name>_EmuKey</name>
         <value>0xd00</value>
         <object_component_ref idref="oc-128"/>
      </symbol>
      <symbol id="sm-1749">
         <name>_OutputXbarRegs</name>
         <value>0x7a80</value>
         <object_component_ref idref="oc-169"/>
      </symbol>
      <symbol id="sm-174a">
         <name>_MemoryErrorRegs</name>
         <value>0x5f500</value>
         <object_component_ref idref="oc-16b"/>
      </symbol>
      <symbol id="sm-174b">
         <name>_Cla1Regs</name>
         <value>0x1400</value>
         <object_component_ref idref="oc-167"/>
      </symbol>
      <symbol id="sm-174c">
         <name>_DcsmZ2Otp</name>
         <value>0x78200</value>
         <object_component_ref idref="oc-14e"/>
      </symbol>
      <symbol id="sm-174d">
         <name>_EQep1Regs</name>
         <value>0x5100</value>
         <object_component_ref idref="oc-159"/>
      </symbol>
      <symbol id="sm-174e">
         <name>_DacbRegs</name>
         <value>0x5c10</value>
         <object_component_ref idref="oc-131"/>
      </symbol>
      <symbol id="sm-174f">
         <name>_McbspaRegs</name>
         <value>0x6000</value>
         <object_component_ref idref="oc-160"/>
      </symbol>
      <symbol id="sm-1750">
         <name>_EPwm1Regs</name>
         <value>0x4000</value>
         <object_component_ref idref="oc-179"/>
      </symbol>
      <symbol id="sm-1751">
         <name>_AdcbRegs</name>
         <value>0x7480</value>
         <object_component_ref idref="oc-171"/>
      </symbol>
      <symbol id="sm-1752">
         <name>_ScibRegs</name>
         <value>0x7210</value>
         <object_component_ref idref="oc-139"/>
      </symbol>
      <symbol id="sm-1753">
         <name>_AdcaResultRegs</name>
         <value>0xb00</value>
         <object_component_ref idref="oc-13f"/>
      </symbol>
      <symbol id="sm-1754">
         <name>_ECap2Regs</name>
         <value>0x5020</value>
         <object_component_ref idref="oc-150"/>
      </symbol>
      <symbol id="sm-1755">
         <name>_EPwm12Regs</name>
         <value>0x4b00</value>
         <object_component_ref idref="oc-184"/>
      </symbol>
      <symbol id="sm-1756">
         <name>_AdcbResultRegs</name>
         <value>0xb20</value>
         <object_component_ref idref="oc-140"/>
      </symbol>
      <symbol id="sm-1757">
         <name>_AdccResultRegs</name>
         <value>0xb40</value>
         <object_component_ref idref="oc-141"/>
      </symbol>
      <symbol id="sm-1758">
         <name>_Emif1ConfigRegs</name>
         <value>0x5f480</value>
         <object_component_ref idref="oc-157"/>
      </symbol>
      <symbol id="sm-1759">
         <name>_Sdfm2Regs</name>
         <value>0x5e80</value>
         <object_component_ref idref="oc-176"/>
      </symbol>
      <symbol id="sm-175a">
         <name>_AdcdResultRegs</name>
         <value>0xb60</value>
         <object_component_ref idref="oc-142"/>
      </symbol>
      <symbol id="sm-175b">
         <name>_EQep2Regs</name>
         <value>0x5140</value>
         <object_component_ref idref="oc-15a"/>
      </symbol>
      <symbol id="sm-175c">
         <name>_Cmpss1Regs</name>
         <value>0x5c80</value>
         <object_component_ref idref="oc-145"/>
      </symbol>
      <symbol id="sm-175d">
         <name>_EPwm8Regs</name>
         <value>0x4700</value>
         <object_component_ref idref="oc-180"/>
      </symbol>
      <symbol id="sm-175e">
         <name>_Emif2ConfigRegs</name>
         <value>0x5f4a0</value>
         <object_component_ref idref="oc-158"/>
      </symbol>
      <symbol id="sm-175f">
         <name>_DcsmCommonRegs</name>
         <value>0x5f070</value>
         <object_component_ref idref="oc-136"/>
      </symbol>
      <symbol id="sm-1760">
         <name>_EPwm2Regs</name>
         <value>0x4100</value>
         <object_component_ref idref="oc-17a"/>
      </symbol>
      <symbol id="sm-1761">
         <name>_ECap3Regs</name>
         <value>0x5040</value>
         <object_component_ref idref="oc-151"/>
      </symbol>
      <symbol id="sm-1762">
         <name>_Cmpss8Regs</name>
         <value>0x5d60</value>
         <object_component_ref idref="oc-14c"/>
      </symbol>
      <symbol id="sm-1763">
         <name>_EQep3Regs</name>
         <value>0x5180</value>
         <object_component_ref idref="oc-15b"/>
      </symbol>
      <symbol id="sm-1764">
         <name>_SyncSocRegs</name>
         <value>0x7940</value>
         <object_component_ref idref="oc-12e"/>
      </symbol>
      <symbol id="sm-1765">
         <name>_EPwm9Regs</name>
         <value>0x4800</value>
         <object_component_ref idref="oc-181"/>
      </symbol>
      <symbol id="sm-1766">
         <name>_NmiIntruptRegs</name>
         <value>0x7060</value>
         <object_component_ref idref="oc-12f"/>
      </symbol>
      <symbol id="sm-1767">
         <name>_EPwm3Regs</name>
         <value>0x4200</value>
         <object_component_ref idref="oc-17b"/>
      </symbol>
      <symbol id="sm-1768">
         <name>_Flash1EccRegs</name>
         <value>0x5ff00</value>
         <object_component_ref idref="oc-163"/>
      </symbol>
      <symbol id="sm-1769">
         <name>_I2caRegs</name>
         <value>0x7300</value>
         <object_component_ref idref="oc-15c"/>
      </symbol>
      <symbol id="sm-1779">
         <name>_PieVectTableInit</name>
         <value>0x90000</value>
         <object_component_ref idref="oc-2aa"/>
      </symbol>
      <symbol id="sm-177a">
         <name>_InitPieVectTable</name>
         <value>0x88217</value>
         <object_component_ref idref="oc-299"/>
      </symbol>
      <symbol id="sm-17a7">
         <name>_FlashOff_Bank1</name>
         <value>0x97f2</value>
         <object_component_ref idref="oc-2a9"/>
      </symbol>
      <symbol id="sm-17a9">
         <name>_FlashOff_Bank0</name>
         <value>0x97e4</value>
         <object_component_ref idref="oc-2a9"/>
      </symbol>
      <symbol id="sm-17ab">
         <name>_InitSysPll</name>
         <value>0x86c3c</value>
         <object_component_ref idref="oc-297"/>
      </symbol>
      <symbol id="sm-17ad">
         <name>_DisablePeripheralClocks</name>
         <value>0x86be0</value>
         <object_component_ref idref="oc-297"/>
      </symbol>
      <symbol id="sm-17af">
         <name>_DisableDog</name>
         <value>0x86c2e</value>
         <object_component_ref idref="oc-297"/>
      </symbol>
      <symbol id="sm-17b1">
         <name>_SysIntOsc2Sel</name>
         <value>0x86d7c</value>
         <object_component_ref idref="oc-297"/>
      </symbol>
      <symbol id="sm-17b3">
         <name>_ReleaseFlashPump</name>
         <value>0x86c16</value>
         <object_component_ref idref="oc-297"/>
      </symbol>
      <symbol id="sm-17b5">
         <name>_HALT</name>
         <value>0x86dc6</value>
         <object_component_ref idref="oc-297"/>
      </symbol>
      <symbol id="sm-17b7">
         <name>_IDLE</name>
         <value>0x86db2</value>
         <object_component_ref idref="oc-297"/>
      </symbol>
      <symbol id="sm-17b9">
         <name>_InitPeripheralClocks</name>
         <value>0x86b5c</value>
         <object_component_ref idref="oc-297"/>
      </symbol>
      <symbol id="sm-17bb">
         <name>_InitFlash_Bank0</name>
         <value>0x9792</value>
         <object_component_ref idref="oc-2a9"/>
      </symbol>
      <symbol id="sm-17bd">
         <name>_InitFlash_Bank1</name>
         <value>0x97bb</value>
         <object_component_ref idref="oc-2a9"/>
      </symbol>
      <symbol id="sm-17bf">
         <name>_SysXtalOscSel</name>
         <value>0x86d86</value>
         <object_component_ref idref="oc-297"/>
      </symbol>
      <symbol id="sm-17c1">
         <name>_CsmUnlock</name>
         <value>0x86d51</value>
         <object_component_ref idref="oc-297"/>
      </symbol>
      <symbol id="sm-17c3">
         <name>_SysIntOsc1Sel</name>
         <value>0x86d72</value>
         <object_component_ref idref="oc-297"/>
      </symbol>
      <symbol id="sm-17c5">
         <name>_ServiceDog</name>
         <value>0x86c20</value>
         <object_component_ref idref="oc-297"/>
      </symbol>
      <symbol id="sm-17c7">
         <name>_HIB</name>
         <value>0x86dd7</value>
         <object_component_ref idref="oc-297"/>
      </symbol>
      <symbol id="sm-17c9">
         <name>_AuxAuxClkSel</name>
         <value>0x86da8</value>
         <object_component_ref idref="oc-297"/>
      </symbol>
      <symbol id="sm-17cb">
         <name>_AuxIntOsc2Sel</name>
         <value>0x86d92</value>
         <object_component_ref idref="oc-297"/>
      </symbol>
      <symbol id="sm-17cd">
         <name>_InitAuxPll</name>
         <value>0x86cc0</value>
         <object_component_ref idref="oc-297"/>
      </symbol>
      <symbol id="sm-17cf">
         <name>_InitSysCtrl</name>
         <value>0x86b0d</value>
         <object_component_ref idref="oc-297"/>
      </symbol>
      <symbol id="sm-17d1">
         <name>_SeizeFlashPump_Bank1</name>
         <value>0x86c07</value>
         <object_component_ref idref="oc-297"/>
      </symbol>
      <symbol id="sm-17d3">
         <name>_SeizeFlashPump_Bank0</name>
         <value>0x86bf8</value>
         <object_component_ref idref="oc-297"/>
      </symbol>
      <symbol id="sm-17d5">
         <name>_STANDBY</name>
         <value>0x86dbb</value>
         <object_component_ref idref="oc-297"/>
      </symbol>
      <symbol id="sm-17d7">
         <name>_AuxXtalOscSel</name>
         <value>0x86d9c</value>
         <object_component_ref idref="oc-297"/>
      </symbol>
      <symbol id="sm-17e4">
         <name>_F28x_usDelay</name>
         <value>0x9864</value>
         <object_component_ref idref="oc-195"/>
      </symbol>
      <symbol id="sm-181d">
         <name>_CMPSS_configLatchOnPWMSYNC</name>
         <value>0x8801d</value>
         <object_component_ref idref="oc-2b6"/>
      </symbol>
      <symbol id="sm-181f">
         <name>_CMPSS_configFilterLow</name>
         <value>0x87ffa</value>
         <object_component_ref idref="oc-2b6"/>
      </symbol>
      <symbol id="sm-1821">
         <name>_CMPSS_configFilterHigh</name>
         <value>0x87fd7</value>
         <object_component_ref idref="oc-2b6"/>
      </symbol>
      <symbol id="sm-1823">
         <name>_CMPSS_configRamp</name>
         <value>0x8803f</value>
         <object_component_ref idref="oc-2b6"/>
      </symbol>
      <symbol id="sm-18df">
         <name>_MemCfg_getViolationAddress</name>
         <value>0x8705e</value>
         <object_component_ref idref="oc-2b5"/>
      </symbol>
      <symbol id="sm-18e1">
         <name>_MemCfg_setLSRAMMasterSel</name>
         <value>0x86f1e</value>
         <object_component_ref idref="oc-2b5"/>
      </symbol>
      <symbol id="sm-18e3">
         <name>_MemCfg_setTestMode</name>
         <value>0x86f47</value>
         <object_component_ref idref="oc-2b5"/>
      </symbol>
      <symbol id="sm-18e5">
         <name>_MemCfg_setProtection</name>
         <value>0x86eaf</value>
         <object_component_ref idref="oc-2b5"/>
      </symbol>
      <symbol id="sm-18e7">
         <name>_MemCfg_lockConfig</name>
         <value>0x86deb</value>
         <object_component_ref idref="oc-2b5"/>
      </symbol>
      <symbol id="sm-18e9">
         <name>_MemCfg_commitConfig</name>
         <value>0x86e6f</value>
         <object_component_ref idref="oc-2b5"/>
      </symbol>
      <symbol id="sm-18eb">
         <name>_MemCfg_initSections</name>
         <value>0x86fa3</value>
         <object_component_ref idref="oc-2b5"/>
      </symbol>
      <symbol id="sm-18ed">
         <name>_MemCfg_unlockConfig</name>
         <value>0x86e2b</value>
         <object_component_ref idref="oc-2b5"/>
      </symbol>
      <symbol id="sm-18ef">
         <name>_MemCfg_getUncorrErrorAddress</name>
         <value>0x87088</value>
         <object_component_ref idref="oc-2b5"/>
      </symbol>
      <symbol id="sm-18f1">
         <name>_MemCfg_getInitStatus</name>
         <value>0x86ff6</value>
         <object_component_ref idref="oc-2b5"/>
      </symbol>
      <symbol id="sm-18f3">
         <name>_MemCfg_getCorrErrorAddress</name>
         <value>0x87081</value>
         <object_component_ref idref="oc-2b5"/>
      </symbol>
      <symbol id="sm-191b">
         <name>_SysCtl_delay</name>
         <value>0x9868</value>
         <object_component_ref idref="oc-20a"/>
      </symbol>
      <symbol id="sm-194f">
         <name>FS$$TOULL</name>
         <value>0x8823d</value>
         <object_component_ref idref="oc-223"/>
      </symbol>
      <symbol id="sm-195d">
         <name>ULL$$CMP</name>
         <value>0x88298</value>
         <object_component_ref idref="oc-228"/>
      </symbol>
      <symbol id="sm-195e">
         <name>LL$$CMP</name>
         <value>0x88286</value>
         <object_component_ref idref="oc-228"/>
      </symbol>
      <symbol id="sm-1976">
         <name>_Fapi_checkFsmForReady</name>
         <value>0x9775</value>
         <object_component_ref idref="oc-2be"/>
      </symbol>
      <symbol id="sm-1977">
         <name>_Fapi_isAddressEcc</name>
         <value>0x9587</value>
         <object_component_ref idref="oc-2d0"/>
      </symbol>
      <symbol id="sm-1988">
         <name>_Fapi_initializeAPI</name>
         <value>0x9496</value>
         <object_component_ref idref="oc-2ba"/>
      </symbol>
      <symbol id="sm-1989">
         <name>_Fapi_GlobalInit</name>
         <value>0xd220</value>
         <object_component_ref idref="oc-233"/>
      </symbol>
      <symbol id="sm-1997">
         <name>_Fapi_doBlankCheck</name>
         <value>0x954a</value>
         <object_component_ref idref="oc-2bf"/>
      </symbol>
      <symbol id="sm-19a4">
         <name>_Fapi_doVerify</name>
         <value>0x9732</value>
         <object_component_ref idref="oc-2c2"/>
      </symbol>
      <symbol id="sm-19c4">
         <name>__Fapi_checkRegionForValue</name>
         <value>0x95bd</value>
         <object_component_ref idref="oc-2c9"/>
      </symbol>
      <symbol id="sm-19c5">
         <name>_Fapi_flushPipeline</name>
         <value>0x969d</value>
         <object_component_ref idref="oc-2c7"/>
      </symbol>
      <symbol id="sm-19c6">
         <name>__Fapi_loopRegionForValue</name>
         <value>0x9414</value>
         <object_component_ref idref="oc-2c8"/>
      </symbol>
      <symbol id="sm-19ee">
         <name>__Fapi_issueFsmCommand</name>
         <value>0x95ef</value>
         <object_component_ref idref="oc-2c5"/>
      </symbol>
      <symbol id="sm-19ef">
         <name>_Fapi_setupEepromSectorEnable</name>
         <value>0x94f5</value>
         <object_component_ref idref="oc-2cd"/>
      </symbol>
      <symbol id="sm-19f0">
         <name>_Fapi_setActiveFlashBank</name>
         <value>0x96c3</value>
         <object_component_ref idref="oc-2bb"/>
      </symbol>
      <symbol id="sm-19f1">
         <name>__Fapi_setupSectorsForWrite</name>
         <value>0x9674</value>
         <object_component_ref idref="oc-2c6"/>
      </symbol>
      <symbol id="sm-19f2">
         <name>_Fapi_setupBankSectorEnable</name>
         <value>0x96e9</value>
         <object_component_ref idref="oc-2ce"/>
      </symbol>
      <symbol id="sm-19f3">
         <name>_Fapi_getFsmStatus</name>
         <value>0x978b</value>
         <object_component_ref idref="oc-2c1"/>
      </symbol>
      <symbol id="sm-1a02">
         <name>_Fapi_issueAsyncCommandWithAddress</name>
         <value>0x970e</value>
         <object_component_ref idref="oc-2bd"/>
      </symbol>
      <symbol id="sm-1a2b">
         <name>_Fapi_issueProgrammingCommand</name>
         <value>0x9276</value>
         <object_component_ref idref="oc-2c0"/>
      </symbol>
      <symbol id="sm-1a4b">
         <name>_Fapi_calculateFletcherChecksum</name>
         <value>0x961e</value>
         <object_component_ref idref="oc-2d2"/>
      </symbol>
      <symbol id="sm-1a4c">
         <name>__Fapi_calculateOtpChecksum</name>
         <value>0x9780</value>
         <object_component_ref idref="oc-2cb"/>
      </symbol>
      <symbol id="sm-1a4d">
         <name>_Fapi_waitDelay</name>
         <value>0x974c</value>
         <object_component_ref idref="oc-2cf"/>
      </symbol>
      <symbol id="sm-1a4e">
         <name>__Fapi_divideUnsignedLong</name>
         <value>0x964a</value>
         <object_component_ref idref="oc-2ca"/>
      </symbol>
      <symbol id="sm-1a4f">
         <name>__Fapi_scaleCycleValues</name>
         <value>0x9766</value>
         <object_component_ref idref="oc-2cc"/>
      </symbol>
      <symbol id="sm-1a6a">
         <name>_c_int00</name>
         <value>0x8814c</value>
         <object_component_ref idref="oc-25b"/>
      </symbol>
      <symbol id="sm-1a6b">
         <name>__stack</name>
         <value>0x400</value>
         <object_component_ref idref="oc-25c"/>
      </symbol>
      <symbol id="sm-1a7a">
         <name>__args_main</name>
         <value>0x882c1</value>
         <object_component_ref idref="oc-28c"/>
      </symbol>
      <symbol id="sm-1a88">
         <name>__system_post_cinit</name>
         <value>0x882f5</value>
         <object_component_ref idref="oc-28b"/>
      </symbol>
      <symbol id="sm-1a95">
         <name>__system_pre_init</name>
         <value>0x882f3</value>
         <object_component_ref idref="oc-289"/>
      </symbol>
      <symbol id="sm-1aa5">
         <name>_copy_in</name>
         <value>0x88262</value>
         <object_component_ref idref="oc-28a"/>
      </symbol>
      <symbol id="sm-1aba">
         <name>C$$EXIT</name>
         <value>0x881ee</value>
         <object_component_ref idref="oc-28d"/>
      </symbol>
      <symbol id="sm-1abb">
         <name>_exit</name>
         <value>0x881f0</value>
         <object_component_ref idref="oc-28d"/>
      </symbol>
      <symbol id="sm-1abd">
         <name>___TI_cleanup_ptr</name>
         <value>0xce3c</value>
         <object_component_ref idref="oc-278"/>
      </symbol>
      <symbol id="sm-1abe">
         <name>___TI_enable_exit_profile_output</name>
         <value>0xce3a</value>
         <object_component_ref idref="oc-278"/>
      </symbol>
      <symbol id="sm-1abf">
         <name>_abort</name>
         <value>0x881ee</value>
         <object_component_ref idref="oc-28d"/>
      </symbol>
      <symbol id="sm-1ac1">
         <name>___TI_dtors_ptr</name>
         <value>0xce3e</value>
         <object_component_ref idref="oc-278"/>
      </symbol>
      <symbol id="sm-1ad5">
         <name>__unlock</name>
         <value>0xd242</value>
         <object_component_ref idref="oc-2b7"/>
      </symbol>
      <symbol id="sm-1ad6">
         <name>__lock</name>
         <value>0xd240</value>
         <object_component_ref idref="oc-291"/>
      </symbol>
      <symbol id="sm-1ad7">
         <name>__register_lock</name>
         <value>0x882e6</value>
         <object_component_ref idref="oc-2a5"/>
      </symbol>
      <symbol id="sm-1ad9">
         <name>__nop</name>
         <value>0x882ea</value>
         <object_component_ref idref="oc-2a5"/>
      </symbol>
      <symbol id="sm-1adb">
         <name>__register_unlock</name>
         <value>0x882e2</value>
         <object_component_ref idref="oc-2a5"/>
      </symbol>
      <symbol id="sm-1aed">
         <name>_memcpy</name>
         <value>0x882a4</value>
         <object_component_ref idref="oc-28f"/>
      </symbol>
   </symbol_table>
   <title>Link successful</title>
</link_info>
