******************************************************************************
             TMS320C2000 Linker PC v22.6.0                     
******************************************************************************
>> Linked Sun Jul 23 07:11:18 2023

OUTPUT FILE NAME:   <servo_drive_with_can_f28003x.out>
ENTRY POINT SYMBOL: "code_start"  address: 00080000


MEMORY CONFIGURATION

         name            origin    length      used     unused   attr    fill
----------------------  --------  ---------  --------  --------  ----  --------
  BOOT_RSVD             00000002   00000126  00000000  00000126  RWIX
  RAMM0                 00000128   000002d8  00000000  000002d8  RWIX
  RAMM1                 00000400   000003f8  00000100  000002f8  RWIX
  ADCARESULT            00000b00   00000018  00000000  00000018  RWIX
  ADCBRESULT            00000b20   00000018  00000000  00000018  RWIX
  ADCCRESULT            00000b40   00000018  00000000  00000018  RWIX
  CPUTIMER0             00000c00   00000008  00000000  00000008  RWIX
  CPUTIMER1             00000c08   00000008  00000000  00000008  RWIX
  CPUTIMER2             00000c10   00000008  00000000  00000008  RWIX
  PIECTRL               00000ce0   0000001a  00000000  0000001a  RWIX
  PIEVECTTABLE          00000d00   00000200  00000000  00000200  RWIX
  DMA                   00001000   00000200  00000000  00000200  RWIX
  CLA1                  00001400   00000080  00000000  00000080  RWIX
  CLA1_MSGRAMLOW        00001480   00000080  00000018  00000068  RWIX
  CLA1_MSGRAMHIGH       00001500   00000080  00000026  0000005a  RWIX
  CLB1LOGICCFG          00003000   00000052  00000000  00000052  RWIX
  CLB1LOGICCTRL         00003100   00000040  00000000  00000040  RWIX
  CLB1DATAEXCH          00003180   00000080  00000000  00000080  RWIX
  CLB2LOGICCFG          00003400   00000052  00000000  00000052  RWIX
  CLB2LOGICCTRL         00003500   00000040  00000000  00000040  RWIX
  CLB2DATAEXCH          00003580   00000080  00000000  00000080  RWIX
  CLB3LOGICCFG          00003800   00000052  00000000  00000052  RWIX
  CLB3LOGICCTRL         00003900   00000040  00000000  00000040  RWIX
  CLB3DATAEXCH          00003980   00000080  00000000  00000080  RWIX
  CLB4LOGICCFG          00003c00   00000052  00000000  00000052  RWIX
  CLB4LOGICCTRL         00003d00   00000040  00000000  00000040  RWIX
  CLB4DATAEXCH          00003d80   00000080  00000000  00000080  RWIX
  EPWM1                 00004000   00000100  00000000  00000100  RWIX
  EPWM2                 00004100   00000100  00000000  00000100  RWIX
  EPWM3                 00004200   00000100  00000000  00000100  RWIX
  EPWM4                 00004300   00000100  00000000  00000100  RWIX
  EPWM5                 00004400   00000100  00000000  00000100  RWIX
  EPWM6                 00004500   00000100  00000000  00000100  RWIX
  EPWM7                 00004600   00000100  00000000  00000100  RWIX
  EPWM8                 00004700   00000100  00000000  00000100  RWIX
  EQEP1                 00005100   00000040  00000000  00000040  RWIX
  EQEP2                 00005140   00000040  00000000  00000040  RWIX
  ECAP1                 00005200   00000020  00000000  00000020  RWIX
  ECAP2                 00005240   00000020  00000000  00000020  RWIX
  ECAP3                 00005280   00000020  00000000  00000020  RWIX
  HRCAP3                000052a0   00000020  00000000  00000020  RWIX
  DACA                  00005c00   00000008  00000000  00000008  RWIX
  DACB                  00005c10   00000008  00000000  00000008  RWIX
  CMPSS1                00005c80   00000020  00000000  00000020  RWIX
  CMPSS2                00005ca0   00000020  00000000  00000020  RWIX
  CMPSS3                00005cc0   00000020  00000000  00000020  RWIX
  CMPSS4                00005ce0   00000020  00000000  00000020  RWIX
  SDFM1                 00005e00   00000080  00000000  00000080  RWIX
  SDFM2                 00005e80   00000080  00000000  00000080  RWIX
  SPIA                  00006100   00000010  00000000  00000010  RWIX
  SPIB                  00006110   00000010  00000000  00000010  RWIX
  BGCRCCPU              00006340   00000040  00000000  00000040  RWIX
  BGCRCCLA1             00006380   00000040  00000000  00000040  RWIX
  PMBUSA                00006400   00000020  00000000  00000020  RWIX
  HIC                   00006500   00000080  00000000  00000080  RWIX
  FSITXA                00006600   00000050  00000000  00000050  RWIX
  FSIRXA                00006680   00000050  00000000  00000050  RWIX
  LINA                  00006a00   000000ec  00000000  000000ec  RWIX
  LINB                  00006b00   000000ec  00000000  000000ec  RWIX
  WD                    00007000   0000002c  00000000  0000002c  RWIX
  NMIINTRUPT            00007060   00000010  00000000  00000010  RWIX
  XINT                  00007070   0000000c  00000000  0000000c  RWIX
  SCIA                  00007200   00000010  00000000  00000010  RWIX
  SCIB                  00007210   00000010  00000000  00000010  RWIX
  I2CA                  00007300   00000022  00000000  00000022  RWIX
  I2CB                  00007340   00000022  00000000  00000022  RWIX
  ADCA                  00007400   00000080  00000000  00000080  RWIX
  ADCB                  00007480   00000080  00000000  00000080  RWIX
  ADCC                  00007500   00000080  00000000  00000080  RWIX
  INPUTXBAR             00007900   00000020  00000000  00000020  RWIX
  XBAR                  00007920   00000020  00000000  00000020  RWIX
  SYNCSOC               00007940   00000006  00000000  00000006  RWIX
  CLBINPUTXBAR          00007960   00000020  00000000  00000020  RWIX
  DMACLASRCSEL          00007980   0000001a  00000000  0000001a  RWIX
  EPWMXBAR              00007a00   00000040  00000000  00000040  RWIX
  CLBXBAR               00007a40   00000040  00000000  00000040  RWIX
  OUTPUTXBAR            00007a80   00000040  00000000  00000040  RWIX
  CLBOUTPUTXBAR         00007bc0   00000040  00000000  00000040  RWIX
  GPIOCTRL              00007c00   00000200  00000000  00000200  RWIX
  GPIODATA              00007f00   00000040  00000000  00000040  RWIX
  GPIODATAREAD          00007f80   00000010  00000000  00000010  RWIX
  LFU                   00007fe0   00000020  00000000  00000020  RWIX
  RAMCLAPROG            00008000   00001000  00000866  0000079a  RWIX
  RAMCLADATA            00009000   00000800  00000164  0000069c  RWIX
  RAMLSNonCla           00009800   00002800  00000a28  00001dd8  RWIX
  RAMGS0to3             0000c000   00003ff8  00002084  00001f74  RWIX
  CANA                  00048000   00000200  00000000  00000200  RWIX
  MCANSS                0005c400   00000016  00000000  00000016  RWIX
  MCAN                  0005c600   00000080  00000000  00000080  RWIX
  MCANERROR             0005c800   00000108  00000000  00000108  RWIX
  DEVCFG                0005d000   000001b0  00000000  000001b0  RWIX
  CLKCFG                0005d200   00000100  00000000  00000100  RWIX
  CPUSYS                0005d300   000000a0  00000000  000000a0  RWIX
  SYSSTATUS             0005d400   00000040  00000000  00000040  RWIX
  PERIPHAC              0005d500   00000200  00000000  00000200  RWIX
  ANALOGSUBSYS          0005d700   00000122  00000000  00000122  RWIX
  DCC0                  0005e700   00000038  00000000  00000038  RWIX
  DCC1                  0005e740   00000038  00000000  00000038  RWIX
  ERADGLOBAL            0005e800   00000014  00000000  00000014  RWIX
  ERADHWBP1             0005e900   00000008  00000000  00000008  RWIX
  ERADHWBP2             0005e908   00000008  00000000  00000008  RWIX
  ERADHWBP3             0005e910   00000008  00000000  00000008  RWIX
  ERADHWBP4             0005e918   00000008  00000000  00000008  RWIX
  ERADHWBP5             0005e920   00000008  00000000  00000008  RWIX
  ERADHWBP6             0005e928   00000008  00000000  00000008  RWIX
  ERADHWBP7             0005e930   00000008  00000000  00000008  RWIX
  ERADHWBP8             0005e938   00000008  00000000  00000008  RWIX
  ERADCOUNTER1          0005e980   00000010  00000000  00000010  RWIX
  ERADCOUNTER2          0005e990   00000010  00000000  00000010  RWIX
  ERADCOUNTER3          0005e9a0   00000010  00000000  00000010  RWIX
  ERADCOUNTER4          0005e9b0   00000010  00000000  00000010  RWIX
  ERADCRCGLOBAL         0005ea00   00000010  00000000  00000010  RWIX
  ERADCRC1              0005ea10   00000010  00000000  00000010  RWIX
  ERADCRC2              0005ea20   00000010  00000000  00000010  RWIX
  ERADCRC3              0005ea30   00000010  00000000  00000010  RWIX
  ERADCRC4              0005ea40   00000010  00000000  00000010  RWIX
  ERADCRC5              0005ea50   00000010  00000000  00000010  RWIX
  ERADCRC6              0005ea60   00000010  00000000  00000010  RWIX
  ERADCRC7              0005ea70   00000010  00000000  00000010  RWIX
  ERADCRC8              0005ea80   00000010  00000000  00000010  RWIX
  EPG1                  0005ec00   00000050  00000000  00000050  RWIX
  EPG1MUX               0005ecd0   00000010  00000000  00000010  RWIX
  DCSMZ1                0005f000   0000003e  00000000  0000003e  RWIX
  DCSMZ2                0005f080   0000003e  00000000  0000003e  RWIX
  DCSMCOMMON            0005f0c0   00000020  00000000  00000020  RWIX
  MEMCFG                0005f400   000000c0  00000000  000000c0  RWIX
  ACCESSPROTECTION      0005f500   00000040  00000000  00000040  RWIX
  MEMORYERROR           0005f540   00000040  00000000  00000040  RWIX
  TESTERROR             0005f590   00000010  00000000  00000010  RWIX
  FLASH0CTRL            0005f800   00000182  00000000  00000182  RWIX
  FLASH0ECC             0005fb00   00000028  00000000  00000028  RWIX
  DCSMZ1OTP             00078000   00000020  00000000  00000020  RWIX
  DCSMZ2OTP             00078200   00000020  00000000  00000020  RWIX
  BEGIN                 00080000   00000002  00000002  00000000  RWIX
  FLASH_BANK0_SEC0      00080002   00000ffe  00000000  00000ffe  RWIX
  FLASH_BANK0_SEC1      00081000   00001000  00000659  000009a7  RWIX
  FLASH_BANK0_SEC2      00082000   00001000  00000060  00000fa0  RWIX
  FLASH_BANK0_SEC3      00083000   00001000  00000866  0000079a  RWIX
  FLASH_BANK0_SEC4to14  00084000   0000b000  0000528e  00005d72  RWIX
  FLASH_BANK0_SEC15     0008f000   00001000  00000000  00001000  RWIX
  FLASH_BANK1_SEC0      00090000   00001000  00000000  00001000  RWIX
  FLASH_BANK1_SEC1      00091000   00001000  00000000  00001000  RWIX
  FLASH_BANK1_SEC2      00092000   00001000  00000000  00001000  RWIX
  FLASH_BANK1_SEC3      00093000   00001000  00000000  00001000  RWIX
  FLASH_BANK1_SEC4      00094000   00001000  00000000  00001000  RWIX
  FLASH_BANK1_SEC5      00095000   00001000  00000000  00001000  RWIX
  FLASH_BANK1_SEC6      00096000   00001000  00000000  00001000  RWIX
  FLASH_BANK1_SEC7      00097000   00001000  00000000  00001000  RWIX
  FLASH_BANK1_SEC8      00098000   00001000  00000000  00001000  RWIX
  FLASH_BANK1_SEC9      00099000   00001000  00000000  00001000  RWIX
  FLASH_BANK1_SEC10     0009a000   00001000  00000000  00001000  RWIX
  FLASH_BANK1_SEC11     0009b000   00001000  00000000  00001000  RWIX
  FLASH_BANK1_SEC12     0009c000   00001000  00000000  00001000  RWIX
  FLASH_BANK1_SEC13     0009d000   00001000  00000000  00001000  RWIX
  FLASH_BANK1_SEC14     0009e000   00001000  00000000  00001000  RWIX
  FLASH_BANK1_SEC15     0009f000   00001000  00000000  00001000  RWIX
  FLASH_BANK2_SEC0      000a0000   00001000  00000000  00001000  RWIX
  FLASH_BANK2_SEC1      000a1000   00001000  00000000  00001000  RWIX
  FLASH_BANK2_SEC2      000a2000   00001000  00000000  00001000  RWIX
  FLASH_BANK2_SEC3      000a3000   00001000  00000000  00001000  RWIX
  FLASH_BANK2_SEC4      000a4000   00001000  00000000  00001000  RWIX
  FLASH_BANK2_SEC5      000a5000   00001000  00000000  00001000  RWIX
  FLASH_BANK2_SEC6      000a6000   00001000  00000000  00001000  RWIX
  FLASH_BANK2_SEC7      000a7000   00001000  00000000  00001000  RWIX
  FLASH_BANK2_SEC8      000a8000   00001000  00000000  00001000  RWIX
  FLASH_BANK2_SEC9      000a9000   00001000  00000000  00001000  RWIX
  FLASH_BANK2_SEC10     000aa000   00001000  00000000  00001000  RWIX
  FLASH_BANK2_SEC11     000ab000   00001000  00000000  00001000  RWIX
  FLASH_BANK2_SEC12     000ac000   00001000  00000000  00001000  RWIX
  FLASH_BANK2_SEC13     000ad000   00001000  00000000  00001000  RWIX
  FLASH_BANK2_SEC14     000ae000   00001000  00000000  00001000  RWIX
  FLASH_BANK2_SEC15     000af000   00000ff0  00000000  00000ff0  RWIX
  SECURE_ROM            003f2000   00006000  00000000  00006000  RWIX
  BOOTROM               003f8000   00007fc0  00000000  00007fc0  RWIX
  RESET                 003fffc0   00000002  00000000  00000002  RWIX


SECTION ALLOCATION MAP

 output                                  attributes/
section   page    origin      length       input sections
--------  ----  ----------  ----------   ----------------
codestart 
*          0    00080000    00000002     
                  00080000    00000002     f28003x_codestartbranch.obj (codestart)

.switch    0    00081600    0000001e     
                  00081600    0000001e     ObjectDict.obj (.switch:SetMiscTest)

.cinit     0    00081620    00000044     
                  00081620    00000009     (.cinit..data.load) [load image, compression = lzss]
                  00081629    00000001     --HOLE-- [fill = 0]
                  0008162a    00000006     (__TI_handler_table)
                  00081630    00000004     (.cinit..bss.load) [load image, compression = zero_init]
                  00081634    00000004     (.cinit..scratchpad.load) [load image, compression = zero_init]
                  00081638    00000004     (.cinit.Cla1ToCpuMsgRAM.load) [load image, compression = zero_init]
                  0008163c    00000004     (.cinit.CpuToCla1MsgRAM.load) [load image, compression = zero_init]
                  00081640    00000004     (.cinit.cla_shared.load) [load image, compression = zero_init]
                  00081644    00000004     (.cinit.ramgs0to3.load) [load image, compression = zero_init]
                  00081648    0000001c     (__TI_cinit_table)

.text      0    00084000    0000528e     
                  00084000    0000037f     AdcIsr.obj (.text:AdcIsr)
                  0008437f    0000037b     FAPI_F28003x_EABI_v1.58.01.lib : FlashStateMachine.obj (.text:Fapi_setupFlashStateMachine)
                  000846fa    000002d8     TrapezeProfiler.obj (.text:AdvanceProfiler)
                  000849d2    00000268     FAPI_F28003x_EABI_v1.58.01.lib : Program.obj (.text:Fapi_issueProgrammingCommand)
                  00084c3a    000001d6     Recorder.obj (.text:GetRecorder)
                  00084e10    000001ae     Controller.obj (.text:MotorOnSeq)
                  00084fbe    00000193     PTDriver.obj (.text:PVNewMessageExec)
                  00085151    00000178     ObjectDict.obj (.text:SetCalibCmd)
                  000852c9    00000166     CanSlave.obj (.text:CanSlave)
                  0008542f    00000166     Controller.obj (.text:GetSpeedCmdForPerr)
                  00085595    0000015d     Recorder.obj (.text:SetRecorder)
                  000856f2    0000014c     ObjectDict.obj (.text:SetMiscTest)
                  0008583e    0000014b     BuiltInTest.obj (.text:IdleCbit)
                  00085989    00000147     LowLevel.obj (.text:setupGpio)
                  00085ad0    0000012e     PTDriver.obj (.text:PVTRunTimeDriver)
                  00085bfe    0000012c     Testing.obj (.text:RefGen)
                  00085d2a    0000012b     MainApp.obj (.text:InitAppData)
                  00085e55    00000129     PrjMCAN.obj (.text:RtCanService)
                  00085f7e    0000011f     Adc.obj (.text:SetupADCs)
                  0008609d    0000011b     Commutation.obj (.text:GetCommAnglePu)
                  000861b8    0000011b     MainApp.obj (.text:InitControlParams)
                  000862d3    00000117     Recorder.obj (.text:ActivateProgrammedRecorder)
                  000863ea    00000108     sysctl.obj (.text:SysCtl_setClock)
                  000864f2    000000fd     sysctl.obj (.text:SysCtl_isPLLValid)
                  000865ef    000000e5     Controller.obj (.text:MotorOffSeq)
                  000866d4    000000c2     IdleLoop.obj (.text:IdleLoop)
                  00086796    000000b9     PrjMCAN.obj (.text:EstimateMessageTiming)
                  0008684f    000000b0     ObjectDict.obj (.text:SetMotionPar)
                  000868ff    000000ad     AdcIsr.obj (.text:Timer0Interrupt)
                  000869ac    000000a7     CanSlave.obj (.text:AddSdo2Buf)
                  00086a53    00000094     dma.obj (.text:DMA_configMode)
                  00086ae7    00000092     Commutation.obj (.text:GetHallComm)
                  00086b79    00000089     LowLevel.obj (.text:SetupPeripheralClks)
                  00086c02    00000080     FAPI_F28003x_EABI_v1.58.01.lib : Async.obj (.text:Fapi_issueAsyncCommandWithAddress)
                  00086c82    0000007c                                    : BlankCheck.obj (.text:Fapi_doBlankCheck)
                  00086cfe    0000007b     ObjectDict.obj (.text:GetMotionPar)
                  00086d79    0000007a     FAPI_F28003x_EABI_v1.58.01.lib : Read.obj (.text:Fapi_checkRegionForValue)
                  00086df3    0000007a                                    : Read.obj (.text:Fapi_loopRegionForValue)
                  00086e6d    00000077     PwmDrive.obj (.text:SetupPwmPacer)
                  00086ee4    00000076     CanSlave.obj (.text:SlaveSdoUploadSegmented)
                  00086f5a    00000076     LinDrv.obj (.text:setupDMA)
                  00086fd0    00000074     BuiltInTest.obj (.text:LogException)
                  00087044    00000073     Controller.obj (.text:GetCurrentCmdForSpeedErr)
                  000870b7    0000006d     LowLevel.obj (.text:InitPeripherals)
                  00087124    0000006b     LowLevel.obj (.text:EPWM_setADCTriggerSource)
                  0008718f    00000069     PrjMCAN.obj (.text:SetMsg2HW)
                  000871f8    00000068     lin.obj (.text:LIN_initModule)
                  00087260    00000068     PwmDrive.obj (.text:SetupPWM)
                  000872c8    00000066     PwmDrive.obj (.text:setupPwmParams)
                  0008732e    00000063     MainApp.obj (.text:DealCalibration)
                  00087391    00000063     ObjectDict.obj (.text:SetConfigPar)
                  000873f4    00000063     Recorder.obj (.text:SetSignal)
                  00087457    00000063     LowLevel.obj (.text:SetupIsr)
                  000874ba    00000061     FAPI_F28003x_EABI_v1.58.01.lib : Utilities.obj (.text:Fapi_configureFMAC)
                  0008751b    00000061     Controller.obj (.text:SetMotorOn)
                  0008757c    0000005f     LinDrv.obj (.text:UartService)
                  000875db    0000005e     PwmDrive.obj (.text:setupSync)
                  00087639    00000058     ObjectDict.obj (.text:SetOperationMode)
                  00087691    00000057     ObjectDict.obj (.text:GetMiscTest)
                  000876e8    00000056     FAPI_F28003x_EABI_v1.58.01.lib : FlashStateMachine.obj (.text:Fapi_issueFsmCommand)
                  0008773e    00000053     TrapezeProfiler.obj (.text:ResetProfiler)
                  00087791    00000052     Recorder.obj (.text:GetSignal)
                  000877e3    00000052     MainApp.obj (.text:ReadCalibFromFlash)
                  00087835    00000052     LowLevel.obj (.text:SetupTimers)
                  00087887    00000051     Recorder.obj (.text:RtRecorder)
                  000878d8    00000048     gpio.obj (.text:GPIO_setPadConfig)
                  00087920    00000047     ObjectDict.obj (.text:SetFloatPar)
                  00087967    00000045     CanSlave.obj (.text:PutCanSlaveQueue)
                  000879ac    00000044     AdcIsr.obj (.text:LogI2t)
                  000879f0    00000044     Controller.obj (.text:SetReferenceMode)
                  00087a34    00000043     LowLevel.obj (.text:initCLAMemory)
                  00087a77    00000042     Adc.obj (.text:SingleCmpss)
                  00087ab9    00000041     TrapezeProfiler.obj (.text:ProgramProfiler)
                  00087afa    0000003e     BuiltInTest.obj (.text:ADC_getTemperatureC)
                  00087b38    0000003d     Recorder.obj (.text:InitRecorder)
                  00087b75    0000003d     interrupt.obj (.text:Interrupt_initModule)
                  00087bb2    0000003b     FAPI_F28003x_EABI_v1.58.01.lib : Utilities.obj (.text:Fapi_isAddressValid)
                  00087bed    0000003a                                    : Utilities.obj (.text:Fapi_calculateEcc)
                  00087c27    0000003a     Controller.obj (.text:SetLoopClosureMode)
                  00087c61    0000003a     MainApp.obj (.text:SetSystemMode)
                  00087c9b    00000037     FAPI_F28003x_EABI_v1.58.01.lib : FlashStateMachine.obj (.text:Fapi_setActiveFlashBank)
                  00087cd2    00000037     gpio.obj (.text:GPIO_setPinConfig)
                  00087d09    00000037     interrupt.obj (.text:Interrupt_enable)
                  00087d40    00000036     ObjectDict.obj (.text:GetCalibCmd)
                  00087d76    00000036     PTDriver.obj (.text:StayInPlaceDriver)
                  00087dac    00000035     SpeedProfiler.obj (.text:StopProfiler)
                  00087de1    00000034     ObjectDict.obj (.text:GetParIndex)
                  00087e15    00000032     FAPI_F28003x_EABI_v1.58.01.lib : Init.obj (.text:Fapi_initializeAPI)
                  00087e47    00000032     sysctl.obj (.text:SysCtl_selectOscSource)
                  00087e79    00000031     FAPI_F28003x_EABI_v1.58.01.lib : FlashStateMachine.obj (.text:Fapi_setupBankSectorEnable)
                  00087eaa    00000031     ObjectDict.obj (.text:GetConfigPar)
                  00087edb    00000031     FsiDrv.obj (.text:SetupFSI)
                  00087f0c    00000030     SpeedProfiler.obj (.text:SpeedProfiler)
                  00087f3c    0000002f     sysctl.obj (.text:DCC_setCounterSeeds)
                  00087f6b    0000002e     rts2800_fpu32_eabi.lib : copy_decompress_lzss.c.obj (.text:decompress:lzss)
                  00087f99    0000002d     fsi.obj (.text:FSI_performTxInitialization)
                  00087fc6    0000002d     LinDrv.obj (.text:Put2TxBuf)
                  00087ff3    0000002c     FAPI_F28003x_EABI_v1.58.01.lib : Utilities.obj (.text:Fapi_calculateFletcherChecksum)
                  0008801f    0000002c                                    : Utilities.obj (.text:Fapi_divideUnsignedLong)
                  0008804b    0000002c     gpio.obj (.text:GPIO_setQualificationMode)
                  00088077    0000002b     ObjectDict.obj (.text:GetObjIndex)
                  000880a2    0000002b     ObjectDict.obj (.text:IsInRange)
                  000880cd    0000002b     sysctl.obj (.text:SysCtl_selectXTAL)
                  000880f8    0000002b     rts2800_fpu32_eabi.lib : autoinit.c.obj (.text:__TI_auto_init_nobinit_nopinit)
                  00088123    0000002a                            : l_div28.asm.obj (.text)
                  0008814d    0000002a     LinDrv.obj (.text:setupLin)
                  00088177    00000029     ObjectDict.obj (.text:GetSamplingTime)
                  000881a0    00000029     memcfg.obj (.text:MemCfg_setLSRAMMasterSel)
                  000881c9    00000029     PTDriver.obj (.text:PVResetTraj)
                  000881f2    00000029     CanSlave.obj (.text:SlaveSdoConfirmInitUploadExpedit)
                  0008821b    00000029     rts2800_fpu32_eabi.lib : exit.c.obj (.text)
                  00088244    00000028     adc.obj (.text:ADC_setOffsetTrimAll)
                  0008826c    00000028     ObjectDict.obj (.text:ResetConfigPars)
                  00088294    00000027     LowLevel.obj (.text:EPWM_setADCTriggerEventPrescale)
                  000882bb    00000027     gpio.obj (.text:GPIO_setDirectionMode)
                  000882e2    00000027     ObjectDict.obj (.text:SetControlWord)
                  00088309    00000026     cla.obj (.text:CLA_setTriggerSource)
                  0008832f    00000026     TimerArr.obj (.text:SetSysTimerTargetSec)
                  00088355    00000025     ObjectDict.obj (.text:GetFloatPar)
                  0008837a    00000025     Recorder.obj (.text:GetSignalFlags)
                  0008839f    00000025     PwmDrive.obj (.text:KillMotor)
                  000883c4    00000025     rts2800_fpu32_eabi.lib : fs_toullfpu32.asm.obj (.text)
                  000883e9    00000024     FAPI_F28003x_EABI_v1.58.01.lib : FlashStateMachine.obj (.text:Fapi_isAddressEcc)
                  0008840d    00000024     LowLevel.obj (.text:SetClaAllSw)
                  00088431    00000024     Adc.obj (.text:setupCMPSSs)
                  00088455    00000023     cmpss.obj (.text:CMPSS_configFilterHigh)
                  00088478    00000023     cmpss.obj (.text:CMPSS_configFilterLow)
                  0008849b    00000023     LinDrv.obj (.text:InitLinService)
                  000884be    00000023     sysctl.obj (.text:SysCtl_pollX1Counter)
                  000884e1    00000022     CanSlave.obj (.text:AbortSlaveSdo)
                  00088503    00000022     LowLevel.obj (.text:initCLA)
                  00088525    00000021     fsi.obj (.text:FSI_clearRxModuleReset)
                  00088546    00000021     fsi.obj (.text:FSI_clearTxModuleReset)
                  00088567    00000021     TimerArr.obj (.text:IsSysTimerElapse)
                  00088588    00000020     Adc.obj (.text:ADC_setupSOC)
                  000885a8    00000020     FAPI_F28003x_EABI_v1.58.01.lib : Async.obj (.text:Fapi_issueAsyncCommand)
                  000885c8    00000020     TimerArr.obj (.text:InitSystemTimer)
                  000885e8    00000020     Recorder.obj (.text:RecorderDnFloatTrigger)
                  00088608    00000020     Recorder.obj (.text:RecorderEqFloatTrigger)
                  00088628    00000020     Recorder.obj (.text:RecorderUpFloatTrigger)
                  00088648    00000020     CanSlave.obj (.text:SlaveSdoConfirmInitUploadSegmented)
                  00088668    00000020     MainApp.obj (.text:main)
                  00088688    0000001f     CanSlave.obj (.text:SlaveSdoConfirmInitDload)
                  000886a7    0000001f     LinDrv.obj (.text:TransmitTxBuf)
                  000886c6    0000001f     AdcIsr.obj (.text:fSatNanProt)
                  000886e5    0000001e     adc.obj (.text:ADC_setVREF)
                  00088703    0000001e     dma.obj (.text:DMA_configWrap)
                  00088721    0000001e     fsi.obj (.text:FSI_resetRxModule)
                  0008873f    0000001e     fsi.obj (.text:FSI_resetTxModule)
                  0008875d    0000001e     interrupt.obj (.text:Interrupt_initVectorTable)
                  0008877b    0000001e     rts2800_fpu32_eabi.lib : ll_cmp28.asm.obj (.text)
                  00088799    0000001d     FAPI_F28003x_EABI_v1.58.01.lib : Read.obj (.text:Fapi_flushPipeline)
                  000887b6    0000001d     ObjectDict.obj (.text:SetPositionTarget)
                  000887d3    0000001d     ObjectDict.obj (.text:SetValueOnHoming)
                  000887f0    0000001d     rts2800_fpu32_eabi.lib : memcpy.c.obj (.text)
                  0008880d    0000001c     Adc.obj (.text:ADC_setInterruptSource)
                  00088829    0000001c     AsmUtil.obj (.text)
                  00088845    0000001c     AdcIsr.obj (.text:CenterDiffPu)
                  00088861    0000001c     dma.obj (.text:DMA_configAddresses)
                  0008887d    0000001c     FAPI_F28003x_EABI_v1.58.01.lib : FlashStateMachine.obj (.text:Fapi_setupSectorsForWrite)
                  00088899    0000001c     Recorder.obj (.text:RecorderEqSuTrigger)
                  000888b5    0000001b     Recorder.obj (.text:RecorderDnLTrigger)
                  000888d0    0000001b     Recorder.obj (.text:RecorderDnLuTrigger)
                  000888eb    0000001b     Recorder.obj (.text:RecorderDnSTrigger)
                  00088906    0000001b     Recorder.obj (.text:RecorderDnSuTrigger)
                  00088921    0000001b     Recorder.obj (.text:RecorderEqLTrigger)
                  0008893c    0000001b     Recorder.obj (.text:RecorderEqLuTrigger)
                  00088957    0000001b     Recorder.obj (.text:RecorderEqSTrigger)
                  00088972    0000001b     Recorder.obj (.text:RecorderUpLTrigger)
                  0008898d    0000001b     Recorder.obj (.text:RecorderUpLuTrigger)
                  000889a8    0000001b     Recorder.obj (.text:RecorderUpSTrigger)
                  000889c3    0000001b     Recorder.obj (.text:RecorderUpSuTrigger)
                  000889de    0000001a     sysctl.obj (.text:DCC_enableSingleShotMode)
                  000889f8    0000001a     FAPI_F28003x_EABI_v1.58.01.lib : Utilities.obj (.text:Fapi_WriteReadBack)
                  00088a12    0000001a     sysctl.obj (.text:SysCtl_selectXTALSingleEnded)
                  00088a2c    0000001a     TimerArr.obj (.text:UpdateSysTimer)
                  00088a46    00000019     lin.obj (.text:LIN_setFrameLength)
                  00088a5f    00000018     MainApp.obj (.text:CheckAlign)
                  00088a77    00000018     LowLevel.obj (.text:EPWM_setCounterCompareValue)
                  00088a8f    00000018     lin.obj (.text:LIN_setRxMask)
                  00088aa7    00000018     ObjectDict.obj (.text:SetHomingMethod)
                  00088abf    00000018     LowLevel.obj (.text:SysCtl_disablePeripheral)
                  00088ad7    00000018     AdcIsr.obj (.text:__isnanf)
                  00088aef    00000017     lin.obj (.text:LIN_setSyncFields)
                  00088b06    00000017     LowLevel.obj (.text:SysCtl_enablePeripheral)
                  00088b1d    00000017     MainApp.obj (.text:SysCtl_enablePeripheral)
                  00088b34    00000017     sysctl.obj (.text:SysCtl_enablePeripheral)
                  00088b4b    00000017     rts2800_fpu32_eabi.lib : boot28.asm.obj (.text)
                  00088b62    00000016     dma.obj (.text:DMA_configTransfer)
                  00088b78    00000016     LowLevel.obj (.text:MemCfg_setCLAMemType)
                  00088b8e    00000016     AdcIsr.obj (.text:fSign)
                  00088ba4    00000015     LowLevel.obj (.text:EPWM_setInterruptEventCount)
                  00088bb9    00000015     FsiDrv.obj (.text:FSI_setTxECCComputeWidth)
                  00088bce    00000015     lin.obj (.text:LIN_setDebugSuspendMode)
                  00088be3    00000014     sysctl.obj (.text:DCC_setCounter0ClkSource)
                  00088bf7    00000014     sysctl.obj (.text:DCC_setCounter1ClkSource)
                  00088c0b    00000014     PwmDrive.obj (.text:EPWM_setPhaseShift)
                  00088c1f    00000014     fsi.obj (.text:FSI_configPrescalar)
                  00088c33    00000014     PTDriver.obj (.text:InitPVT)
                  00088c47    00000013     fsi.obj (.text:FSI_performRxInitialization)
                  00088c5a    00000013     MainApp.obj (.text:InitTimeOuts)
                  00088c6d    00000013     lin.obj (.text:LIN_setChecksumType)
                  00088c80    00000013     LowLevel.obj (.text:setupEcap)
                  00088c93    00000012     Adc.obj (.text:ADC_setSOCPriority)
                  00088ca5    00000012     dma.obj (.text:DMA_configBurst)
                  00088cb7    00000012     LowLevel.obj (.text:EPWM_enableADCTrigger)
                  00088cc9    00000012     lin.obj (.text:LIN_setMessageFiltering)
                  00088cdb    00000011     FsiDrv.obj (.text:FSI_setRxSoftwareFrameSize)
                  00088cec    00000011     Recorder.obj (.text:GetRecorderStat)
                  00088cfd    00000011     LinDrv.obj (.text:LIN_setBaudRatePrescaler)
                  00088d0e    00000011     lin.obj (.text:LIN_setBaudRatePrescaler)
                  00088d1f    00000010     LowLevel.obj (.text:CPUTimer_startTimer)
                  00088d2f    00000010     lin.obj (.text:LIN_disableSCIMode)
                  00088d3f    00000010     lin.obj (.text:LIN_setTxMask)
                  00088d4f    0000000f     Adc.obj (.text:CMPSS_configLowComparator)
                  00088d5e    0000000f     Adc.obj (.text:CMPSS_configOutputsLow)
                  00088d6d    0000000f     AdcIsr.obj (.text:ExtendCnt)
                  00088d7c    0000000f     FsiDrv.obj (.text:FSI_setTxSoftwareFrameSize)
                  00088d8b    0000000f     FsiDrv.obj (.text:FSI_setTxStartMode)
                  00088d9a    0000000f     FAPI_F28003x_EABI_v1.58.01.lib : Verify.obj (.text:Fapi_doVerify)
                  00088da9    0000000f     LowLevel.obj (.text:Interrupt_register)
                  00088db8    0000000f     lin.obj (.text:LIN_setMaximumBaudRate)
                  00088dc7    0000000f     PTDriver.obj (.text:PVNewMessageDriver)
                  00088dd6    0000000f     LowLevel.obj (.text:SysCtl_setWatchdogPredivider)
                  00088de5    0000000f     AdcIsr.obj (.text:fSat)
                  00088df4    0000000e     LowLevel.obj (.text:EPWM_clearADCTriggerFlag)
                  00088e02    0000000e     FAPI_F28003x_EABI_v1.58.01.lib : FlashStateMachine.obj (.text:Fapi_checkFsmForReady)
                  00088e10    0000000e     interrupt.obj (.text:Interrupt_defaultHandler)
                  00088e1e    0000000e     lin.obj (.text:LIN_disableModule)
                  00088e2c    0000000e     lin.obj (.text:LIN_enableModule)
                  00088e3a    0000000e     AdcIsr.obj (.text:pu2Short)
                  00088e48    0000000d     LowLevel.obj (.text:CPUTimer_setPreScaler)
                  00088e55    0000000d     fsi.obj (.text:FSI_clearRxEvents)
                  00088e62    0000000d     fsi.obj (.text:FSI_clearTxEvents)
                  00088e6f    0000000d     FAPI_F28003x_EABI_v1.58.01.lib : Utilities.obj (.text:Fapi_calculateOtpChecksum)
                  00088e7c    0000000d     FlashDrv.obj (.text:Flash_getHighErrorStatus)
                  00088e89    0000000d     interrupt.obj (.text:Interrupt_disableMaster)
                  00088e96    0000000d     interrupt.obj (.text:Interrupt_enableMaster)
                  00088ea3    0000000d     Controller.obj (.text:ResetSpeedController)
                  00088eb0    0000000d     LowLevel.obj (.text:SysCtl_setLowSpeedClock)
                  00088ebd    0000000c     Adc.obj (.text:ADC_setInterruptPulseMode)
                  00088ec9    0000000c     Adc.obj (.text:ADC_setPrescaler)
                  00088ed5    0000000c     LowLevel.obj (.text:CLA_enableTasks)
                  00088ee1    0000000c     ObjectDict.obj (.text:CLA_enableTasks)
                  00088eed    0000000c     LowLevel.obj (.text:CLA_forceTasks)
                  00088ef9    0000000c     LowLevel.obj (.text:CLA_mapTaskVector)
                  00088f05    0000000c     Adc.obj (.text:CMPSS_configDAC)
                  00088f11    0000000c     Adc.obj (.text:CMPSS_configHighComparator)
                  00088f1d    0000000c     Adc.obj (.text:CMPSS_configOutputsHigh)
                  00088f29    0000000c     sysctl.obj (.text:DCC_disableDoneSignal)
                  00088f35    0000000c     fsi.obj (.text:FSI_delayWait)
                  00088f41    0000000c     FsiDrv.obj (.text:FSI_disableRxInternalLoopback)
                  00088f4d    0000000c     FsiDrv.obj (.text:FSI_setRxDataWidth)
                  00088f59    0000000c     FsiDrv.obj (.text:FSI_setTxDataWidth)
                  00088f65    0000000c     Recorder.obj (.text:FlagRecorderTrigger)
                  00088f71    0000000c     FlashDrv.obj (.text:Flash_getLowErrorStatus)
                  00088f7d    0000000c     lin.obj (.text:LIN_setLINMode)
                  00088f89    0000000c     sysctl.obj (.text:SysCtl_setPLLSysClk)
                  00088f95    0000000c     PwmDrive.obj (.text:XBAR_setInputPin)
                  00088fa1    0000000c     rts2800_fpu32_eabi.lib : args_main.c.obj (.text)
                  00088fad    0000000b     Adc.obj (.text:CMPSS_clearFilterLatchHigh)
                  00088fb8    0000000b     Adc.obj (.text:CMPSS_clearFilterLatchLow)
                  00088fc3    0000000b     Adc.obj (.text:CMPSS_initFilterHigh)
                  00088fce    0000000b     Adc.obj (.text:CMPSS_initFilterLow)
                  00088fd9    0000000b     LowLevel.obj (.text:CPUTimer_stopTimer)
                  00088fe4    0000000b     sysctl.obj (.text:DCC_clearDoneFlag)
                  00088fef    0000000b     sysctl.obj (.text:DCC_clearErrorFlag)
                  00088ffa    0000000b     sysctl.obj (.text:DCC_disableErrorSignal)
                  00089005    0000000b     sysctl.obj (.text:DCC_disableModule)
                  00089010    0000000b     sysctl.obj (.text:DCC_enableModule)
                  0008901b    0000000b     fsi.obj (.text:FSI_enableTxClock)
                  00089026    0000000b     fsi.obj (.text:FSI_selectTxPLLClock)
                  00089031    0000000b     FAPI_F28003x_EABI_v1.58.01.lib : Utilities.obj (.text:Fapi_scaleCycleValues)
                  0008903c    0000000b     ObjectDict.obj (.text:GetManufacturerSpecificCode)
                  00089047    0000000b     lin.obj (.text:LIN_disableAutomaticBaudrate)
                  00089052    0000000b     lin.obj (.text:LIN_disableExtLoopback)
                  0008905d    0000000b     lin.obj (.text:LIN_disableIntLoopback)
                  00089068    0000000b     lin.obj (.text:LIN_enableDataReceiver)
                  00089073    0000000b     lin.obj (.text:LIN_enableDataTransmitter)
                  0008907e    0000000b     sysctl.obj (.text:SysCtl_isMCDClockFailureDetected)
                  00089089    0000000a     Adc.obj (.text:CMPSS_setDACValueLow)
                  00089093    0000000a     Adc.obj (.text:CMPSS_setHysteresis)
                  0008909d    0000000a     cputimer.obj (.text:CPUTimer_setEmulationMode)
                  000890a7    0000000a     LinDrv.obj (.text:DMA_initController)
                  000890b1    0000000a     PwmDrive.obj (.text:EPWM_setFallingEdgeDelayCount)
                  000890bb    0000000a     PwmDrive.obj (.text:EPWM_setRisingEdgeDelayCount)
                  000890c5    0000000a     PwmDrive.obj (.text:EPWM_setTimeBasePeriod)
                  000890cf    0000000a     FsiDrv.obj (.text:FSI_setTxFrameTag)
                  000890d9    0000000a     FsiDrv.obj (.text:FSI_setTxFrameType)
                  000890e3    0000000a     lin.obj (.text:LIN_setCommMode)
                  000890ed    0000000a     lin.obj (.text:LIN_triggerChecksumCompare)
                  000890f7    0000000a     LowLevel.obj (.text:SysCtl_enableWatchdog)
                  00089101    0000000a     LowLevel.obj (.text:WaitUsec)
                  0008910b    00000009     Adc.obj (.text:ADC_enableConverter)
                  00089114    00000009     Adc.obj (.text:CMPSS_enableModule)
                  0008911d    00000009     LowLevel.obj (.text:CPUTimer_disableInterrupt)
                  00089126    00000009     LowLevel.obj (.text:CPUTimer_resumeTimer)
                  0008912f    00000009     LowLevel.obj (.text:EPWM_clearEventTriggerInterruptFlag)
                  00089138    00000009     PwmDrive.obj (.text:EPWM_disableChopper)
                  00089141    00000009     LowLevel.obj (.text:EPWM_disableInterrupt)
                  0008914a    00000009     lin.obj (.text:LIN_disableInterrupt)
                  00089153    00000009     lin.obj (.text:LIN_enableMultibufferMode)
                  0008915c    00000009     lin.obj (.text:LIN_enableParity)
                  00089165    00000009     LinDrv.obj (.text:LIN_enterSoftwareReset)
                  0008916e    00000009     lin.obj (.text:LIN_enterSoftwareReset)
                  00089177    00000009     LinDrv.obj (.text:LIN_exitSoftwareReset)
                  00089180    00000009     lin.obj (.text:LIN_exitSoftwareReset)
                  00089189    00000009     Controller.obj (.text:SetMotorOff)
                  00089192    00000009     MainApp.obj (.text:SysCtl_serviceWatchdog)
                  0008919b    00000009     AdcIsr.obj (.text:__relaxed_sqrtf)
                  000891a4    00000009     rts2800_fpu32_eabi.lib : _lock.c.obj (.text)
                  000891ad    00000008     Adc.obj (.text:CMPSS_setDACValueHigh)
                  000891b5    00000008     PwmDrive.obj (.text:EPWM_setTimeBaseCounter)
                  000891bd    00000008     MainApp.obj (.text:ProcessIMUTransformation)
                  000891c5    00000008     LowLevel.obj (.text:SysCtl_disableWatchdog)
                  000891cd    00000008     rts2800_fpu32_eabi.lib : copy_decompress_none.c.obj (.text:decompress:none)
                  000891d5    00000008     f28003x_codestartbranch.obj (.text)
                  000891dd    00000007     LowLevel.obj (.text:ASysCtl_enableTemperatureSensor)
                  000891e4    00000007     LowLevel.obj (.text:ASysCtl_lockVREG)
                  000891eb    00000007     LowLevel.obj (.text:CPUTimer_setPeriod)
                  000891f2    00000007     FAPI_F28003x_EABI_v1.58.01.lib : FlashStateMachine.obj (.text:Fapi_getFsmStatus)
                  000891f9    00000007     Commutation.obj (.text:InitHallModule)
                  00089200    00000007     ObjectDict.obj (.text:NoSuchGetObject)
                  00089207    00000007     ObjectDict.obj (.text:NoSuchSetObject)
                  0008920e    00000007     Controller.obj (.text:SwitchMotionProfile)
                  00089215    00000007     sysctl.obj (.text:SysCtl_resetMCD)
                  0008921c    00000007     rts2800_fpu32_eabi.lib : memset.c.obj (.text)
                  00089223    00000006     FlashDrv.obj (.text:Example_Error)
                  00089229    00000006     Recorder.obj (.text:ImmediateRecorderTrigger)
                  0008922f    00000006     FsiDrv.obj (.text:InitFsiService)
                  00089235    00000006     AdcIsr.obj (.text:Interrupt_clearACKGroup)
                  0008923b    00000006     LowLevel.obj (.text:Interrupt_clearACKGroup)
                  00089241    00000006     AdcIsr.obj (.text:RestoreInts)
                  00089247    00000006     ObjectDict.obj (.text:SetHaltOptionCode)
                  0008924d    00000006     ObjectDict.obj (.text:SetPdo1RxParam)
                  00089253    00000006     ObjectDict.obj (.text:SetPdo1TxParam)
                  00089259    00000006     ObjectDict.obj (.text:SetPdo2TxParam)
                  0008925f    00000006     ObjectDict.obj (.text:SetQuickStopOptionCode)
                  00089265    00000006     ObjectDict.obj (.text:SetSyncArrivalTime)
                  0008926b    00000006     rts2800_fpu32_eabi.lib : copy_zero_init.c.obj (.text:decompress:ZI)
                  00089271    00000004     AdcIsr.obj (.text:BlockInts)
                  00089275    00000004     CanSlave.obj (.text:GetOdSize)
                  00089279    00000004     LowLevel.obj (.text:ResetHardwareSysTimer)
                  0008927d    00000004     LowLevel.obj (.text:SysCtl_deviceCal)
                  00089281    00000003     FlashDrv.obj (.text:FMSTAT_Fail)
                  00089284    00000002     Recorder.obj (.text:EmptyRecorderTrigger)
                  00089286    00000002     interrupt.obj (.text:Interrupt_illegalOperationHandler)
                  00089288    00000002     interrupt.obj (.text:Interrupt_nmiHandler)
                  0008928a    00000002     rts2800_fpu32_eabi.lib : pre_init.c.obj (.text)
                  0008928c    00000001     MainApp.obj (.text:InitOverCurrentTholds)
                  0008928d    00000001     rts2800_fpu32_eabi.lib : startup.c.obj (.text)

.reset     0    003fffc0    00000000     DSECT

.stack     0    00000400    00000100     UNINITIALIZED
                  00000400    00000100     --HOLE--

.init_array 
*          0    00081000    00000000     UNINITIALIZED

.bss       0    00009800    0000085a     UNINITIALIZED
                  00009800    00000606     MainApp.obj (.bss)
                  00009e06    00000012     AdcIsr.obj (.bss:StamBuf)
                  00009e18    00000008     CanSlave.obj (.bss)
                  00009e20    00000008     PrjMCAN.obj (.bss)
                  00009e28    00000006     FAPI_F28003x_EABI_v1.58.01.lib : Init.obj (.bss)
                  00009e2e    00000001     AdcIsr.obj (.bss)
                  00009e2f    00000001     ObjectDict.obj (.bss)
                  00009e30    00000010     --HOLE--
                  00009e40    0000011a     Recorder.obj (.bss)
                  00009f5a    00000100     MainApp.obj (.bss:SlaveSdoBuf)

Cla1ToCpuMsgRAM 
*          0    00001480    00000018     UNINITIALIZED
                  00001480    00000018     MainApp.obj (Cla1ToCpuMsgRAM)

CpuToCla1MsgRAM 
*          0    00001500    00000026     UNINITIALIZED
                  00001500    00000026     MainApp.obj (CpuToCla1MsgRAM)

.data      0    0000a224    0000000a     UNINITIALIZED
                  0000a224    00000006     rts2800_fpu32_eabi.lib : exit.c.obj (.data)
                  0000a22a    00000002                            : _lock.c.obj (.data:_lock)
                  0000a22c    00000002                            : _lock.c.obj (.data:_unlock)

ramgs0to3 
*          0    0000c000    00002084     UNINITIALIZED
                  0000c000    00002000     Recorder.obj (ramgs0to3)
                  0000e000    00000084     LinDrv.obj (ramgs0to3)

.const     0    000811c8    00000433     
                  000811c8    000001ae     MainApp.obj (.const:ParTable)
                  00081376    000000cc     MainApp.obj (.const:RecorderSigRaw)
                  00081442    000000a8     MainApp.obj (.const:CalibPtrTable)
                  000814ea    0000008c     MainApp.obj (.const:ConfigTable)
                  00081576    00000078     ObjectDict.obj (.const:ObjDictionaryItem)
                  000815ee    00000008     Commutation.obj (.const:HallTable)
                  000815f6    00000004     MainApp.obj (.const)
                  000815fa    00000001     ObjectDict.obj (.const)

Cla1Prog   0    00083000    00000866     RUN ADDR = 00008000
                  00083000    00000236     CurrentControl.obj (Cla1Prog:Cla1Task1)
                  00083236    000001ec     CurrentControl.obj (Cla1Prog:Cla1Task3)
                  00083422    000001e2     CurrentControl.obj (Cla1Prog:CheckMotorReady)
                  00083604    00000170     CurrentControl.obj (Cla1Prog:Cla1Task2)
                  00083774    000000aa     CurrentControl.obj (Cla1Prog:ClaCheckMotorOn)
                  0008381e    00000030     CurrentControl.obj (Cla1Prog:ProcAnalogSamples)
                  0008384e    00000018     CurrentControl.obj (Cla1Prog:Cla1Task8)

.scratchpad 
*          0    00009150    00000014     UNINITIALIZED
                  00009150    0000000c     CurrentControl.obj (.scratchpad:Cla1Prog:Cla1Task1)
                  00009150    0000000c     CurrentControl.obj (.scratchpad:Cla1Prog:Cla1Task2)
                  00009150    0000000c     CurrentControl.obj (.scratchpad:Cla1Prog:Cla1Task3)
                  0000915c    00000008     CurrentControl.obj (.scratchpad:Cla1Prog:CheckMotorReady)

cla_shared 
*          0    00009000    000000f0     UNINITIALIZED
                  00009000    000000f0     MainApp.obj (cla_shared)

.const_cla 
*          0    00082000    00000060     RUN ADDR = 000090f0
                  00082000    00000060     CurrentControl.obj (.const_cla:SinTable)

.TI.ramfunc 
*          0    00081000    000001c4     RUN ADDR = 0000a060
                  00081000    000000ae     FlashDrv.obj (.TI.ramfunc:ProgramPageAutoECC)
                  000810ae    00000036     FlashDrv.obj (.TI.ramfunc:EraseSector)
                  000810e4    0000002d     flash.obj (.TI.ramfunc:Flash_initModule)
                  00081111    00000022     flash.obj (.TI.ramfunc:Flash_setBankPowerMode)
                  00081133    0000001b     FlashDrv.obj (.TI.ramfunc:PrepFlash4Burn)
                  0008114e    00000013     flash.obj (.TI.ramfunc:Flash_setPumpPowerMode)
                  00081161    00000011     flash.obj (.TI.ramfunc:Flash_setWaitstates)
                  00081172    0000000e     flash.obj (.TI.ramfunc:Flash_disableCache)
                  00081180    0000000e     flash.obj (.TI.ramfunc:Flash_disablePrefetch)
                  0008118e    0000000d     flash.obj (.TI.ramfunc:Flash_enableCache)
                  0008119b    0000000d     flash.obj (.TI.ramfunc:Flash_enablePrefetch)
                  000811a8    0000000c     FlashDrv.obj (.TI.ramfunc:Flash_enableECC)
                  000811b4    0000000c     flash.obj (.TI.ramfunc:Flash_enableECC)
                  000811c0    00000004     sysctl.obj (.TI.ramfunc)

MODULE SUMMARY

       Module                        code    ro data   rw data
       ------                        ----    -------   -------
    .\Application\
       MainApp.obj                   937     946       2100   
       ObjectDict.obj                1905    151       1      
       AdcIsr.obj                    1310    0         19     
       CanSlave.obj                  854     0         8      
       Testing.obj                   300     0         0      
       IdleLoop.obj                  194     0         0      
       TimerArr.obj                  129     0         0      
       AsmUtil.obj                   28      0         0      
    +--+-----------------------------+-------+---------+---------+
       Total:                        5657    1097      2128   
                                                              
    .\Control\
       CurrentControl.obj            4300    192       44     
       Controller.obj                1384    0         0      
       TrapezeProfiler.obj           876     0         0      
       PTDriver.obj                  835     0         0      
       Commutation.obj               436     8         0      
       SpeedProfiler.obj             101     0         0      
    +--+-----------------------------+-------+---------+---------+
       Total:                        7932    200       44     
                                                              
    .\Drivers\
       LowLevel.obj                  1420    0         0      
       Adc.obj                       647     0         0      
       PrjMCAN.obj                   587     0         8      
       FlashDrv.obj                  568     0         0      
       LinDrv.obj                    411     0         132    
       PwmDrive.obj                  535     0         0      
       FsiDrv.obj                    179     0         0      
    +--+-----------------------------+-------+---------+---------+
       Total:                        4347    0         140    
                                                              
    .\SelfTest\
       BuiltInTest.obj               509     0         0      
    +--+-----------------------------+-------+---------+---------+
       Total:                        509     0         0      
                                                              
    .\SharedH\
       Recorder.obj                  1916    0         8474   
    +--+-----------------------------+-------+---------+---------+
       Total:                        1916    0         8474   
                                                              
    .\driverlib\
       sysctl.obj                    912     0         0      
       lin.obj                       458     0         0      
       flash.obj                     362     0         0      
       fsi.obj                       270     0         0      
       dma.obj                       246     0         0      
       gpio.obj                      210     0         0      
       interrupt.obj                 190     0         0      
       adc.obj                       70      0         0      
       cmpss.obj                     70      0         0      
       memcfg.obj                    41      0         0      
       cla.obj                       38      0         0      
       cputimer.obj                  10      0         0      
    +--+-----------------------------+-------+---------+---------+
       Total:                        2877    0         0      
                                                              
    .\f28003x\common\source\
       f28003x_codestartbranch.obj   10      0         0      
    +--+-----------------------------+-------+---------+---------+
       Total:                        10      0         0      
                                                              
    ../Ti/libraries/flash_api/f28003x/lib/FAPI_F28003x_EABI_v1.58.01.lib
       FlashStateMachine.obj         1166    0         0      
       Program.obj                   616     0         0      
       Utilities.obj                 352     0         0      
       Read.obj                      273     0         0      
       Async.obj                     160     0         0      
       BlankCheck.obj                124     0         0      
       Init.obj                      50      0         6      
       Verify.obj                    15      0         0      
    +--+-----------------------------+-------+---------+---------+
       Total:                        2756    0         6      
                                                              
    C:\ti\ccs1210\ccs\tools\compiler\ti-cgt-c2000_22.6.0.LTS\lib\rts2800_fpu32_eabi.lib
       exit.c.obj                    41      0         6      
       copy_decompress_lzss.c.obj    46      0         0      
       autoinit.c.obj                43      0         0      
       l_div28.asm.obj               42      0         0      
       fs_toullfpu32.asm.obj         37      0         0      
       ll_cmp28.asm.obj              30      0         0      
       memcpy.c.obj                  29      0         0      
       boot28.asm.obj                23      0         0      
       _lock.c.obj                   9       0         4      
       args_main.c.obj               12      0         0      
       copy_decompress_none.c.obj    8       0         0      
       memset.c.obj                  7       0         0      
       copy_zero_init.c.obj          6       0         0      
       pre_init.c.obj                2       0         0      
       startup.c.obj                 1       0         0      
    +--+-----------------------------+-------+---------+---------+
       Total:                        336     0         10     
                                                              
       Stack:                        0       0         256    
       Linker Generated:             0       67        0      
    +--+-----------------------------+-------+---------+---------+
       Grand Total:                  26340   1364      11058  


LINKER GENERATED COPY TABLES

__TI_cinit_table @ 00081648 records: 7, size/record: 4, table size: 28
	.data: load addr=00081620, load size=00000009 bytes, run addr=0000a224, run size=0000000a bytes, compression=lzss
	.bss: load addr=00081630, load size=00000004 bytes, run addr=00009800, run size=0000085a bytes, compression=zero_init
	.scratchpad: load addr=00081634, load size=00000004 bytes, run addr=00009150, run size=00000014 bytes, compression=zero_init
	Cla1ToCpuMsgRAM: load addr=00081638, load size=00000004 bytes, run addr=00001480, run size=00000018 bytes, compression=zero_init
	CpuToCla1MsgRAM: load addr=0008163c, load size=00000004 bytes, run addr=00001500, run size=00000026 bytes, compression=zero_init
	cla_shared: load addr=00081640, load size=00000004 bytes, run addr=00009000, run size=000000f0 bytes, compression=zero_init
	ramgs0to3: load addr=00081644, load size=00000004 bytes, run addr=0000c000, run size=00002084 bytes, compression=zero_init


LINKER GENERATED HANDLER TABLE

__TI_handler_table @ 0008162a records: 3, size/record: 2, table size: 6
	index: 0, handler: __TI_zero_init
	index: 1, handler: __TI_decompress_lzss
	index: 2, handler: __TI_decompress_none


GLOBAL DATA SYMBOLS: SORTED BY DATA PAGE

address     data page           name
--------    ----------------    ----
00000400      10 (00000400)     __stack

00001480      52 (00001480)     ClaMailOut

00001500      54 (00001500)     ClaMailIn

00009000     240 (00009000)     ClaSimState

00009040     241 (00009040)     ClaControlPars

00009080     242 (00009080)     ClaState

000090f0     243 (000090c0)     SinTable

00009800     260 (00009800)     CanId
00009801     260 (00009800)     RxPutPtr
00009802     260 (00009800)     TxPutPtr
00009803     260 (00009800)     RxGetPtr
00009804     260 (00009800)     TxGetPtr
00009806     260 (00009800)     MasterBlaster
00009808     260 (00009800)     FlashCalib
0000980a     260 (00009800)     SdoMaxLenLongGlobal
0000980c     260 (00009800)     FsiRxState
00009814     260 (00009800)     HallDecode
0000981c     260 (00009800)     GRefGenPars
00009824     260 (00009800)     TRefGenPars
0000982c     260 (00009800)     Commutation

00009840     261 (00009840)     SlaveSdo
00009852     261 (00009840)     Geom

00009880     262 (00009880)     CanSlaveInQueue

000098c0     263 (000098c0)     CanSlaveOutQueue

00009900     264 (00009900)     ControlPars

00009940     265 (00009940)     Calib

00009980     266 (00009980)     CalibTmp

000099c0     267 (000099c0)     CalibProg

00009a00     268 (00009a00)     SysTimerStr

00009a80     26a (00009a80)     UartSwBuf

00009b40     26d (00009b40)     SysState

00009e06     278 (00009e00)     StamBuf
00009e18     278 (00009e00)     AddSdo2BufMsg
00009e20     278 (00009e00)     TxMsg
00009e28     278 (00009e00)     Fapi_GlobalInit
00009e2f     278 (00009e00)     bcnt

00009e40     279 (00009e40)     RecorderStartFlag
00009e42     279 (00009e40)     FarlPtr

00009e80     27a (00009e80)     Recorder

00009f00     27c (00009f00)     RecorderProg

00009f5a     27d (00009f40)     SlaveSdoBuf

0000a224     288 (0000a200)     __TI_enable_exit_profile_output
0000a226     288 (0000a200)     __TI_cleanup_ptr
0000a228     288 (0000a200)     __TI_dtors_ptr
0000a22a     288 (0000a200)     _lock
0000a22c     288 (0000a200)     _unlock

0000c000     300 (0000c000)     RecorderBuffer

0000e000     380 (0000e000)     UartTxSwBuf

0000e042     381 (0000e040)     UartRxSwBuf

000811c8    2047 (000811c0)     ParTable

00081376    204d (00081340)     RecorderSigRaw

00081442    2051 (00081440)     CalibPtrTable

000814ea    2053 (000814c0)     ConfigTable

00081576    2055 (00081540)     ObjDictionaryItem

000815ee    2057 (000815c0)     HallTable
000815f6    2057 (000815c0)     N_ParTable
000815f7    2057 (000815c0)     N_CALIB_RECS
000815f8    2057 (000815c0)     nConfigPars
000815f9    2057 (000815c0)     NREC_SIG
000815fa    2057 (000815c0)     SizeofObjDict


GLOBAL SYMBOLS: SORTED ALPHABETICALLY BY Name 

page  address   name                              
----  -------   ----                              
0     00088244  ADC_setOffsetTrimAll              
0     000886e5  ADC_setVREF                       
0     000884e1  AbortSlaveSdo                     
0     000862d3  ActivateProgrammedRecorder        
0     00084000  AdcIsr                            
0     000869ac  AddSdo2Buf                        
0     00009e18  AddSdo2BufMsg                     
0     000846fa  AdvanceProfiler                   
0     00089271  BlockInts                         
0     0008821b  C$$EXIT                           
0     00088309  CLA_setTriggerSource              
0     00088455  CMPSS_configFilterHigh            
0     00088478  CMPSS_configFilterLow             
0     0008909d  CPUTimer_setEmulationMode         
0     00009940  Calib                             
0     000099c0  CalibProg                         
0     00081442  CalibPtrTable                     
0     00009980  CalibTmp                          
0     00009800  CanId                             
0     000852c9  CanSlave                          
0     00009880  CanSlaveInQueue                   
0     000098c0  CanSlaveOutQueue                  
0     00088845  CenterDiffPu                      
0     00088a5f  CheckAlign                        
0     00008422  CheckMotorReady                   
abs   00000060  Cla1ConstLoadSize                 
0     00082000  Cla1ConstLoadStart                
0     000090f0  Cla1ConstRunStart                 
abs   00000866  Cla1ProgLoadSize                  
0     00083000  Cla1ProgLoadStart                 
0     00008000  Cla1ProgRunStart                  
0     00008000  Cla1Task1                         
0     00008604  Cla1Task2                         
0     00008236  Cla1Task3                         
0     0000884e  Cla1Task8                         
0     00008774  ClaCheckMotorOn                   
0     00009040  ClaControlPars                    
0     00001500  ClaMailIn                         
0     00001480  ClaMailOut                        
0     00009000  ClaSimState                       
0     00009080  ClaState                          
0     0008883e  ClearMemRpt                       
0     0000982c  Commutation                       
0     000814ea  ConfigTable                       
0     00009900  ControlPars                       
0     00088837  CopyMemRpt                        
0     00088861  DMA_configAddresses               
0     00088ca5  DMA_configBurst                   
0     00086a53  DMA_configMode                    
0     00088b62  DMA_configTransfer                
0     00088703  DMA_configWrap                    
0     0008732e  DealCalibration                   
0     00089284  EmptyRecorderTrigger              
0     0000a10e  EraseSector                       
0     00086796  EstimateMessageTiming             
0     00089223  Example_Error                     
0     00088d6d  ExtendCnt                         
0     00089281  FMSTAT_Fail                       
0     00088525  FSI_clearRxModuleReset            
0     00088546  FSI_clearTxModuleReset            
0     00088c47  FSI_performRxInitialization       
0     00087f99  FSI_performTxInitialization       
0     00088721  FSI_resetRxModule                 
0     0008873f  FSI_resetTxModule                 
0     00009e28  Fapi_GlobalInit                   
0     000889f8  Fapi_WriteReadBack                
0     00087bed  Fapi_calculateEcc                 
0     00087ff3  Fapi_calculateFletcherChecksum    
0     00088e6f  Fapi_calculateOtpChecksum         
0     00088e02  Fapi_checkFsmForReady             
0     00086d79  Fapi_checkRegionForValue          
0     000874ba  Fapi_configureFMAC                
0     0008801f  Fapi_divideUnsignedLong           
0     00086c82  Fapi_doBlankCheck                 
0     00088d9a  Fapi_doVerify                     
0     00088799  Fapi_flushPipeline                
0     000891f2  Fapi_getFsmStatus                 
0     00087e15  Fapi_initializeAPI                
0     000883e9  Fapi_isAddressEcc                 
0     00087bb2  Fapi_isAddressValid               
0     000885a8  Fapi_issueAsyncCommand            
0     00086c02  Fapi_issueAsyncCommandWithAddress 
0     000876e8  Fapi_issueFsmCommand              
0     000849d2  Fapi_issueProgrammingCommand      
0     00086df3  Fapi_loopRegionForValue           
0     00089031  Fapi_scaleCycleValues             
0     00087c9b  Fapi_setActiveFlashBank           
0     00087e79  Fapi_setupBankSectorEnable        
0     0008887d  Fapi_setupSectorsForWrite         
0     00009e42  FarlPtr                           
0     00088f65  FlagRecorderTrigger               
0     00009808  FlashCalib                        
0     0000a144  Flash_initModule                  
0     0000980c  FsiRxState                        
0     000882bb  GPIO_setDirectionMode             
0     000878d8  GPIO_setPadConfig                 
0     00087cd2  GPIO_setPinConfig                 
0     0008804b  GPIO_setQualificationMode         
0     0000981c  GRefGenPars                       
0     00009852  Geom                              
0     00087d40  GetCalibCmd                       
0     0008609d  GetCommAnglePu                    
0     00087eaa  GetConfigPar                      
0     00087044  GetCurrentCmdForSpeedErr          
0     00088355  GetFloatPar                       
0     00086ae7  GetHallComm                       
0     0008903c  GetManufacturerSpecificCode       
0     00087691  GetMiscTest                       
0     00086cfe  GetMotionPar                      
0     00088077  GetObjIndex                       
0     00089275  GetOdSize                         
0     00087de1  GetParIndex                       
0     00084c3a  GetRecorder                       
0     00088cec  GetRecorderStat                   
0     00088177  GetSamplingTime                   
0     00087791  GetSignal                         
0     0008837a  GetSignalFlags                    
0     0008542f  GetSpeedCmdForPerr                
0     00088829  GetUnalignedFloat                 
0     00088829  GetUnalignedLong                  
0     00009814  HallDecode                        
0     000815ee  HallTable                         
0     0008583e  IdleCbit                          
0     000866d4  IdleLoop                          
0     00089229  ImmediateRecorderTrigger          
0     00085d2a  InitAppData                       
0     000861b8  InitControlParams                 
0     0008922f  InitFsiService                    
0     000891f9  InitHallModule                    
0     0008849b  InitLinService                    
0     0008928c  InitOverCurrentTholds             
0     00088c33  InitPVT                           
0     000870b7  InitPeripherals                   
0     00087b38  InitRecorder                      
0     000885c8  InitSystemTimer                   
0     00088c5a  InitTimeOuts                      
0     00087d09  Interrupt_enable                  
0     00087b75  Interrupt_initModule              
0     0008875d  Interrupt_initVectorTable         
0     000880a2  IsInRange                         
0     00088567  IsSysTimerElapse                  
0     0008839f  KillMotor                         
0     000871f8  LIN_initModule                    
0     00086fd0  LogException                      
0     000879ac  LogI2t                            
0     00009806  MasterBlaster                     
0     000881a0  MemCfg_setLSRAMMasterSel          
0     00088831  MemClr                            
0     000865ef  MotorOffSeq                       
0     00084e10  MotorOnSeq                        
0     000815f9  NREC_SIG                          
0     000815f7  N_CALIB_RECS                      
0     000815f6  N_ParTable                        
0     00089200  NoSuchGetObject                   
0     00089207  NoSuchSetObject                   
0     00081576  ObjDictionaryItem                 
0     00088dc7  PVNewMessageDriver                
0     00084fbe  PVNewMessageExec                  
0     000881c9  PVResetTraj                       
0     00085ad0  PVTRunTimeDriver                  
0     000811c8  ParTable                          
0     0000a193  PrepFlash4Burn                    
0     0000881e  ProcAnalogSamples                 
0     000891bd  ProcessIMUTransformation          
0     0000a060  ProgramPageAutoECC                
0     00087ab9  ProgramProfiler                   
0     00087fc6  Put2TxBuf                         
0     00087967  PutCanSlaveQueue                  
0     000811c4  RamfuncsLoadEnd                   
abs   000001c4  RamfuncsLoadSize                  
0     00081000  RamfuncsLoadStart                 
0     0000a224  RamfuncsRunEnd                    
abs   000001c4  RamfuncsRunSize                   
0     0000a060  RamfuncsRunStart                  
0     000877e3  ReadCalibFromFlash                
0     00009e80  Recorder                          
0     0000c000  RecorderBuffer                    
0     000885e8  RecorderDnFloatTrigger            
0     000888b5  RecorderDnLTrigger                
0     000888d0  RecorderDnLuTrigger               
0     000888eb  RecorderDnSTrigger                
0     00088906  RecorderDnSuTrigger               
0     00088608  RecorderEqFloatTrigger            
0     00088921  RecorderEqLTrigger                
0     0008893c  RecorderEqLuTrigger               
0     00088957  RecorderEqSTrigger                
0     00088899  RecorderEqSuTrigger               
0     00009f00  RecorderProg                      
0     00081376  RecorderSigRaw                    
0     00009e40  RecorderStartFlag                 
0     00088628  RecorderUpFloatTrigger            
0     00088972  RecorderUpLTrigger                
0     0008898d  RecorderUpLuTrigger               
0     000889a8  RecorderUpSTrigger                
0     000889c3  RecorderUpSuTrigger               
0     00085bfe  RefGen                            
0     0008826c  ResetConfigPars                   
0     00089279  ResetHardwareSysTimer             
0     0008773e  ResetProfiler                     
0     00088ea3  ResetSpeedController              
0     00089241  RestoreInts                       
0     00085e55  RtCanService                      
0     00087887  RtRecorder                        
0     00009803  RxGetPtr                          
0     00009801  RxPutPtr                          
0     0000980a  SdoMaxLenLongGlobal               
0     00085151  SetCalibCmd                       
0     0008840d  SetClaAllSw                       
0     00087391  SetConfigPar                      
0     000882e2  SetControlWord                    
0     00087920  SetFloatPar                       
0     00089247  SetHaltOptionCode                 
0     00088aa7  SetHomingMethod                   
0     00087c27  SetLoopClosureMode                
0     000856f2  SetMiscTest                       
0     0008684f  SetMotionPar                      
0     00089189  SetMotorOff                       
0     0008751b  SetMotorOn                        
0     0008718f  SetMsg2HW                         
0     00087639  SetOperationMode                  
0     0008924d  SetPdo1RxParam                    
0     00089253  SetPdo1TxParam                    
0     00089259  SetPdo2TxParam                    
0     000887b6  SetPositionTarget                 
0     0008925f  SetQuickStopOptionCode            
0     00085595  SetRecorder                       
0     000879f0  SetReferenceMode                  
0     000873f4  SetSignal                         
0     00089265  SetSyncArrivalTime                
0     0008832f  SetSysTimerTargetSec              
0     00087c61  SetSystemMode                     
0     000887d3  SetValueOnHoming                  
0     00085f7e  SetupADCs                         
0     00087edb  SetupFSI                          
0     00087457  SetupIsr                          
0     00087260  SetupPWM                          
0     00086b79  SetupPeripheralClks               
0     00086e6d  SetupPwmPacer                     
0     00087835  SetupTimers                       
0     000090f0  SinTable                          
0     00087a77  SingleCmpss                       
0     000815fa  SizeofObjDict                     
0     00009840  SlaveSdo                          
0     00009f5a  SlaveSdoBuf                       
0     00088688  SlaveSdoConfirmInitDload          
0     000881f2  SlaveSdoConfirmInitUploadExpedit  
0     00088648  SlaveSdoConfirmInitUploadSegmented
0     00086ee4  SlaveSdoUploadSegmented           
0     00087f0c  SpeedProfiler                     
0     00009e06  StamBuf                           
0     00087d76  StayInPlaceDriver                 
0     00087dac  StopProfiler                      
0     0008920e  SwitchMotionProfile               
0     0000a220  SysCtl_delay                      
0     000864f2  SysCtl_isPLLValid                 
0     00087e47  SysCtl_selectOscSource            
0     000880cd  SysCtl_selectXTAL                 
0     00088a12  SysCtl_selectXTALSingleEnded      
0     000863ea  SysCtl_setClock                   
0     00009b40  SysState                          
0     00009a00  SysTimerStr                       
0     00009824  TRefGenPars                       
0     000868ff  Timer0Interrupt                   
0     000886a7  TransmitTxBuf                     
0     00009804  TxGetPtr                          
0     00009e20  TxMsg                             
0     00009802  TxPutPtr                          
0     0000e042  UartRxSwBuf                       
0     0008757c  UartService                       
0     00009a80  UartSwBuf                         
0     0000e000  UartTxSwBuf                       
0     00088a2c  UpdateSysTimer                    
0     00089101  WaitUsec                          
0     00081648  __TI_CINIT_Base                   
0     00081664  __TI_CINIT_Limit                  
0     00081664  __TI_CINIT_Warm                   
0     0008162a  __TI_Handler_Table_Base           
0     00081630  __TI_Handler_Table_Limit          
0     00000500  __TI_STACK_END                    
abs   00000100  __TI_STACK_SIZE                   
0     000880f8  __TI_auto_init_nobinit_nopinit    
0     0000a226  __TI_cleanup_ptr                  
0     00087f6b  __TI_decompress_lzss              
0     000891cd  __TI_decompress_none              
0     0000a228  __TI_dtors_ptr                    
0     0000a224  __TI_enable_exit_profile_output   
abs   ffffffff  __TI_pprof_out_hndl               
abs   ffffffff  __TI_prof_data_size               
abs   ffffffff  __TI_prof_data_start              
0     0008926b  __TI_zero_init                    
0     0008877b  __c28xabi_cmpll                   
0     0008878d  __c28xabi_cmpull                  
0     00088123  __c28xabi_divl                    
0     00088140  __c28xabi_divul                   
0     000883c4  __c28xabi_ftoull                  
0     00088132  __c28xabi_modl                    
0     00088147  __c28xabi_modul                   
n/a   UNDEFED   __c_args__                        
0     00088ad7  __isnanf                          
0     0008919b  __relaxed_sqrtf                   
0     00000400  __stack                           
0     00088fa1  _args_main                        
0     00088b4b  _c_int00                          
0     0000a22a  _lock                             
0     000891ac  _nop                              
0     000891a8  _register_lock                    
0     000891a4  _register_unlock                  
0     0008928d  _system_post_cinit                
0     0008928a  _system_pre_init                  
0     0000a22c  _unlock                           
0     0008821b  abort                             
0     00009e2f  bcnt                              
0     00080000  code_start                        
0     0008821d  exit                              
0     00088de5  fSat                              
0     000886c6  fSatNanProt                       
0     00088b8e  fSign                             
0     00088503  initCLA                           
0     00087a34  initCLAMemory                     
0     00088668  main                              
0     000887f0  memcpy                            
0     0008921c  memset                            
0     000815f8  nConfigPars                       
0     00088e3a  pu2Short                          
0     00088431  setupCMPSSs                       
0     00086f5a  setupDMA                          
0     00088c80  setupEcap                         
0     00085989  setupGpio                         
0     0008814d  setupLin                          
0     000872c8  setupPwmParams                    
0     000875db  setupSync                         


GLOBAL SYMBOLS: SORTED BY Symbol Address 

page  address   name                              
----  -------   ----                              
0     00000400  __stack                           
0     00000500  __TI_STACK_END                    
0     00001480  ClaMailOut                        
0     00001500  ClaMailIn                         
0     00008000  Cla1ProgRunStart                  
0     00008000  Cla1Task1                         
0     00008236  Cla1Task3                         
0     00008422  CheckMotorReady                   
0     00008604  Cla1Task2                         
0     00008774  ClaCheckMotorOn                   
0     0000881e  ProcAnalogSamples                 
0     0000884e  Cla1Task8                         
0     00009000  ClaSimState                       
0     00009040  ClaControlPars                    
0     00009080  ClaState                          
0     000090f0  Cla1ConstRunStart                 
0     000090f0  SinTable                          
0     00009800  CanId                             
0     00009801  RxPutPtr                          
0     00009802  TxPutPtr                          
0     00009803  RxGetPtr                          
0     00009804  TxGetPtr                          
0     00009806  MasterBlaster                     
0     00009808  FlashCalib                        
0     0000980a  SdoMaxLenLongGlobal               
0     0000980c  FsiRxState                        
0     00009814  HallDecode                        
0     0000981c  GRefGenPars                       
0     00009824  TRefGenPars                       
0     0000982c  Commutation                       
0     00009840  SlaveSdo                          
0     00009852  Geom                              
0     00009880  CanSlaveInQueue                   
0     000098c0  CanSlaveOutQueue                  
0     00009900  ControlPars                       
0     00009940  Calib                             
0     00009980  CalibTmp                          
0     000099c0  CalibProg                         
0     00009a00  SysTimerStr                       
0     00009a80  UartSwBuf                         
0     00009b40  SysState                          
0     00009e06  StamBuf                           
0     00009e18  AddSdo2BufMsg                     
0     00009e20  TxMsg                             
0     00009e28  Fapi_GlobalInit                   
0     00009e2f  bcnt                              
0     00009e40  RecorderStartFlag                 
0     00009e42  FarlPtr                           
0     00009e80  Recorder                          
0     00009f00  RecorderProg                      
0     00009f5a  SlaveSdoBuf                       
0     0000a060  ProgramPageAutoECC                
0     0000a060  RamfuncsRunStart                  
0     0000a10e  EraseSector                       
0     0000a144  Flash_initModule                  
0     0000a193  PrepFlash4Burn                    
0     0000a220  SysCtl_delay                      
0     0000a224  RamfuncsRunEnd                    
0     0000a224  __TI_enable_exit_profile_output   
0     0000a226  __TI_cleanup_ptr                  
0     0000a228  __TI_dtors_ptr                    
0     0000a22a  _lock                             
0     0000a22c  _unlock                           
0     0000c000  RecorderBuffer                    
0     0000e000  UartTxSwBuf                       
0     0000e042  UartRxSwBuf                       
0     00080000  code_start                        
0     00081000  RamfuncsLoadStart                 
0     000811c4  RamfuncsLoadEnd                   
0     000811c8  ParTable                          
0     00081376  RecorderSigRaw                    
0     00081442  CalibPtrTable                     
0     000814ea  ConfigTable                       
0     00081576  ObjDictionaryItem                 
0     000815ee  HallTable                         
0     000815f6  N_ParTable                        
0     000815f7  N_CALIB_RECS                      
0     000815f8  nConfigPars                       
0     000815f9  NREC_SIG                          
0     000815fa  SizeofObjDict                     
0     0008162a  __TI_Handler_Table_Base           
0     00081630  __TI_Handler_Table_Limit          
0     00081648  __TI_CINIT_Base                   
0     00081664  __TI_CINIT_Limit                  
0     00081664  __TI_CINIT_Warm                   
0     00082000  Cla1ConstLoadStart                
0     00083000  Cla1ProgLoadStart                 
0     00084000  AdcIsr                            
0     000846fa  AdvanceProfiler                   
0     000849d2  Fapi_issueProgrammingCommand      
0     00084c3a  GetRecorder                       
0     00084e10  MotorOnSeq                        
0     00084fbe  PVNewMessageExec                  
0     00085151  SetCalibCmd                       
0     000852c9  CanSlave                          
0     0008542f  GetSpeedCmdForPerr                
0     00085595  SetRecorder                       
0     000856f2  SetMiscTest                       
0     0008583e  IdleCbit                          
0     00085989  setupGpio                         
0     00085ad0  PVTRunTimeDriver                  
0     00085bfe  RefGen                            
0     00085d2a  InitAppData                       
0     00085e55  RtCanService                      
0     00085f7e  SetupADCs                         
0     0008609d  GetCommAnglePu                    
0     000861b8  InitControlParams                 
0     000862d3  ActivateProgrammedRecorder        
0     000863ea  SysCtl_setClock                   
0     000864f2  SysCtl_isPLLValid                 
0     000865ef  MotorOffSeq                       
0     000866d4  IdleLoop                          
0     00086796  EstimateMessageTiming             
0     0008684f  SetMotionPar                      
0     000868ff  Timer0Interrupt                   
0     000869ac  AddSdo2Buf                        
0     00086a53  DMA_configMode                    
0     00086ae7  GetHallComm                       
0     00086b79  SetupPeripheralClks               
0     00086c02  Fapi_issueAsyncCommandWithAddress 
0     00086c82  Fapi_doBlankCheck                 
0     00086cfe  GetMotionPar                      
0     00086d79  Fapi_checkRegionForValue          
0     00086df3  Fapi_loopRegionForValue           
0     00086e6d  SetupPwmPacer                     
0     00086ee4  SlaveSdoUploadSegmented           
0     00086f5a  setupDMA                          
0     00086fd0  LogException                      
0     00087044  GetCurrentCmdForSpeedErr          
0     000870b7  InitPeripherals                   
0     0008718f  SetMsg2HW                         
0     000871f8  LIN_initModule                    
0     00087260  SetupPWM                          
0     000872c8  setupPwmParams                    
0     0008732e  DealCalibration                   
0     00087391  SetConfigPar                      
0     000873f4  SetSignal                         
0     00087457  SetupIsr                          
0     000874ba  Fapi_configureFMAC                
0     0008751b  SetMotorOn                        
0     0008757c  UartService                       
0     000875db  setupSync                         
0     00087639  SetOperationMode                  
0     00087691  GetMiscTest                       
0     000876e8  Fapi_issueFsmCommand              
0     0008773e  ResetProfiler                     
0     00087791  GetSignal                         
0     000877e3  ReadCalibFromFlash                
0     00087835  SetupTimers                       
0     00087887  RtRecorder                        
0     000878d8  GPIO_setPadConfig                 
0     00087920  SetFloatPar                       
0     00087967  PutCanSlaveQueue                  
0     000879ac  LogI2t                            
0     000879f0  SetReferenceMode                  
0     00087a34  initCLAMemory                     
0     00087a77  SingleCmpss                       
0     00087ab9  ProgramProfiler                   
0     00087b38  InitRecorder                      
0     00087b75  Interrupt_initModule              
0     00087bb2  Fapi_isAddressValid               
0     00087bed  Fapi_calculateEcc                 
0     00087c27  SetLoopClosureMode                
0     00087c61  SetSystemMode                     
0     00087c9b  Fapi_setActiveFlashBank           
0     00087cd2  GPIO_setPinConfig                 
0     00087d09  Interrupt_enable                  
0     00087d40  GetCalibCmd                       
0     00087d76  StayInPlaceDriver                 
0     00087dac  StopProfiler                      
0     00087de1  GetParIndex                       
0     00087e15  Fapi_initializeAPI                
0     00087e47  SysCtl_selectOscSource            
0     00087e79  Fapi_setupBankSectorEnable        
0     00087eaa  GetConfigPar                      
0     00087edb  SetupFSI                          
0     00087f0c  SpeedProfiler                     
0     00087f6b  __TI_decompress_lzss              
0     00087f99  FSI_performTxInitialization       
0     00087fc6  Put2TxBuf                         
0     00087ff3  Fapi_calculateFletcherChecksum    
0     0008801f  Fapi_divideUnsignedLong           
0     0008804b  GPIO_setQualificationMode         
0     00088077  GetObjIndex                       
0     000880a2  IsInRange                         
0     000880cd  SysCtl_selectXTAL                 
0     000880f8  __TI_auto_init_nobinit_nopinit    
0     00088123  __c28xabi_divl                    
0     00088132  __c28xabi_modl                    
0     00088140  __c28xabi_divul                   
0     00088147  __c28xabi_modul                   
0     0008814d  setupLin                          
0     00088177  GetSamplingTime                   
0     000881a0  MemCfg_setLSRAMMasterSel          
0     000881c9  PVResetTraj                       
0     000881f2  SlaveSdoConfirmInitUploadExpedit  
0     0008821b  C$$EXIT                           
0     0008821b  abort                             
0     0008821d  exit                              
0     00088244  ADC_setOffsetTrimAll              
0     0008826c  ResetConfigPars                   
0     000882bb  GPIO_setDirectionMode             
0     000882e2  SetControlWord                    
0     00088309  CLA_setTriggerSource              
0     0008832f  SetSysTimerTargetSec              
0     00088355  GetFloatPar                       
0     0008837a  GetSignalFlags                    
0     0008839f  KillMotor                         
0     000883c4  __c28xabi_ftoull                  
0     000883e9  Fapi_isAddressEcc                 
0     0008840d  SetClaAllSw                       
0     00088431  setupCMPSSs                       
0     00088455  CMPSS_configFilterHigh            
0     00088478  CMPSS_configFilterLow             
0     0008849b  InitLinService                    
0     000884e1  AbortSlaveSdo                     
0     00088503  initCLA                           
0     00088525  FSI_clearRxModuleReset            
0     00088546  FSI_clearTxModuleReset            
0     00088567  IsSysTimerElapse                  
0     000885a8  Fapi_issueAsyncCommand            
0     000885c8  InitSystemTimer                   
0     000885e8  RecorderDnFloatTrigger            
0     00088608  RecorderEqFloatTrigger            
0     00088628  RecorderUpFloatTrigger            
0     00088648  SlaveSdoConfirmInitUploadSegmented
0     00088668  main                              
0     00088688  SlaveSdoConfirmInitDload          
0     000886a7  TransmitTxBuf                     
0     000886c6  fSatNanProt                       
0     000886e5  ADC_setVREF                       
0     00088703  DMA_configWrap                    
0     00088721  FSI_resetRxModule                 
0     0008873f  FSI_resetTxModule                 
0     0008875d  Interrupt_initVectorTable         
0     0008877b  __c28xabi_cmpll                   
0     0008878d  __c28xabi_cmpull                  
0     00088799  Fapi_flushPipeline                
0     000887b6  SetPositionTarget                 
0     000887d3  SetValueOnHoming                  
0     000887f0  memcpy                            
0     00088829  GetUnalignedFloat                 
0     00088829  GetUnalignedLong                  
0     00088831  MemClr                            
0     00088837  CopyMemRpt                        
0     0008883e  ClearMemRpt                       
0     00088845  CenterDiffPu                      
0     00088861  DMA_configAddresses               
0     0008887d  Fapi_setupSectorsForWrite         
0     00088899  RecorderEqSuTrigger               
0     000888b5  RecorderDnLTrigger                
0     000888d0  RecorderDnLuTrigger               
0     000888eb  RecorderDnSTrigger                
0     00088906  RecorderDnSuTrigger               
0     00088921  RecorderEqLTrigger                
0     0008893c  RecorderEqLuTrigger               
0     00088957  RecorderEqSTrigger                
0     00088972  RecorderUpLTrigger                
0     0008898d  RecorderUpLuTrigger               
0     000889a8  RecorderUpSTrigger                
0     000889c3  RecorderUpSuTrigger               
0     000889f8  Fapi_WriteReadBack                
0     00088a12  SysCtl_selectXTALSingleEnded      
0     00088a2c  UpdateSysTimer                    
0     00088a5f  CheckAlign                        
0     00088aa7  SetHomingMethod                   
0     00088ad7  __isnanf                          
0     00088b4b  _c_int00                          
0     00088b62  DMA_configTransfer                
0     00088b8e  fSign                             
0     00088c33  InitPVT                           
0     00088c47  FSI_performRxInitialization       
0     00088c5a  InitTimeOuts                      
0     00088c80  setupEcap                         
0     00088ca5  DMA_configBurst                   
0     00088cec  GetRecorderStat                   
0     00088d6d  ExtendCnt                         
0     00088d9a  Fapi_doVerify                     
0     00088dc7  PVNewMessageDriver                
0     00088de5  fSat                              
0     00088e02  Fapi_checkFsmForReady             
0     00088e3a  pu2Short                          
0     00088e6f  Fapi_calculateOtpChecksum         
0     00088ea3  ResetSpeedController              
0     00088f65  FlagRecorderTrigger               
0     00088fa1  _args_main                        
0     00089031  Fapi_scaleCycleValues             
0     0008903c  GetManufacturerSpecificCode       
0     0008909d  CPUTimer_setEmulationMode         
0     00089101  WaitUsec                          
0     00089189  SetMotorOff                       
0     0008919b  __relaxed_sqrtf                   
0     000891a4  _register_unlock                  
0     000891a8  _register_lock                    
0     000891ac  _nop                              
0     000891bd  ProcessIMUTransformation          
0     000891cd  __TI_decompress_none              
0     000891f2  Fapi_getFsmStatus                 
0     000891f9  InitHallModule                    
0     00089200  NoSuchGetObject                   
0     00089207  NoSuchSetObject                   
0     0008920e  SwitchMotionProfile               
0     0008921c  memset                            
0     00089223  Example_Error                     
0     00089229  ImmediateRecorderTrigger          
0     0008922f  InitFsiService                    
0     00089241  RestoreInts                       
0     00089247  SetHaltOptionCode                 
0     0008924d  SetPdo1RxParam                    
0     00089253  SetPdo1TxParam                    
0     00089259  SetPdo2TxParam                    
0     0008925f  SetQuickStopOptionCode            
0     00089265  SetSyncArrivalTime                
0     0008926b  __TI_zero_init                    
0     00089271  BlockInts                         
0     00089275  GetOdSize                         
0     00089279  ResetHardwareSysTimer             
0     00089281  FMSTAT_Fail                       
0     00089284  EmptyRecorderTrigger              
0     0008928a  _system_pre_init                  
0     0008928c  InitOverCurrentTholds             
0     0008928d  _system_post_cinit                
abs   00000060  Cla1ConstLoadSize                 
abs   00000100  __TI_STACK_SIZE                   
abs   000001c4  RamfuncsLoadSize                  
abs   000001c4  RamfuncsRunSize                   
abs   00000866  Cla1ProgLoadSize                  
abs   ffffffff  __TI_pprof_out_hndl               
abs   ffffffff  __TI_prof_data_size               
abs   ffffffff  __TI_prof_data_start              
n/a   UNDEFED   __c_args__                        

[331 symbols]
